Component: ARM Compiler 5.06 update 7 (build 960) Tool: armlink [4d3601]

==============================================================================

Section Cross References

    main.o(i.HAL_TIM_IC_CaptureCallback) refers to hall.o(i.updateState) for updateState
    main.o(i.HAL_UART_RxCpltCallback) refers to stm32f1xx_hal_uart.o(i.HAL_UART_Receive_IT) for HAL_UART_Receive_IT
    main.o(i.HAL_UART_RxCpltCallback) refers to main.o(.data) for .data
    main.o(i.HAL_UART_RxCpltCallback) refers to main.o(.bss) for .bss
    main.o(i.HAL_UART_RxCpltCallback) refers to usart.o(.bss) for huart2
    main.o(i.SystemClock_Config) refers to rt_memclr_w.o(.text) for __aeabi_memclr4
    main.o(i.SystemClock_Config) refers to stm32f1xx_hal_rcc.o(i.HAL_RCC_OscConfig) for HAL_RCC_OscConfig
    main.o(i.SystemClock_Config) refers to stm32f1xx_hal_rcc.o(i.HAL_RCC_ClockConfig) for HAL_RCC_ClockConfig
    main.o(i.commander_run) refers to _printf_percent.o(.ARM.Collect$$_printf_percent$$00000000) for _printf_percent
    main.o(i.commander_run) refers to _printf_f.o(.ARM.Collect$$_printf_percent$$00000003) for _printf_f
    main.o(i.commander_run) refers to printf1.o(x$fpl$printf1) for _printf_fp_dec
    main.o(i.commander_run) refers to noretval__2printf.o(.text) for __2printf
    main.o(i.commander_run) refers to atof.o(i.atof) for atof
    main.o(i.commander_run) refers to d2f.o(x$fpl$d2f) for __aeabi_d2f
    main.o(i.commander_run) refers to f2d.o(x$fpl$f2d) for __aeabi_f2d
    main.o(i.commander_run) refers to main.o(.data) for .data
    main.o(i.commander_run) refers to main.o(.bss) for .bss
    main.o(i.main) refers to stm32f1xx_hal.o(i.HAL_Init) for HAL_Init
    main.o(i.main) refers to main.o(i.SystemClock_Config) for SystemClock_Config
    main.o(i.main) refers to gpio.o(i.MX_GPIO_Init) for MX_GPIO_Init
    main.o(i.main) refers to tim.o(i.MX_TIM1_Init) for MX_TIM1_Init
    main.o(i.main) refers to tim.o(i.MX_TIM2_Init) for MX_TIM2_Init
    main.o(i.main) refers to usart.o(i.MX_USART2_UART_Init) for MX_USART2_UART_Init
    main.o(i.main) refers to stm32f1xx_hal_tim.o(i.HAL_TIM_PWM_Start) for HAL_TIM_PWM_Start
    main.o(i.main) refers to stm32f1xx_hal_gpio.o(i.HAL_GPIO_WritePin) for HAL_GPIO_WritePin
    main.o(i.main) refers to stm32f1xx_hal_uart.o(i.HAL_UART_Receive_IT) for HAL_UART_Receive_IT
    main.o(i.main) refers to stm32f1xx_hal_tim.o(i.HAL_TIM_SlaveConfigSynchro) for HAL_TIM_SlaveConfigSynchro
    main.o(i.main) refers to stm32f1xx_hal_tim.o(i.HAL_TIM_Base_Start_IT) for HAL_TIM_Base_Start_IT
    main.o(i.main) refers to stm32f1xx_hal_tim.o(i.HAL_TIM_IC_Start_IT) for HAL_TIM_IC_Start_IT
    main.o(i.main) refers to pid.o(i.PID_init) for PID_init
    main.o(i.main) refers to noretval__2printf.o(.text) for __2printf
    main.o(i.main) refers to bldcmotor.o(i.move) for move
    main.o(i.main) refers to bldcmotor.o(i.loopFOC) for loopFOC
    main.o(i.main) refers to main.o(i.commander_run) for commander_run
    main.o(i.main) refers to bldcmotor.o(.data) for voltage_power_supply
    main.o(i.main) refers to bldcmotor.o(.data) for voltage_sensor_align
    main.o(i.main) refers to focmotor.o(.data) for torque_controller
    main.o(i.main) refers to focmotor.o(.data) for controller
    main.o(i.main) refers to tim.o(.bss) for htim1
    main.o(i.main) refers to main.o(.bss) for .bss
    main.o(i.main) refers to usart.o(.bss) for huart2
    main.o(i.main) refers to main.o(.data) for .data
    gpio.o(i.MX_GPIO_Init) refers to stm32f1xx_hal_gpio.o(i.HAL_GPIO_WritePin) for HAL_GPIO_WritePin
    gpio.o(i.MX_GPIO_Init) refers to stm32f1xx_hal_gpio.o(i.HAL_GPIO_Init) for HAL_GPIO_Init
    tim.o(i.HAL_TIM_Base_MspDeInit) refers to stm32f1xx_hal_gpio.o(i.HAL_GPIO_DeInit) for HAL_GPIO_DeInit
    tim.o(i.HAL_TIM_Base_MspDeInit) refers to stm32f1xx_hal_cortex.o(i.HAL_NVIC_DisableIRQ) for HAL_NVIC_DisableIRQ
    tim.o(i.HAL_TIM_Base_MspInit) refers to stm32f1xx_hal_gpio.o(i.HAL_GPIO_Init) for HAL_GPIO_Init
    tim.o(i.HAL_TIM_Base_MspInit) refers to stm32f1xx_hal_cortex.o(i.HAL_NVIC_SetPriority) for HAL_NVIC_SetPriority
    tim.o(i.HAL_TIM_Base_MspInit) refers to stm32f1xx_hal_cortex.o(i.HAL_NVIC_EnableIRQ) for HAL_NVIC_EnableIRQ
    tim.o(i.HAL_TIM_MspPostInit) refers to stm32f1xx_hal_gpio.o(i.HAL_GPIO_Init) for HAL_GPIO_Init
    tim.o(i.MX_TIM1_Init) refers to rt_memclr_w.o(.text) for __aeabi_memclr4
    tim.o(i.MX_TIM1_Init) refers to stm32f1xx_hal_tim.o(i.HAL_TIM_Base_Init) for HAL_TIM_Base_Init
    tim.o(i.MX_TIM1_Init) refers to main.o(i.Error_Handler) for Error_Handler
    tim.o(i.MX_TIM1_Init) refers to stm32f1xx_hal_tim.o(i.HAL_TIM_ConfigClockSource) for HAL_TIM_ConfigClockSource
    tim.o(i.MX_TIM1_Init) refers to stm32f1xx_hal_tim.o(i.HAL_TIM_PWM_Init) for HAL_TIM_PWM_Init
    tim.o(i.MX_TIM1_Init) refers to stm32f1xx_hal_tim_ex.o(i.HAL_TIMEx_MasterConfigSynchronization) for HAL_TIMEx_MasterConfigSynchronization
[...]
    index                                    0x20000002   Data           2  main.o(.data)
    .data                                    0x20000008   Section        4  usart.o(.data)
    .data                                    0x2000000c   Section       12  stm32f1xx_hal.o(.data)
    .data                                    0x20000018   Section        4  system_stm32f1xx.o(.data)
    .data                                    0x2000001c   Section       28  hall.o(.data)
    old_direction                            0x20000024   Data           4  hall.o(.data)
    .data                                    0x20000038   Section        4  focmotor.o(.data)
    .data                                    0x2000003c   Section        4  focmotor.o(.data)
    .data                                    0x20000040   Section        4  focmotor.o(.data)
    .data                                    0x20000044   Section        4  focmotor.o(.data)
    .data                                    0x20000048   Section        4  focmotor.o(.data)
    .data                                    0x2000004c   Section        4  focmotor.o(.data)
    .data                                    0x20000050   Section        8  focmotor.o(.data)
    .data                                    0x20000058   Section        1  focmotor.o(.data)
    .data                                    0x20000059   Section        1  focmotor.o(.data)
    .data                                    0x2000005c   Section       24  bldcmotor.o(.data)
    .data                                    0x20000074   Section        4  bldcmotor.o(.data)
    .data                                    0x20000078   Section       48  pid.o(.data)
    .bss                                     0x200000a8   Section       32  main.o(.bss)
    .bss                                     0x200000c8   Section      144  tim.o(.bss)
    .bss                                     0x20000158   Section       72  usart.o(.bss)
    .bss                                     0x200001a0   Section       96  libspace.o(.bss)
    HEAP                                     0x20000200   Section      512  startup_stm32f10x_md.o(HEAP)
    Heap_Mem                                 0x20000200   Data         512  startup_stm32f10x_md.o(HEAP)
    STACK                                    0x20000400   Section     1024  startup_stm32f10x_md.o(STACK)
    Stack_Mem                                0x20000400   Data        1024  startup_stm32f10x_md.o(STACK)
    __initial_sp                             0x20000800   Data           0  startup_stm32f10x_md.o(STACK)

    Global Symbols

    Symbol Name                              Value     Ov Type        Size  Object(Section)

    BuildAttributes$$THM_ISAv4$P$D$K$B$S$PE$A:L22UL41UL21$X:L11$S22US41US21$IEEE1$IW$USESV6$~STKCKD$USESV7$~SHL$OTIME$ROPI$IEEEX$EBA8$UX$STANDARDLIB$REQ8$PRES8$EABIv2 0x00000000   Number         0  anon$$obj.o ABSOLUTE
    __ARM_use_no_argv                        0x00000000   Number         0  main.o ABSOLUTE
    _printf_flags                            0x00000000   Number         0  printf_stubs.o ABSOLUTE
    _printf_return_value                     0x00000000   Number         0  printf_stubs.o ABSOLUTE
    _printf_sizespec                         0x00000000   Number         0  printf_stubs.o ABSOLUTE
    _printf_widthprec                        0x00000000   Number         0  printf_stubs.o ABSOLUTE
    __ARM_exceptions_init                     - Undefined Weak Reference
    __alloca_initialize                       - Undefined Weak Reference
    __arm_fini_                               - Undefined Weak Reference
    __arm_preinit_                            - Undefined Weak Reference
    __cpp_initialize__aeabi_                  - Undefined Weak Reference
    __cxa_finalize                            - Undefined Weak Reference
    __sigvec_lookup                           - Undefined Weak Reference
    _atexit_init                              - Undefined Weak Reference
    _call_atexit_fns                          - Undefined Weak Reference
    _clock_init                               - Undefined Weak Reference
    _fp_trap_init                             - Undefined Weak Reference
    _fp_trap_shutdown                         - Undefined Weak Reference
    _get_lc_collate                           - Undefined Weak Reference
    _get_lc_monetary                          - Undefined Weak Reference
    _get_lc_time                              - Undefined Weak Reference
    _getenv_init                              - Undefined Weak Reference
    _handle_redirection                       - Undefined Weak Reference
    _init_alloc                               - Undefined Weak Reference
    _init_user_alloc                          - Undefined Weak Reference
    _initio                                   - Undefined Weak Reference
    _mutex_acquire                            - Undefined Weak Reference
    _mutex_release                            - Undefined Weak Reference
    _printf_post_padding                      - Undefined Weak Reference
    _printf_pre_padding                       - Undefined Weak Reference
    _rand_init                                - Undefined Weak Reference
    _signal_finish                            - Undefined Weak Reference
    _signal_init                              - Undefined Weak Reference
    _terminate_alloc                          - Undefined Weak Reference
    _terminate_user_alloc                     - Undefined Weak Reference
    _terminateio                              - Undefined Weak Reference
    __Vectors_Size                           0x000000ec   Number         0  startup_stm32f10x_md.o ABSOLUTE
    __Vectors                                0x08000000   Data           4  startup_stm32f10x_md.o(RESET)
    __Vectors_End                            0x080000ec   Data           0  startup_stm32f10x_md.o(RESET)
    __main                                   0x080000ed   Thumb Code     8  __main.o(!!!main)
    __scatterload                            0x080000f5   Thumb Code     0  __scatter.o(!!!scatter)
    __scatterload_rt2                        0x080000f5   Thumb Code    44  __scatter.o(!!!scatter)
    __scatterload_rt2_thumb_only             0x080000f5   Thumb Code     0  __scatter.o(!!!scatter)
    __scatterload_null                       0x08000103   Thumb Code     0  __scatter.o(!!!scatter)
    __scatterload_copy                       0x08000129   Thumb Code    26  __scatter_copy.o(!!handler_copy)
    __scatterload_zeroinit                   0x08000145   Thumb Code    28  __scatter_zi.o(!!handler_zi)
    _printf_f                                0x08000161   Thumb Code     0  _printf_f.o(.ARM.Collect$$_printf_percent$$00000003)
    _printf_percent                          0x08000161   Thumb Code     0  _printf_percent.o(.ARM.Collect$$_printf_percent$$00000000)
    _printf_percent_end                      0x08000167   Thumb Code     0  _printf_percent_end.o(.ARM.Collect$$_printf_percent$$00000017)
    __rt_lib_init                            0x0800016b   Thumb Code     0  libinit.o(.ARM.Collect$$libinit$$00000000)
    __rt_lib_init_fp_1                       0x0800016d   Thumb Code     0  libinit2.o(.ARM.Collect$$libinit$$00000002)
    __rt_lib_init_heap_1                     0x0800016d   Thumb Code     0  libinit2.o(.ARM.Collect$$libinit$$0000000A)
    __rt_lib_init_lc_common                  0x0800016d   Thumb Code     0  libinit2.o(.ARM.Collect$$libinit$$0000000F)
    __rt_lib_init_preinit_1                  0x0800016d   Thumb Code     0  libinit2.o(.ARM.Collect$$libinit$$00000004)
    __rt_lib_init_rand_1                     0x0800016d   Thumb Code     0  libinit2.o(.ARM.Collect$$libinit$$0000000E)
    __rt_lib_init_user_alloc_1               0x0800016d   Thumb Code     0  libinit2.o(.ARM.Collect$$libinit$$0000000C)
    __rt_lib_init_lc_collate_1               0x08000173   Thumb Code     0  libinit2.o(.ARM.Collect$$libinit$$00000011)
    __rt_lib_init_lc_ctype_2                 0x08000173   Thumb Code     0  libinit2.o(.ARM.Collect$$libinit$$00000012)
    __rt_lib_init_lc_ctype_1                 0x0800017f   Thumb Code     0  libinit2.o(.ARM.Collect$$libinit$$00000013)
    __rt_lib_init_lc_monetary_1              0x0800017f   Thumb Code     0  libinit2.o(.ARM.Collect$$libinit$$00000015)
    __rt_lib_init_lc_numeric_2               0x0800017f   Thumb Code     0  libinit2.o(.ARM.Collect$$libinit$$00000016)
    __rt_lib_init_alloca_1                   0x08000189   Thumb Code     0  libinit2.o(.ARM.Collect$$libinit$$0000002E)
    __rt_lib_init_argv_1                     0x08000189   Thumb Code     0  libinit2.o(.ARM.Collect$$libinit$$0000002C)
    __rt_lib_init_atexit_1                   0x08000189   Thumb Code     0  libinit2.o(.ARM.Collect$$libinit$$0000001B)
    __rt_lib_init_clock_1                    0x08000189   Thumb Code     0  libinit2.o(.ARM.Collect$$libinit$$00000021)
    __rt_lib_init_cpp_1                      0x08000189   Thumb Code     0  libinit2.o(.ARM.Collect$$libinit$$00000032)
    __rt_lib_init_exceptions_1               0x08000189   Thumb Code     0  libinit2.o(.ARM.Collect$$libinit$$00000030)
    __rt_lib_init_fp_trap_1                  0x08000189   Thumb Code     0  libinit2.o(.ARM.Collect$$libinit$$0000001F)
    __rt_lib_init_getenv_1                   0x08000189   Thumb Code     0  libinit2.o(.ARM.Collect$$libinit$$00000023)
    __rt_lib_init_lc_numeric_1               0x08000189   Thumb Code     0  libinit2.o(.ARM.Collect$$libinit$$00000017)
    __rt_lib_init_lc_time_1                  0x08000189   Thumb Code     0  libinit2.o(.ARM.Collect$$libinit$$00000019)
    __rt_lib_init_return                     0x08000189   Thumb Code     0  libinit2.o(.ARM.Collect$$libinit$$00000033)
    __rt_lib_init_signal_1                   0x08000189   Thumb Code     0  libinit2.o(.ARM.Collect$$libinit$$0000001D)
    __rt_lib_init_stdio_1                    0x08000189   Thumb Code     0  libinit2.o(.ARM.Collect$$libinit$$00000025)
    __rt_lib_shutdown                        0x0800018b   Thumb Code     0  libshutdown.o(.ARM.Collect$$libshutdown$$00000000)
    __rt_lib_shutdown_cpp_1                  0x0800018d   Thumb Code     0  libshutdown2.o(.ARM.Collect$$libshutdown$$00000004)
    __rt_lib_shutdown_fini_1                 0x0800018d   Thumb Code     0  libshutdown2.o(.ARM.Collect$$libshutdown$$00000002)
    __rt_lib_shutdown_fp_trap_1              0x0800018d   Thumb Code     0  libshutdown2.o(.ARM.Collect$$libshutdown$$00000009)
    __rt_lib_shutdown_heap_1                 0x0800018d   Thumb Code     0  libshutdown2.o(.ARM.Collect$$libshutdown$$00000011)
    __rt_lib_shutdown_return                 0x0800018d   Thumb Code     0  libshutdown2.o(.ARM.Collect$$libshutdown$$00000012)
    __rt_lib_shutdown_signal_1               0x0800018d   Thumb Code     0  libshutdown2.o(.ARM.Collect$$libshutdown$$0000000C)
    __rt_lib_shutdown_stdio_1                0x0800018d   Thumb Code     0  libshutdown2.o(.ARM.Collect$$libshutdown$$00000006)
    __rt_lib_shutdown_user_alloc_1           0x0800018d   Thumb Code     0  libshutdown2.o(.ARM.Collect$$libshutdown$$0000000E)
    __rt_entry                               0x0800018f   Thumb Code     0  __rtentry.o(.ARM.Collect$$rtentry$$00000000)
    __rt_entry_presh_1                       0x0800018f   Thumb Code     0  __rtentry2.o(.ARM.Collect$$rtentry$$00000002)
    __rt_entry_sh                            0x0800018f   Thumb Code     0  __rtentry4.o(.ARM.Collect$$rtentry$$00000004)
    __rt_entry_li                            0x08000195   Thumb Code     0  __rtentry2.o(.ARM.Collect$$rtentry$$0000000A)
    __rt_entry_postsh_1                      0x08000195   Thumb Code     0  __rtentry2.o(.ARM.Collect$$rtentry$$00000009)
    __rt_entry_main                          0x08000199   Thumb Code     0  __rtentry2.o(.ARM.Collect$$rtentry$$0000000D)
    __rt_entry_postli_1                      0x08000199   Thumb Code     0  __rtentry2.o(.ARM.Collect$$rtentry$$0000000C)
    __rt_exit                                0x080001a1   Thumb Code     0  rtexit.o(.ARM.Collect$$rtexit$$00000000)
    __rt_exit_ls                             0x080001a3   Thumb Code     0  rtexit2.o(.ARM.Collect$$rtexit$$00000003)
    __rt_exit_prels_1                        0x080001a3   Thumb Code     0  rtexit2.o(.ARM.Collect$$rtexit$$00000002)
    __rt_exit_exit                           0x080001a7   Thumb Code     0  rtexit2.o(.ARM.Collect$$rtexit$$00000004)
    Reset_Handler                            0x080001ad   Thumb Code     4  startup_stm32f10x_md.o(.text)
    ADC1_2_IRQHandler                        0x080001c3   Thumb Code     0  startup_stm32f10x_md.o(.text)
    CAN1_RX1_IRQHandler                      0x080001c3   Thumb Code     0  startup_stm32f10x_md.o(.text)
    CAN1_SCE_IRQHandler                      0x080001c3   Thumb Code     0  startup_stm32f10x_md.o(.text)
    DMA1_Channel1_IRQHandler                 0x080001c3   Thumb Code     0  startup_stm32f10x_md.o(.text)
    DMA1_Channel2_IRQHandler                 0x080001c3   Thumb Code     0  startup_stm32f10x_md.o(.text)
    DMA1_Channel3_IRQHandler                 0x080001c3   Thumb Code     0  startup_stm32f10x_md.o(.text)
    DMA1_Channel4_IRQHandler                 0x080001c3   Thumb Code     0  startup_stm32f10x_md.o(.text)
    DMA1_Channel5_IRQHandler                 0x080001c3   Thumb Code     0  startup_stm32f10x_md.o(.text)
    DMA1_Channel6_IRQHandler                 0x080001c3   Thumb Code     0  startup_stm32f10x_md.o(.text)
    DMA1_Channel7_IRQHandler                 0x080001c3   Thumb Code     0  startup_stm32f10x_md.o(.text)
    EXTI0_IRQHandler                         0x080001c3   Thumb Code     0  startup_stm32f10x_md.o(.text)
    EXTI15_10_IRQHandler                     0x080001c3   Thumb Code     0  startup_stm32f10x_md.o(.text)
    EXTI1_IRQHandler                         0x080001c3   Thumb Code     0  startup_stm32f10x_md.o(.text)
    EXTI2_IRQHandler                         0x080001c3   Thumb Code     0  startup_stm32f10x_md.o(.text)
    EXTI3_IRQHandler                         0x080001c3   Thumb Code     0  startup_stm32f10x_md.o(.text)
    EXTI4_IRQHandler                         0x080001c3   Thumb Code     0  startup_stm32f10x_md.o(.text)
    EXTI9_5_IRQHandler                       0x080001c3   Thumb Code     0  startup_stm32f10x_md.o(.text)
    FLASH_IRQHandler                         0x080001c3   Thumb Code     0  startup_stm32f10x_md.o(.text)
    I2C1_ER_IRQHandler                       0x080001c3   Thumb Code     0  startup_stm32f10x_md.o(.text)
    I2C1_EV_IRQHandler                       0x080001c3   Thumb Code     0  startup_stm32f10x_md.o(.text)
    I2C2_ER_IRQHandler                       0x080001c3   Thumb Code     0  startup_stm32f10x_md.o(.text)
    I2C2_EV_IRQHandler                       0x080001c3   Thumb Code     0  startup_stm32f10x_md.o(.text)
    PVD_IRQHandler                           0x080001c3   Thumb Code     0  startup_stm32f10x_md.o(.text)
    RCC_IRQHandler                           0x080001c3   Thumb Code     0  startup_stm32f10x_md.o(.text)
    RTCAlarm_IRQHandler                      0x080001c3   Thumb Code     0  startup_stm32f10x_md.o(.text)
    RTC_IRQHandler                           0x080001c3   Thumb Code     0  startup_stm32f10x_md.o(.text)
    SPI1_IRQHandler                          0x080001c3   Thumb Code     0  startup_stm32f10x_md.o(.text)
    SPI2_IRQHandler                          0x080001c3   Thumb Code     0  startup_stm32f10x_md.o(.text)
    TAMPER_IRQHandler                        0x080001c3   Thumb Code     0  startup_stm32f10x_md.o(.text)
    TIM1_BRK_IRQHandler                      0x080001c3   Thumb Code     0  startup_stm32f10x_md.o(.text)
    TIM1_CC_IRQHandler                       0x080001c3   Thumb Code     0  startup_stm32f10x_md.o(.text)
    TIM1_TRG_COM_IRQHandler                  0x080001c3   Thumb Code     0  startup_stm32f10x_md.o(.text)
    TIM1_UP_IRQHandler                       0x080001c3   Thumb Code     0  startup_stm32f10x_md.o(.text)
    TIM3_IRQHandler                          0x080001c3   Thumb Code     0  startup_stm32f10x_md.o(.text)
    TIM4_IRQHandler                          0x080001c3   Thumb Code     0  startup_stm32f10x_md.o(.text)
    USART1_IRQHandler                        0x080001c3   Thumb Code     0  startup_stm32f10x_md.o(.text)
    USART3_IRQHandler                        0x080001c3   Thumb Code     0  startup_stm32f10x_md.o(.text)
    USBWakeUp_IRQHandler                     0x080001c3   Thumb Code     0  startup_stm32f10x_md.o(.text)
    USB_HP_CAN1_TX_IRQHandler                0x080001c3   Thumb Code     0  startup_stm32f10x_md.o(.text)
    USB_LP_CAN1_RX0_IRQHandler               0x080001c3   Thumb Code     0  startup_stm32f10x_md.o(.text)
    WWDG_IRQHandler                          0x080001c3   Thumb Code     0  startup_stm32f10x_md.o(.text)
    __user_initial_stackheap                 0x080001c5   Thumb Code     0  startup_stm32f10x_md.o(.text)
    __use_no_semihosting                     0x080001e5   Thumb Code     2  use_no_semi_2.o(.text)
    __2printf                                0x080001e9   Thumb Code    20  noretval__2printf.o(.text)
    __printf                                 0x08000201   Thumb Code   270  __printf_wp.o(.text)
    __aeabi_memclr4                          0x0800030f   Thumb Code     0  rt_memclr_w.o(.text)
    __aeabi_memclr8                          0x0800030f   Thumb Code     0  rt_memclr_w.o(.text)
    __rt_memclr_w                            0x0800030f   Thumb Code    78  rt_memclr_w.o(.text)
    _memset_w                                0x08000313   Thumb Code     0  rt_memclr_w.o(.text)
    __use_two_region_memory                  0x0800035d   Thumb Code     2  heapauxi.o(.text)
    __rt_heap_escrow$2region                 0x0800035f   Thumb Code     2  heapauxi.o(.text)
    __rt_heap_expand$2region                 0x08000361   Thumb Code     2  heapauxi.o(.text)
    __I$use$semihosting                      0x08000363   Thumb Code     0  use_no_semi.o(.text)
    __use_no_semihosting_swi                 0x08000363   Thumb Code     2  use_no_semi.o(.text)
    __read_errno                             0x08000365   Thumb Code    10  _rserrno.o(.text)
    __set_errno                              0x0800036f   Thumb Code    12  _rserrno.o(.text)
    __lib_sel_fp_printf                      0x0800037b   Thumb Code     2  _printf_fp_dec.o(.text)
    _printf_fp_dec_real                      0x0800052d   Thumb Code   620  _printf_fp_dec.o(.text)
    _printf_char_file                        0x08000799   Thumb Code    32  _printf_char_file.o(.text)
    __strtod_int                             0x080007f9   Thumb Code    90  strtod.o(.text)
    __rt_locale                              0x08000861   Thumb Code     8  rt_locale_intlibspace.o(.text)
    __aeabi_errno_addr                       0x08000869   Thumb Code     8  rt_errno_addr_intlibspace.o(.text)
    __errno$intlibspace                      0x08000869   Thumb Code     0  rt_errno_addr_intlibspace.o(.text)
    __rt_errno_addr$intlibspace              0x08000869   Thumb Code     0  rt_errno_addr_intlibspace.o(.text)
    _ll_udiv10                               0x08000871   Thumb Code   138  lludiv10.o(.text)
    isspace                                  0x080008fb   Thumb Code    18  isspace.o(.text)
    _printf_char_common                      0x08000917   Thumb Code    32  _printf_char_common.o(.text)
    _printf_fp_infnan                        0x0800093d   Thumb Code   112  _printf_fp_infnan.o(.text)
    _sgetc                                   0x080009bd   Thumb Code    30  _sgetc.o(.text)
    _sbackspace                              0x080009db   Thumb Code    34  _sgetc.o(.text)
    _btod_etento                             0x080009fd   Thumb Code   224  bigflt0.o(.text)
    ferror                                   0x08000ae1   Thumb Code     8  ferror.o(.text)
    __user_libspace                          0x08000ae9   Thumb Code     8  libspace.o(.text)
    __user_perproc_libspace                  0x08000ae9   Thumb Code     0  libspace.o(.text)
    __user_perthread_libspace                0x08000ae9   Thumb Code     0  libspace.o(.text)
    __user_setup_stackheap                   0x08000af1   Thumb Code    74  sys_stackheap_outer.o(.text)
    __rt_ctype_table                         0x08000b3d   Thumb Code    16  rt_ctype_table.o(.text)
    _scanf_really_real                       0x08000d99   Thumb Code   684  scanf_fp.o(.text)
    exit                                     0x08001045   Thumb Code    18  exit.o(.text)
    strcmp                                   0x08001059   Thumb Code   128  strcmpv7m.o(.text)
    _scanf_really_hex_real                   0x080010d9   Thumb Code   786  scanf_hexfp.o(.text)
    _scanf_really_infnan                     0x080013f9   Thumb Code   292  scanf_infnan.o(.text)
    __aeabi_llsl                             0x0800152d   Thumb Code     0  llshl.o(.text)
    _ll_shift_l                              0x0800152d   Thumb Code    38  llshl.o(.text)
    _chval                                   0x08001553   Thumb Code    28  _chval.o(.text)
    _btod_d2e                                0x0800156f   Thumb Code    62  btod.o(CL$$btod_d2e)
    _d2e_denorm_low                          0x080015ad   Thumb Code    70  btod.o(CL$$btod_d2e_denorm_low)
    _d2e_norm_op1                            0x080015f3   Thumb Code    96  btod.o(CL$$btod_d2e_norm_op1)
    __btod_div_common                        0x08001653   Thumb Code   696  btod.o(CL$$btod_div_common)
    _e2d                                     0x0800198d   Thumb Code   122  btod.o(CL$$btod_e2d)
    _e2e                                     0x08001a11   Thumb Code   220  btod.o(CL$$btod_e2e)
    _btod_ediv                               0x08001aed   Thumb Code    42  btod.o(CL$$btod_ediv)
    _btod_edivd                              0x08001b17   Thumb Code    42  btod.o(CL$$btod_edivd)
    _btod_emul                               0x08001b41   Thumb Code    42  btod.o(CL$$btod_emul)
    _btod_emuld                              0x08001b6b   Thumb Code    42  btod.o(CL$$btod_emuld)
    __btod_mult_common                       0x08001b95   Thumb Code   580  btod.o(CL$$btod_mult_common)
    BusFault_Handler                         0x08001dd9   Thumb Code     2  stm32f1xx_it.o(i.BusFault_Handler)
    DebugMon_Handler                         0x08001ddb   Thumb Code     2  stm32f1xx_it.o(i.DebugMon_Handler)
    Error_Handler                            0x08001ddd   Thumb Code     4  main.o(i.Error_Handler)
    GetBldcHall                              0x08001de1   Thumb Code    42  hall.o(i.GetBldcHall)
    HAL_DMA_Abort                            0x08001e15   Thumb Code    70  stm32f1xx_hal_dma.o(i.HAL_DMA_Abort)
    HAL_DMA_Abort_IT                         0x08001e5d   Thumb Code   148  stm32f1xx_hal_dma.o(i.HAL_DMA_Abort_IT)
    HAL_GPIO_Init                            0x08001ef5   Thumb Code   446  stm32f1xx_hal_gpio.o(i.HAL_GPIO_Init)
    HAL_GPIO_ReadPin                         0x080020d5   Thumb Code    10  stm32f1xx_hal_gpio.o(i.HAL_GPIO_ReadPin)
    HAL_GPIO_WritePin                        0x080020df   Thumb Code    10  stm32f1xx_hal_gpio.o(i.HAL_GPIO_WritePin)
    HAL_GetTick                              0x080020e9   Thumb Code     6  stm32f1xx_hal.o(i.HAL_GetTick)
    HAL_IncTick                              0x080020f5   Thumb Code    12  stm32f1xx_hal.o(i.HAL_IncTick)
    HAL_Init                                 0x08002105   Thumb Code    32  stm32f1xx_hal.o(i.HAL_Init)
    HAL_InitTick                             0x08002129   Thumb Code    54  stm32f1xx_hal.o(i.HAL_InitTick)
    HAL_MspInit                              0x08002169   Thumb Code    52  stm32f1xx_hal_msp.o(i.HAL_MspInit)
    HAL_NVIC_EnableIRQ                       0x080021a5   Thumb Code    26  stm32f1xx_hal_cortex.o(i.HAL_NVIC_EnableIRQ)
    HAL_NVIC_SetPriority                     0x080021c1   Thumb Code    60  stm32f1xx_hal_cortex.o(i.HAL_NVIC_SetPriority)
    HAL_NVIC_SetPriorityGrouping             0x08002201   Thumb Code    26  stm32f1xx_hal_cortex.o(i.HAL_NVIC_SetPriorityGrouping)
    HAL_RCC_ClockConfig                      0x08002225   Thumb Code   280  stm32f1xx_hal_rcc.o(i.HAL_RCC_ClockConfig)
    HAL_RCC_GetPCLK1Freq                     0x08002351   Thumb Code    20  stm32f1xx_hal_rcc.o(i.HAL_RCC_GetPCLK1Freq)
    HAL_RCC_GetPCLK2Freq                     0x08002371   Thumb Code    20  stm32f1xx_hal_rcc.o(i.HAL_RCC_GetPCLK2Freq)
    HAL_RCC_GetSysClockFreq                  0x08002391   Thumb Code    58  stm32f1xx_hal_rcc.o(i.HAL_RCC_GetSysClockFreq)
    HAL_RCC_OscConfig                        0x080023dd   Thumb Code   778  stm32f1xx_hal_rcc.o(i.HAL_RCC_OscConfig)
    HAL_SYSTICK_Config                       0x080026fd   Thumb Code    40  stm32f1xx_hal_cortex.o(i.HAL_SYSTICK_Config)
    HAL_TIMEx_BreakCallback                  0x08002725   Thumb Code     2  stm32f1xx_hal_tim_ex.o(i.HAL_TIMEx_BreakCallback)
    HAL_TIMEx_CommutCallback                 0x08002727   Thumb Code     2  stm32f1xx_hal_tim_ex.o(i.HAL_TIMEx_CommutCallback)
    HAL_TIMEx_ConfigBreakDeadTime            0x08002729   Thumb Code    84  stm32f1xx_hal_tim_ex.o(i.HAL_TIMEx_ConfigBreakDeadTime)
    HAL_TIMEx_MasterConfigSynchronization    0x0800277d   Thumb Code    92  stm32f1xx_hal_tim_ex.o(i.HAL_TIMEx_MasterConfigSynchronization)
    HAL_TIM_Base_Init                        0x080027e5   Thumb Code    90  stm32f1xx_hal_tim.o(i.HAL_TIM_Base_Init)
    HAL_TIM_Base_MspInit                     0x08002841   Thumb Code   178  tim.o(i.HAL_TIM_Base_MspInit)
    HAL_TIM_Base_Start_IT                    0x08002909   Thumb Code    76  stm32f1xx_hal_tim.o(i.HAL_TIM_Base_Start_IT)
    HAL_TIM_ConfigClockSource                0x08002961   Thumb Code   220  stm32f1xx_hal_tim.o(i.HAL_TIM_ConfigClockSource)
    HAL_TIM_ConfigTI1Input                   0x08002a3d   Thumb Code    16  stm32f1xx_hal_tim.o(i.HAL_TIM_ConfigTI1Input)
    HAL_TIM_IC_CaptureCallback               0x08002a4d   Thumb Code    20  main.o(i.HAL_TIM_IC_CaptureCallback)
    HAL_TIM_IC_ConfigChannel                 0x08002a61   Thumb Code   292  stm32f1xx_hal_tim.o(i.HAL_TIM_IC_ConfigChannel)
    HAL_TIM_IC_Init                          0x08002b85   Thumb Code    90  stm32f1xx_hal_tim.o(i.HAL_TIM_IC_Init)
    HAL_TIM_IC_MspInit                       0x08002bdf   Thumb Code     2  stm32f1xx_hal_tim.o(i.HAL_TIM_IC_MspInit)
    HAL_TIM_IC_Start_IT                      0x08002be1   Thumb Code   216  stm32f1xx_hal_tim.o(i.HAL_TIM_IC_Start_IT)
    HAL_TIM_IRQHandler                       0x08002cc5   Thumb Code   358  stm32f1xx_hal_tim.o(i.HAL_TIM_IRQHandler)
    HAL_TIM_MspPostInit                      0x08002e2d   Thumb Code    64  tim.o(i.HAL_TIM_MspPostInit)
    HAL_TIM_OC_DelayElapsedCallback          0x08002e79   Thumb Code     2  stm32f1xx_hal_tim.o(i.HAL_TIM_OC_DelayElapsedCallback)
    HAL_TIM_PWM_ConfigChannel                0x08002e7b   Thumb Code   204  stm32f1xx_hal_tim.o(i.HAL_TIM_PWM_ConfigChannel)
    HAL_TIM_PWM_Init                         0x08002f47   Thumb Code    90  stm32f1xx_hal_tim.o(i.HAL_TIM_PWM_Init)
    HAL_TIM_PWM_MspInit                      0x08002fa1   Thumb Code     2  stm32f1xx_hal_tim.o(i.HAL_TIM_PWM_MspInit)
    HAL_TIM_PWM_PulseFinishedCallback        0x08002fa3   Thumb Code     2  stm32f1xx_hal_tim.o(i.HAL_TIM_PWM_PulseFinishedCallback)
    HAL_TIM_PWM_Start                        0x08002fa5   Thumb Code   144  stm32f1xx_hal_tim.o(i.HAL_TIM_PWM_Start)
    HAL_TIM_PeriodElapsedCallback            0x08003041   Thumb Code     2  stm32f1xx_hal_tim.o(i.HAL_TIM_PeriodElapsedCallback)
    HAL_TIM_SlaveConfigSynchro               0x08003043   Thumb Code    86  stm32f1xx_hal_tim.o(i.HAL_TIM_SlaveConfigSynchro)
    HAL_TIM_TriggerCallback                  0x08003099   Thumb Code     2  stm32f1xx_hal_tim.o(i.HAL_TIM_TriggerCallback)
    HAL_UARTEx_RxEventCallback               0x0800309b   Thumb Code     2  stm32f1xx_hal_uart.o(i.HAL_UARTEx_RxEventCallback)
    HAL_UART_ErrorCallback                   0x0800309d   Thumb Code     2  stm32f1xx_hal_uart.o(i.HAL_UART_ErrorCallback)
    HAL_UART_IRQHandler                      0x080030a1   Thumb Code   616  stm32f1xx_hal_uart.o(i.HAL_UART_IRQHandler)
    HAL_UART_Init                            0x0800330d   Thumb Code   100  stm32f1xx_hal_uart.o(i.HAL_UART_Init)
    HAL_UART_MspInit                         0x08003371   Thumb Code   114  usart.o(i.HAL_UART_MspInit)
    HAL_UART_Receive_IT                      0x080033f1   Thumb Code    28  stm32f1xx_hal_uart.o(i.HAL_UART_Receive_IT)
    HAL_UART_RxCpltCallback                  0x0800340d   Thumb Code    84  main.o(i.HAL_UART_RxCpltCallback)
    HAL_UART_Transmit                        0x08003471   Thumb Code   154  stm32f1xx_hal_uart.o(i.HAL_UART_Transmit)
    HAL_UART_TxCpltCallback                  0x0800350b   Thumb Code     2  stm32f1xx_hal_uart.o(i.HAL_UART_TxCpltCallback)
    HardFault_Handler                        0x0800350d   Thumb Code     2  stm32f1xx_it.o(i.HardFault_Handler)
    LPF_velocity                             0x08003511   Thumb Code    50  pid.o(i.LPF_velocity)
    MX_GPIO_Init                             0x08003559   Thumb Code   158  gpio.o(i.MX_GPIO_Init)
    MX_TIM1_Init                             0x08003605   Thumb Code   222  tim.o(i.MX_TIM1_Init)
    MX_TIM2_Init                             0x080036ed   Thumb Code   190  tim.o(i.MX_TIM2_Init)
    MX_USART2_UART_Init                      0x080037b1   Thumb Code    48  usart.o(i.MX_USART2_UART_Init)
    MemManage_Handler                        0x080037e9   Thumb Code     2  stm32f1xx_it.o(i.MemManage_Handler)
    NMI_Handler                              0x080037eb   Thumb Code     2  stm32f1xx_it.o(i.NMI_Handler)
    PID_angle                                0x080037ed   Thumb Code   148  pid.o(i.PID_angle)
    PID_init                                 0x08003891   Thumb Code    48  pid.o(i.PID_init)
    PID_velocity                             0x080038d1   Thumb Code   312  pid.o(i.PID_velocity)
    PendSV_Handler                           0x08003a19   Thumb Code     2  stm32f1xx_it.o(i.PendSV_Handler)
    SVC_Handler                              0x08003a1b   Thumb Code     2  stm32f1xx_it.o(i.SVC_Handler)
    SysTick_Handler                          0x08003a1d   Thumb Code     4  stm32f1xx_it.o(i.SysTick_Handler)
    SystemClock_Config                       0x08003a21   Thumb Code    86  main.o(i.SystemClock_Config)
    TIM2_IRQHandler                          0x08003a79   Thumb Code     6  stm32f1xx_it.o(i.TIM2_IRQHandler)
    TIM_Base_SetConfig                       0x08003a85   Thumb Code    94  stm32f1xx_hal_tim.o(i.TIM_Base_SetConfig)
    TIM_CCxChannelCmd                        0x08003af1   Thumb Code    26  stm32f1xx_hal_tim.o(i.TIM_CCxChannelCmd)
    TIM_ETR_SetConfig                        0x08003b0b   Thumb Code    20  stm32f1xx_hal_tim.o(i.TIM_ETR_SetConfig)
    TIM_OC2_SetConfig                        0x08003b81   Thumb Code    84  stm32f1xx_hal_tim.o(i.TIM_OC2_SetConfig)
    TIM_TI1_SetConfig                        0x08003d25   Thumb Code    76  stm32f1xx_hal_tim.o(i.TIM_TI1_SetConfig)
    UART_Start_Receive_IT                    0x08003fb1   Thumb Code    54  stm32f1xx_hal_uart.o(i.UART_Start_Receive_IT)
    USART2_IRQHandler                        0x08004061   Thumb Code     6  stm32f1xx_it.o(i.USART2_IRQHandler)
    UsageFault_Handler                       0x0800406d   Thumb Code     2  stm32f1xx_it.o(i.UsageFault_Handler)
    __ARM_fpclassify                         0x0800406f   Thumb Code    40  fpclassify.o(i.__ARM_fpclassify)
    __kernel_poly                            0x080040b7   Thumb Code   170  poly.o(i.__kernel_poly)
    __mathlib_dbl_infnan                     0x08004161   Thumb Code     6  dunder.o(i.__mathlib_dbl_infnan)
    __mathlib_dbl_infnan2                    0x08004167   Thumb Code     4  dunder.o(i.__mathlib_dbl_infnan2)
    __mathlib_dbl_invalid                    0x0800416b   Thumb Code    12  dunder.o(i.__mathlib_dbl_invalid)
    __mathlib_dbl_overflow                   0x08004177   Thumb Code    14  dunder.o(i.__mathlib_dbl_overflow)
    __mathlib_dbl_underflow                  0x08004185   Thumb Code    10  dunder.o(i.__mathlib_dbl_underflow)
    __mathlib_narrow                         0x08004195   Thumb Code    16  narrow.o(i.__mathlib_narrow)
    __mathlib_tofloat                        0x080041a5   Thumb Code   184  narrow.o(i.__mathlib_tofloat)
    __support_ldexp                          0x08004261   Thumb Code    22  ldexp.o(i.__support_ldexp)
    _electricalAngle                         0x08004277   Thumb Code    20  foc_utils.o(i._electricalAngle)
    _is_digit                                0x0800428b   Thumb Code    14  __printf_wp.o(i._is_digit)
    _normalizeAngle                          0x08004299   Thumb Code    54  foc_utils.o(i._normalizeAngle)
    _sin                                     0x080042d9   Thumb Code   256  foc_utils.o(i._sin)
    _sqrtApprox                              0x08004401   Thumb Code    10  foc_utils.o(i._sqrtApprox)
    _sys_exit                                0x08004411   Thumb Code     2  usart.o(i._sys_exit)
    angleOpenloop                            0x08004415   Thumb Code   206  bldcmotor.o(i.angleOpenloop)
    atan                                     0x080044fd   Thumb Code   474  atan.o(i.atan)
    atan2                                    0x0800471d   Thumb Code   374  atan2.o(i.atan2)
    atof                                     0x080048b9   Thumb Code    42  atof.o(i.atof)
    commander_run                            0x080048e5   Thumb Code    58  main.o(i.commander_run)
    fmod                                     0x08004945   Thumb Code   144  fmod.o(i.fmod)
    fputc                                    0x080049d9   Thumb Code    20  usart.o(i.fputc)
    frexp                                    0x080049f1   Thumb Code    80  frexp.o(i.frexp)
    getAngle                                 0x08004a49   Thumb Code    56  hall.o(i.getAngle)
    getVelocity                              0x08004a8d   Thumb Code   110  hall.o(i.getVelocity)
    ldexp                                    0x08004b0d   Thumb Code   116  ldexp.o(i.ldexp)
    loopFOC                                  0x08004b81   Thumb Code    64  bldcmotor.o(i.loopFOC)
    main                                     0x08004bd5   Thumb Code   226  main.o(i.main)
    move                                     0x08004d15   Thumb Code   144  bldcmotor.o(i.move)
    setPhaseVoltage                          0x08004dc5   Thumb Code   616  bldcmotor.o(i.setPhaseVoltage)
    shaftVelocity                            0x08005059   Thumb Code    14  focmotor.o(i.shaftVelocity)
    updateState                              0x08005069   Thumb Code   134  hall.o(i.updateState)
    velocityOpenloop                         0x080050f9   Thumb Code   128  bldcmotor.o(i.velocityOpenloop)
    _get_lc_numeric                          0x08005191   Thumb Code    44  lc_numeric_c.o(locale$$code)
    _get_lc_ctype                            0x080051bd   Thumb Code    44  lc_ctype_c.o(locale$$code)
    __aeabi_d2f                              0x080051e9   Thumb Code     0  d2f.o(x$fpl$d2f)
    _d2f                                     0x080051e9   Thumb Code    98  d2f.o(x$fpl$d2f)
    __aeabi_dadd                             0x0800524d   Thumb Code     0  daddsub_clz.o(x$fpl$dadd)
    _dadd                                    0x0800524d   Thumb Code   332  daddsub_clz.o(x$fpl$dadd)
    __fpl_dcheck_NaN1                        0x0800539d   Thumb Code    10  dcheck1.o(x$fpl$dcheck1)
    __fpl_dcmp_Inf                           0x080053ad   Thumb Code    24  dcmpi.o(x$fpl$dcmpinf)
    __aeabi_ddiv                             0x080053c5   Thumb Code     0  ddiv.o(x$fpl$ddiv)
    _ddiv                                    0x080053c5   Thumb Code   552  ddiv.o(x$fpl$ddiv)
    __aeabi_cdcmpeq                          0x08005675   Thumb Code     0  deqf.o(x$fpl$deqf)
    _dcmpeq                                  0x08005675   Thumb Code   120  deqf.o(x$fpl$deqf)
    __aeabi_d2iz                             0x080056ed   Thumb Code     0  dfix.o(x$fpl$dfix)
    _dfix                                    0x080056ed   Thumb Code    94  dfix.o(x$fpl$dfix)
    __aeabi_d2uiz                            0x0800574d   Thumb Code     0  dfixu.o(x$fpl$dfixu)
    _dfixu                                   0x0800574d   Thumb Code    90  dfixu.o(x$fpl$dfixu)
    __aeabi_i2d                              0x080057a7   Thumb Code     0  dflt_clz.o(x$fpl$dflt)
    _dflt                                    0x080057a7   Thumb Code    46  dflt_clz.o(x$fpl$dflt)
    __aeabi_ui2d                             0x080057d5   Thumb Code     0  dflt_clz.o(x$fpl$dfltu)
    _dfltu                                   0x080057d5   Thumb Code    38  dflt_clz.o(x$fpl$dfltu)
    __aeabi_cdcmple                          0x080057fd   Thumb Code     0  dleqf.o(x$fpl$dleqf)
    _dcmple                                  0x080057fd   Thumb Code   120  dleqf.o(x$fpl$dleqf)
    __fpl_dcmple_InfNaN                      0x0800585f   Thumb Code     0  dleqf.o(x$fpl$dleqf)
    __aeabi_dmul                             0x08005875   Thumb Code     0  dmul.o(x$fpl$dmul)
    _dmul                                    0x08005875   Thumb Code   332  dmul.o(x$fpl$dmul)
    __fpl_dnaninf                            0x080059c9   Thumb Code   156  dnaninf.o(x$fpl$dnaninf)
    _drem                                    0x08005a65   Thumb Code   328  drem_clz.o(x$fpl$drem)
    __fpl_dretinf                            0x08005bb5   Thumb Code    12  dretinf.o(x$fpl$dretinf)
    __aeabi_cdrcmple                         0x08005bc1   Thumb Code     0  drleqf.o(x$fpl$drleqf)
    _drcmple                                 0x08005bc1   Thumb Code   108  drleqf.o(x$fpl$drleqf)
    __aeabi_drsub                            0x08005c2d   Thumb Code     0  daddsub_clz.o(x$fpl$drsb)
    _drsb                                    0x08005c2d   Thumb Code    22  daddsub_clz.o(x$fpl$drsb)
    __aeabi_dsub                             0x08005c45   Thumb Code     0  daddsub_clz.o(x$fpl$dsub)
    _dsub                                    0x08005c45   Thumb Code   464  daddsub_clz.o(x$fpl$dsub)
    __aeabi_f2d                              0x08005e19   Thumb Code     0  f2d.o(x$fpl$f2d)
    _f2d                                     0x08005e19   Thumb Code    86  f2d.o(x$fpl$f2d)
    __aeabi_fadd                             0x08005e71   Thumb Code     0  faddsub_clz.o(x$fpl$fadd)
    _fadd                                    0x08005e71   Thumb Code   196  faddsub_clz.o(x$fpl$fadd)
    __fpl_fcheck_NaN1                        0x08005f35   Thumb Code     6  fcheck1.o(x$fpl$fcheck1)
    __fpl_fcmp_Inf                           0x08005f41   Thumb Code    24  fcmpi.o(x$fpl$fcmpinf)
    __aeabi_fdiv                             0x08005f59   Thumb Code     0  fdiv.o(x$fpl$fdiv)
    _fdiv                                    0x08005f59   Thumb Code   384  fdiv.o(x$fpl$fdiv)
    __aeabi_f2uiz                            0x080060dd   Thumb Code     0  ffixu.o(x$fpl$ffixu)
    _ffixu                                   0x080060dd   Thumb Code    62  ffixu.o(x$fpl$ffixu)
    __aeabi_i2f                              0x0800611d   Thumb Code     0  fflt_clz.o(x$fpl$fflt)
    _fflt                                    0x0800611d   Thumb Code    48  fflt_clz.o(x$fpl$fflt)
    __aeabi_ui2f                             0x0800614d   Thumb Code     0  fflt_clz.o(x$fpl$ffltu)
    _ffltu                                   0x0800614d   Thumb Code    38  fflt_clz.o(x$fpl$ffltu)
    __aeabi_cfcmple                          0x08006175   Thumb Code     0  fleqf.o(x$fpl$fleqf)
    _fcmple                                  0x08006175   Thumb Code   104  fleqf.o(x$fpl$fleqf)
    __fpl_fcmple_InfNaN                      0x080061c7   Thumb Code     0  fleqf.o(x$fpl$fleqf)
    __aeabi_fmul                             0x080061dd   Thumb Code     0  fmul.o(x$fpl$fmul)
    _fmul                                    0x080061dd   Thumb Code   258  fmul.o(x$fpl$fmul)
    __fpl_fnaninf                            0x080062df   Thumb Code   140  fnaninf.o(x$fpl$fnaninf)
    __fpl_fretinf                            0x0800636b   Thumb Code    10  fretinf.o(x$fpl$fretinf)
    __aeabi_cfrcmple                         0x08006375   Thumb Code     0  frleqf.o(x$fpl$frleqf)
    _frcmple                                 0x08006375   Thumb Code    98  frleqf.o(x$fpl$frleqf)
    __aeabi_frsub                            0x080063d7   Thumb Code     0  faddsub_clz.o(x$fpl$frsb)
    _frsb                                    0x080063d7   Thumb Code    20  faddsub_clz.o(x$fpl$frsb)
    __aeabi_fsub                             0x080063ed   Thumb Code     0  faddsub_clz.o(x$fpl$fsub)
    _fsub                                    0x080063ed   Thumb Code   234  faddsub_clz.o(x$fpl$fsub)
    __ieee_status                            0x080064d7   Thumb Code     6  istatus.o(x$fpl$ieeestatus)
    _printf_fp_dec                           0x080064dd   Thumb Code     4  printf1.o(x$fpl$printf1)
    __fpl_return_NaN                         0x080064e1   Thumb Code   100  retnan.o(x$fpl$retnan)
    __ARM_scalbn                             0x08006545   Thumb Code    92  scalbn.o(x$fpl$scalbn)
    __ARM_scalbnf                            0x080065a1   Thumb Code    76  scalbnf.o(x$fpl$scalbnf)
    _scanf_real                              0x080065ed   Thumb Code     4  scanf1.o(x$fpl$scanf1)
    _scanf_hex_real                          0x080065f1   Thumb Code     4  scanf2.o(x$fpl$scanf2)
    _scanf_infnan                            0x080065f5   Thumb Code     4  scanf2.o(x$fpl$scanf2)
    __fpl_cmpreturn                          0x080065f9   Thumb Code    48  trapv.o(x$fpl$trapveneer)
    __I$use$fp                               0x08006628   Number         0  usenofp.o(x$fpl$usenofp)
    AHBPrescTable                            0x0800663a   Data          16  system_stm32f1xx.o(.constdata)
    APBPrescTable                            0x0800664a   Data           8  system_stm32f1xx.o(.constdata)
    ELECTRIC_SECTORS                         0x08006652   Data           8  hall.o(.constdata)
    sine_array                               0x0800665c   Data         800  foc_utils.o(.constdata)
    __mathlib_zero                           0x08006a18   Data           8  qnan.o(.constdata)
    Region$$Table$$Base                      0x08006ab4   Number         0  anon$$obj.o(Region$$Table)
    Region$$Table$$Limit                     0x08006ad4   Number         0  anon$$obj.o(Region$$Table)
    __aeabi_HUGE_VAL                         0x08006ad4   Data           0  fpconst.o(c$$dinf)
    __aeabi_HUGE_VALL                        0x08006ad4   Data           0  fpconst.o(c$$dinf)
    __aeabi_INFINITY                         0x08006ad4   Data           0  fpconst.o(c$$dinf)
    __dInf                                   0x08006ad4   Data           0  fpconst.o(c$$dinf)
    __huge_val                               0x08006ad4   Data           0  fpconst.o(c$$dinf)
    __dbl_max                                0x08006adc   Data           0  fpconst.o(c$$dmax)
    __ctype                                  0x08006b0d   Data           0  lc_ctype_c.o(locale$$data)
    Rx_Flag                                  0x20000000   Data           2  main.o(.data)
    target                                   0x20000004   Data           4  main.o(.data)
    __stdout                                 0x20000008   Data           4  usart.o(.data)
    uwTickFreq                               0x2000000c   Data           1  stm32f1xx_hal.o(.data)
    uwTickPrio                               0x20000010   Data           4  stm32f1xx_hal.o(.data)
    uwTick                                   0x20000014   Data           4  stm32f1xx_hal.o(.data)
    SystemCoreClock                          0x20000018   Data           4  system_stm32f1xx.o(.data)
    electric_sector                          0x2000001c   Data           1  hall.o(.data)
    hall_state                               0x2000001d   Data           1  hall.o(.data)
    cpr                                      0x20000020   Data           4  hall.o(.data)
    electric_rotations                       0x20000028   Data           4  hall.o(.data)
    direction                                0x2000002c   Data           4  hall.o(.data)
    pulse_diff                               0x20000030   Data           4  hall.o(.data)
    pulse_timestamp                          0x20000034   Data           4  hall.o(.data)
    shaft_angle                              0x20000038   Data           4  focmotor.o(.data)
    electrical_angle                         0x2000003c   Data           4  focmotor.o(.data)
    shaft_velocity                           0x20000040   Data           4  focmotor.o(.data)
    current_sp                               0x20000044   Data           4  focmotor.o(.data)
    shaft_velocity_sp                        0x20000048   Data           4  focmotor.o(.data)
    shaft_angle_sp                           0x2000004c   Data           4  focmotor.o(.data)
    voltage                                  0x20000050   Data           8  focmotor.o(.data)
    torque_controller                        0x20000058   Data           1  focmotor.o(.data)
    controller                               0x20000059   Data           1  focmotor.o(.data)
    PWM_Period                               0x2000005c   Data           4  bldcmotor.o(.data)
    voltage_power_supply                     0x20000060   Data           4  bldcmotor.o(.data)
    open_loop_timestamp                      0x20000064   Data           4  bldcmotor.o(.data)
    voltage_limit                            0x20000068   Data           4  bldcmotor.o(.data)
    velocity_limit                           0x2000006c   Data           4  bldcmotor.o(.data)
    pole_pairs                               0x20000070   Data           4  bldcmotor.o(.data)
    voltage_sensor_align                     0x20000074   Data           4  bldcmotor.o(.data)
    y_vel_prev                               0x20000078   Data           4  pid.o(.data)
    pid_vel_P                                0x2000007c   Data           4  pid.o(.data)
    pid_ang_P                                0x20000080   Data           4  pid.o(.data)
    pid_vel_I                                0x20000084   Data           4  pid.o(.data)
    pid_ang_D                                0x20000088   Data           4  pid.o(.data)
    integral_vel_prev                        0x2000008c   Data           4  pid.o(.data)
    error_vel_prev                           0x20000090   Data           4  pid.o(.data)
    error_ang_prev                           0x20000094   Data           4  pid.o(.data)
    output_vel_ramp                          0x20000098   Data           4  pid.o(.data)
    output_vel_prev                          0x2000009c   Data           4  pid.o(.data)
    pid_vel_timestamp                        0x200000a0   Data           4  pid.o(.data)
    pid_ang_timestamp                        0x200000a4   Data           4  pid.o(.data)
    Rx_Buffer                                0x200000a8   Data          32  main.o(.bss)
    htim1                                    0x200000c8   Data          72  tim.o(.bss)
    htim2                                    0x20000110   Data          72  tim.o(.bss)
    huart2                                   0x20000158   Data          72  usart.o(.bss)
    __libspace_start                         0x200001a0   Data          96  libspace.o(.bss)
    __temporary_stack_top$libspace           0x20000200   Data           0  libspace.o(.bss)



==============================================================================

Memory Map of the image

  Image Entry point : 0x080000ed

  Load Region LR_IROM1 (Base: 0x08000000, Size: 0x00006cb8, Max: 0x00020000, ABSOLUTE)

    Execution Region ER_IROM1 (Exec base: 0x08000000, Load base: 0x08000000, Size: 0x00006c10, Max: 0x00020000, ABSOLUTE)

    Exec Addr    Load Addr    Size         Type   Attr      Idx    E Section Name        Object

    0x08000000   0x08000000   0x000000ec   Data   RO         2795    RESET               startup_stm32f10x_md.o
    0x080000ec   0x080000ec   0x00000008   Code   RO         3139  * !!!main             c_w.l(__main.o)
    0x080000f4   0x080000f4   0x00000034   Code   RO         3552    !!!scatter          c_w.l(__scatter.o)
    0x08000128   0x08000128   0x0000001a   Code   RO         3554    !!handler_copy      c_w.l(__scatter_copy.o)
    0x08000142   0x08000142   0x00000002   PAD
    0x08000144   0x08000144   0x0000001c   Code   RO         3556    !!handler_zi        c_w.l(__scatter_zi.o)
    0x08000160   0x08000160   0x00000000   Code   RO         3134    .ARM.Collect$$_printf_percent$$00000000  c_w.l(_printf_percent.o)
    0x08000160   0x08000160   0x00000006   Code   RO         3133    .ARM.Collect$$_printf_percent$$00000003  c_w.l(_printf_f.o)
    0x08000166   0x08000166   0x00000004   Code   RO         3232    .ARM.Collect$$_printf_percent$$00000017  c_w.l(_printf_percent_end.o)
    0x0800016a   0x0800016a   0x00000002   Code   RO         3382    .ARM.Collect$$libinit$$00000000  c_w.l(libinit.o)
    0x0800016c   0x0800016c   0x00000000   Code   RO         3384    .ARM.Collect$$libinit$$00000002  c_w.l(libinit2.o)
    0x0800016c   0x0800016c   0x00000000   Code   RO         3386    .ARM.Collect$$libinit$$00000004  c_w.l(libinit2.o)
    0x0800016c   0x0800016c   0x00000000   Code   RO         3389    .ARM.Collect$$libinit$$0000000A  c_w.l(libinit2.o)
    0x0800016c   0x0800016c   0x00000000   Code   RO         3391    .ARM.Collect$$libinit$$0000000C  c_w.l(libinit2.o)
    0x0800016c   0x0800016c   0x00000000   Code   RO         3393    .ARM.Collect$$libinit$$0000000E  c_w.l(libinit2.o)
    0x0800016c   0x0800016c   0x00000006   Code   RO         3394    .ARM.Collect$$libinit$$0000000F  c_w.l(libinit2.o)
    0x08000172   0x08000172   0x00000000   Code   RO         3396    .ARM.Collect$$libinit$$00000011  c_w.l(libinit2.o)
    0x08000172   0x08000172   0x0000000c   Code   RO         3397    .ARM.Collect$$libinit$$00000012  c_w.l(libinit2.o)
    0x0800017e   0x0800017e   0x00000000   Code   RO         3398    .ARM.Collect$$libinit$$00000013  c_w.l(libinit2.o)
    0x0800017e   0x0800017e   0x00000000   Code   RO         3400    .ARM.Collect$$libinit$$00000015  c_w.l(libinit2.o)
    0x0800017e   0x0800017e   0x0000000a   Code   RO         3401    .ARM.Collect$$libinit$$00000016  c_w.l(libinit2.o)
    0x08000188   0x08000188   0x00000000   Code   RO         3402    .ARM.Collect$$libinit$$00000017  c_w.l(libinit2.o)
    0x08000188   0x08000188   0x00000000   Code   RO         3404    .ARM.Collect$$libinit$$00000019  c_w.l(libinit2.o)
    0x08000188   0x08000188   0x00000000   Code   RO         3406    .ARM.Collect$$libinit$$0000001B  c_w.l(libinit2.o)
    0x08000188   0x08000188   0x00000000   Code   RO         3408    .ARM.Collect$$libinit$$0000001D  c_w.l(libinit2.o)
    0x08000188   0x08000188   0x00000000   Code   RO         3410    .ARM.Collect$$libinit$$0000001F  c_w.l(libinit2.o)
    0x08000188   0x08000188   0x00000000   Code   RO         3412    .ARM.Collect$$libinit$$00000021  c_w.l(libinit2.o)
    0x08000188   0x08000188   0x00000000   Code   RO         3414    .ARM.Collect$$libinit$$00000023  c_w.l(libinit2.o)
    0x08000188   0x08000188   0x00000000   Code   RO         3416    .ARM.Collect$$libinit$$00000025  c_w.l(libinit2.o)
    0x08000188   0x08000188   0x00000000   Code   RO         3420    .ARM.Collect$$libinit$$0000002C  c_w.l(libinit2.o)
    0x08000188   0x08000188   0x00000000   Code   RO         3422    .ARM.Collect$$libinit$$0000002E  c_w.l(libinit2.o)
    0x08000188   0x08000188   0x00000000   Code   RO         3424    .ARM.Collect$$libinit$$00000030  c_w.l(libinit2.o)
    0x08000188   0x08000188   0x00000000   Code   RO         3426    .ARM.Collect$$libinit$$00000032  c_w.l(libinit2.o)
    0x08000188   0x08000188   0x00000002   Code   RO         3427    .ARM.Collect$$libinit$$00000033  c_w.l(libinit2.o)
    0x0800018a   0x0800018a   0x00000002   Code   RO         3488    .ARM.Collect$$libshutdown$$00000000  c_w.l(libshutdown.o)
    0x0800018c   0x0800018c   0x00000000   Code   RO         3509    .ARM.Collect$$libshutdown$$00000002  c_w.l(libshutdown2.o)
    0x0800018c   0x0800018c   0x00000000   Code   RO         3511    .ARM.Collect$$libshutdown$$00000004  c_w.l(libshutdown2.o)
    0x0800018c   0x0800018c   0x00000000   Code   RO         3513    .ARM.Collect$$libshutdown$$00000006  c_w.l(libshutdown2.o)
    0x0800018c   0x0800018c   0x00000000   Code   RO         3516    .ARM.Collect$$libshutdown$$00000009  c_w.l(libshutdown2.o)
    0x0800018c   0x0800018c   0x00000000   Code   RO         3519    .ARM.Collect$$libshutdown$$0000000C  c_w.l(libshutdown2.o)
    0x0800018c   0x0800018c   0x00000000   Code   RO         3521    .ARM.Collect$$libshutdown$$0000000E  c_w.l(libshutdown2.o)
    0x0800018c   0x0800018c   0x00000000   Code   RO         3524    .ARM.Collect$$libshutdown$$00000011  c_w.l(libshutdown2.o)
    0x0800018c   0x0800018c   0x00000002   Code   RO         3525    .ARM.Collect$$libshutdown$$00000012  c_w.l(libshutdown2.o)
    0x0800018e   0x0800018e   0x00000000   Code   RO         3225    .ARM.Collect$$rtentry$$00000000  c_w.l(__rtentry.o)
    0x0800018e   0x0800018e   0x00000000   Code   RO         3282    .ARM.Collect$$rtentry$$00000002  c_w.l(__rtentry2.o)
    0x0800018e   0x0800018e   0x00000006   Code   RO         3294    .ARM.Collect$$rtentry$$00000004  c_w.l(__rtentry4.o)
    0x08000194   0x08000194   0x00000000   Code   RO         3284    .ARM.Collect$$rtentry$$00000009  c_w.l(__rtentry2.o)
    0x08000194   0x08000194   0x00000004   Code   RO         3285    .ARM.Collect$$rtentry$$0000000A  c_w.l(__rtentry2.o)
    0x08000198   0x08000198   0x00000000   Code   RO         3287    .ARM.Collect$$rtentry$$0000000C  c_w.l(__rtentry2.o)
    0x08000198   0x08000198   0x00000008   Code   RO         3288    .ARM.Collect$$rtentry$$0000000D  c_w.l(__rtentry2.o)
    0x080001a0   0x080001a0   0x00000002   Code   RO         3430    .ARM.Collect$$rtexit$$00000000  c_w.l(rtexit.o)
    0x080001a2   0x080001a2   0x00000000   Code   RO         3456    .ARM.Collect$$rtexit$$00000002  c_w.l(rtexit2.o)
    0x080001a2   0x080001a2   0x00000004   Code   RO         3457    .ARM.Collect$$rtexit$$00000003  c_w.l(rtexit2.o)
    0x080001a6   0x080001a6   0x00000006   Code   RO         3458    .ARM.Collect$$rtexit$$00000004  c_w.l(rtexit2.o)
    0x080001ac   0x080001ac   0x00000038   Code   RO         2796    .text               startup_stm32f10x_md.o
    0x080001e4   0x080001e4   0x00000002   Code   RO         3103    .text               c_w.l(use_no_semi_2.o)
    0x080001e6   0x080001e6   0x00000002   PAD
    0x080001e8   0x080001e8   0x00000018   Code   RO         3109    .text               c_w.l(noretval__2printf.o)
    0x08000200   0x08000200   0x0000010e   Code   RO         3121    .text               c_w.l(__printf_wp.o)
    0x0800030e   0x0800030e   0x0000004e   Code   RO         3135    .text               c_w.l(rt_memclr_w.o)
    0x0800035c   0x0800035c   0x00000006   Code   RO         3137    .text               c_w.l(heapauxi.o)
    0x08000362   0x08000362   0x00000002   Code   RO         3223    .text               c_w.l(use_no_semi.o)
    0x08000364   0x08000364   0x00000016   Code   RO         3226    .text               c_w.l(_rserrno.o)
    0x0800037a   0x0800037a   0x0000041e   Code   RO         3228    .text               c_w.l(_printf_fp_dec.o)
    0x08000798   0x08000798   0x00000024   Code   RO         3230    .text               c_w.l(_printf_char_file.o)
    0x080007bc   0x080007bc   0x000000a4   Code   RO         3233    .text               c_w.l(strtod.o)
    0x08000860   0x08000860   0x00000008   Code   RO         3299    .text               c_w.l(rt_locale_intlibspace.o)
    0x08000868   0x08000868   0x00000008   Code   RO         3304    .text               c_w.l(rt_errno_addr_intlibspace.o)
    0x08000870   0x08000870   0x0000008a   Code   RO         3306    .text               c_w.l(lludiv10.o)
    0x080008fa   0x080008fa   0x00000012   Code   RO         3308    .text               c_w.l(isspace.o)
    0x0800090c   0x0800090c   0x00000030   Code   RO         3310    .text               c_w.l(_printf_char_common.o)
    0x0800093c   0x0800093c   0x00000080   Code   RO         3312    .text               c_w.l(_printf_fp_infnan.o)
    0x080009bc   0x080009bc   0x00000040   Code   RO         3314    .text               c_w.l(_sgetc.o)
    0x080009fc   0x080009fc   0x000000e4   Code   RO         3316    .text               c_w.l(bigflt0.o)
    0x08000ae0   0x08000ae0   0x00000008   Code   RO         3341    .text               c_w.l(ferror.o)
    0x08000ae8   0x08000ae8   0x00000008   Code   RO         3362    .text               c_w.l(libspace.o)
    0x08000af0   0x08000af0   0x0000004a   Code   RO         3365    .text               c_w.l(sys_stackheap_outer.o)
    0x08000b3a   0x08000b3a   0x00000002   PAD
    0x08000b3c   0x08000b3c   0x00000010   Code   RO         3367    .text               c_w.l(rt_ctype_table.o)
    0x08000b4c   0x08000b4c   0x000004f8   Code   RO         3371    .text               c_w.l(scanf_fp.o)
    0x08001044   0x08001044   0x00000012   Code   RO         3373    .text               c_w.l(exit.o)
    0x08001056   0x08001056   0x00000002   PAD
    0x08001058   0x08001058   0x00000080   Code   RO         3375    .text               c_w.l(strcmpv7m.o)
    0x080010d8   0x080010d8   0x00000320   Code   RO         3462    .text               c_w.l(scanf_hexfp.o)
    0x080013f8   0x080013f8   0x00000134   Code   RO         3464    .text               c_w.l(scanf_infnan.o)
    0x0800152c   0x0800152c   0x00000026   Code   RO         3478    .text               c_w.l(llshl.o)
    0x08001552   0x08001552   0x0000001c   Code   RO         3480    .text               c_w.l(_chval.o)
    0x0800156e   0x0800156e   0x0000003e   Code   RO         3319    CL$$btod_d2e        c_w.l(btod.o)
    0x080015ac   0x080015ac   0x00000046   Code   RO         3321    CL$$btod_d2e_denorm_low  c_w.l(btod.o)
    0x080015f2   0x080015f2   0x00000060   Code   RO         3320    CL$$btod_d2e_norm_op1  c_w.l(btod.o)
    0x08001652   0x08001652   0x00000338   Code   RO         3329    CL$$btod_div_common  c_w.l(btod.o)
    0x0800198a   0x0800198a   0x00000002   PAD
    0x0800198c   0x0800198c   0x00000084   Code   RO         3327    CL$$btod_e2d        c_w.l(btod.o)
    0x08001a10   0x08001a10   0x000000dc   Code   RO         3326    CL$$btod_e2e        c_w.l(btod.o)
    0x08001aec   0x08001aec   0x0000002a   Code   RO         3323    CL$$btod_ediv       c_w.l(btod.o)
    0x08001b16   0x08001b16   0x0000002a   Code   RO         3325    CL$$btod_edivd      c_w.l(btod.o)
    0x08001b40   0x08001b40   0x0000002a   Code   RO         3322    CL$$btod_emul       c_w.l(btod.o)
    0x08001b6a   0x08001b6a   0x0000002a   Code   RO         3324    CL$$btod_emuld      c_w.l(btod.o)
    0x08001b94   0x08001b94   0x00000244   Code   RO         3328    CL$$btod_mult_common  c_w.l(btod.o)
    0x08001dd8   0x08001dd8   0x00000002   Code   RO          335    i.BusFault_Handler  stm32f1xx_it.o
    0x08001dda   0x08001dda   0x00000002   Code   RO          336    i.DebugMon_Handler  stm32f1xx_it.o
    0x08001ddc   0x08001ddc   0x00000004   Code   RO            4    i.Error_Handler     main.o
    0x08001de0   0x08001de0   0x00000034   Code   RO         2841    i.GetBldcHall       hall.o
    0x08001e14   0x08001e14   0x00000046   Code   RO         1837    i.HAL_DMA_Abort     stm32f1xx_hal_dma.o
    0x08001e5a   0x08001e5a   0x00000002   PAD
    0x08001e5c   0x08001e5c   0x00000098   Code   RO         1838    i.HAL_DMA_Abort_IT  stm32f1xx_hal_dma.o
    0x08001ef4   0x08001ef4   0x000001e0   Code   RO         1773    i.HAL_GPIO_Init     stm32f1xx_hal_gpio.o
    0x080020d4   0x080020d4   0x0000000a   Code   RO         1775    i.HAL_GPIO_ReadPin  stm32f1xx_hal_gpio.o
    0x080020de   0x080020de   0x0000000a   Code   RO         1777    i.HAL_GPIO_WritePin  stm32f1xx_hal_gpio.o
    0x080020e8   0x080020e8   0x0000000c   Code   RO         1467    i.HAL_GetTick       stm32f1xx_hal.o
    0x080020f4   0x080020f4   0x00000010   Code   RO         1473    i.HAL_IncTick       stm32f1xx_hal.o
    0x08002104   0x08002104   0x00000024   Code   RO         1474    i.HAL_Init          stm32f1xx_hal.o
    0x08002128   0x08002128   0x00000040   Code   RO         1475    i.HAL_InitTick      stm32f1xx_hal.o
    0x08002168   0x08002168   0x0000003c   Code   RO          423    i.HAL_MspInit       stm32f1xx_hal_msp.o
    0x080021a4   0x080021a4   0x0000001a   Code   RO         1933    i.HAL_NVIC_EnableIRQ  stm32f1xx_hal_cortex.o
    0x080021be   0x080021be   0x00000002   PAD
    0x080021c0   0x080021c0   0x00000040   Code   RO         1939    i.HAL_NVIC_SetPriority  stm32f1xx_hal_cortex.o
    0x08002200   0x08002200   0x00000024   Code   RO         1940    i.HAL_NVIC_SetPriorityGrouping  stm32f1xx_hal_cortex.o
    0x08002224   0x08002224   0x0000012c   Code   RO         1631    i.HAL_RCC_ClockConfig  stm32f1xx_hal_rcc.o
    0x08002350   0x08002350   0x00000020   Code   RO         1638    i.HAL_RCC_GetPCLK1Freq  stm32f1xx_hal_rcc.o
    0x08002370   0x08002370   0x00000020   Code   RO         1639    i.HAL_RCC_GetPCLK2Freq  stm32f1xx_hal_rcc.o
    0x08002390   0x08002390   0x0000004c   Code   RO         1640    i.HAL_RCC_GetSysClockFreq  stm32f1xx_hal_rcc.o
    0x080023dc   0x080023dc   0x00000320   Code   RO         1643    i.HAL_RCC_OscConfig  stm32f1xx_hal_rcc.o
    0x080026fc   0x080026fc   0x00000028   Code   RO         1944    i.HAL_SYSTICK_Config  stm32f1xx_hal_cortex.o
    0x08002724   0x08002724   0x00000002   Code   RO         1189    i.HAL_TIMEx_BreakCallback  stm32f1xx_hal_tim_ex.o
    0x08002726   0x08002726   0x00000002   Code   RO         1190    i.HAL_TIMEx_CommutCallback  stm32f1xx_hal_tim_ex.o
    0x08002728   0x08002728   0x00000054   Code   RO         1192    i.HAL_TIMEx_ConfigBreakDeadTime  stm32f1xx_hal_tim_ex.o
    0x0800277c   0x0800277c   0x00000068   Code   RO         1208    i.HAL_TIMEx_MasterConfigSynchronization  stm32f1xx_hal_tim_ex.o
    0x080027e4   0x080027e4   0x0000005a   Code   RO          485    i.HAL_TIM_Base_Init  stm32f1xx_hal_tim.o
    0x0800283e   0x0800283e   0x00000002   PAD
    0x08002840   0x08002840   0x000000c8   Code   RO          223    i.HAL_TIM_Base_MspInit  tim.o
    0x08002908   0x08002908   0x00000058   Code   RO          490    i.HAL_TIM_Base_Start_IT  stm32f1xx_hal_tim.o
    0x08002960   0x08002960   0x000000dc   Code   RO          494    i.HAL_TIM_ConfigClockSource  stm32f1xx_hal_tim.o
    0x08002a3c   0x08002a3c   0x00000010   Code   RO          496    i.HAL_TIM_ConfigTI1Input  stm32f1xx_hal_tim.o
    0x08002a4c   0x08002a4c   0x00000014   Code   RO            5    i.HAL_TIM_IC_CaptureCallback  main.o
    0x08002a60   0x08002a60   0x00000124   Code   RO          521    i.HAL_TIM_IC_ConfigChannel  stm32f1xx_hal_tim.o
    0x08002b84   0x08002b84   0x0000005a   Code   RO          524    i.HAL_TIM_IC_Init   stm32f1xx_hal_tim.o
    0x08002bde   0x08002bde   0x00000002   Code   RO          526    i.HAL_TIM_IC_MspInit  stm32f1xx_hal_tim.o
    0x08002be0   0x08002be0   0x000000e4   Code   RO          529    i.HAL_TIM_IC_Start_IT  stm32f1xx_hal_tim.o
    0x08002cc4   0x08002cc4   0x00000166   Code   RO          533    i.HAL_TIM_IRQHandler  stm32f1xx_hal_tim.o
    0x08002e2a   0x08002e2a   0x00000002   PAD
    0x08002e2c   0x08002e2c   0x0000004c   Code   RO          224    i.HAL_TIM_MspPostInit  tim.o
    0x08002e78   0x08002e78   0x00000002   Code   RO          536    i.HAL_TIM_OC_DelayElapsedCallback  stm32f1xx_hal_tim.o
    0x08002e7a   0x08002e7a   0x000000cc   Code   RO          557    i.HAL_TIM_PWM_ConfigChannel  stm32f1xx_hal_tim.o
    0x08002f46   0x08002f46   0x0000005a   Code   RO          560    i.HAL_TIM_PWM_Init  stm32f1xx_hal_tim.o
    0x08002fa0   0x08002fa0   0x00000002   Code   RO          562    i.HAL_TIM_PWM_MspInit  stm32f1xx_hal_tim.o
    0x08002fa2   0x08002fa2   0x00000002   Code   RO          563    i.HAL_TIM_PWM_PulseFinishedCallback  stm32f1xx_hal_tim.o
    0x08002fa4   0x08002fa4   0x0000009c   Code   RO          565    i.HAL_TIM_PWM_Start  stm32f1xx_hal_tim.o
    0x08003040   0x08003040   0x00000002   Code   RO          571    i.HAL_TIM_PeriodElapsedCallback  stm32f1xx_hal_tim.o
    0x08003042   0x08003042   0x00000056   Code   RO          574    i.HAL_TIM_SlaveConfigSynchro  stm32f1xx_hal_tim.o
    0x08003098   0x08003098   0x00000002   Code   RO          576    i.HAL_TIM_TriggerCallback  stm32f1xx_hal_tim.o
    0x0800309a   0x0800309a   0x00000002   Code   RO         2445    i.HAL_UARTEx_RxEventCallback  stm32f1xx_hal_uart.o
    0x0800309c   0x0800309c   0x00000002   Code   RO         2459    i.HAL_UART_ErrorCallback  stm32f1xx_hal_uart.o
    0x0800309e   0x0800309e   0x00000002   PAD
    0x080030a0   0x080030a0   0x0000026c   Code   RO         2462    i.HAL_UART_IRQHandler  stm32f1xx_hal_uart.o
    0x0800330c   0x0800330c   0x00000064   Code   RO         2463    i.HAL_UART_Init     stm32f1xx_hal_uart.o
    0x08003370   0x08003370   0x00000080   Code   RO          277    i.HAL_UART_MspInit  usart.o
    0x080033f0   0x080033f0   0x0000001c   Code   RO         2468    i.HAL_UART_Receive_IT  stm32f1xx_hal_uart.o
    0x0800340c   0x0800340c   0x00000064   Code   RO            6    i.HAL_UART_RxCpltCallback  main.o
    0x08003470   0x08003470   0x0000009a   Code   RO         2471    i.HAL_UART_Transmit  stm32f1xx_hal_uart.o
    0x0800350a   0x0800350a   0x00000002   Code   RO         2474    i.HAL_UART_TxCpltCallback  stm32f1xx_hal_uart.o
    0x0800350c   0x0800350c   0x00000002   Code   RO          337    i.HardFault_Handler  stm32f1xx_it.o
    0x0800350e   0x0800350e   0x00000002   PAD
    0x08003510   0x08003510   0x00000048   Code   RO         3056    i.LPF_velocity      pid.o
    0x08003558   0x08003558   0x000000ac   Code   RO          194    i.MX_GPIO_Init      gpio.o
    0x08003604   0x08003604   0x000000e8   Code   RO          225    i.MX_TIM1_Init      tim.o
    0x080036ec   0x080036ec   0x000000c4   Code   RO          226    i.MX_TIM2_Init      tim.o
    0x080037b0   0x080037b0   0x00000038   Code   RO          278    i.MX_USART2_UART_Init  usart.o
    0x080037e8   0x080037e8   0x00000002   Code   RO          338    i.MemManage_Handler  stm32f1xx_it.o
    0x080037ea   0x080037ea   0x00000002   Code   RO          339    i.NMI_Handler       stm32f1xx_it.o
    0x080037ec   0x080037ec   0x000000a4   Code   RO         3057    i.PID_angle         pid.o
    0x08003890   0x08003890   0x00000040   Code   RO         3058    i.PID_init          pid.o
    0x080038d0   0x080038d0   0x00000148   Code   RO         3059    i.PID_velocity      pid.o
    0x08003a18   0x08003a18   0x00000002   Code   RO          340    i.PendSV_Handler    stm32f1xx_it.o
    0x08003a1a   0x08003a1a   0x00000002   Code   RO          341    i.SVC_Handler       stm32f1xx_it.o
    0x08003a1c   0x08003a1c   0x00000004   Code   RO          342    i.SysTick_Handler   stm32f1xx_it.o
    0x08003a20   0x08003a20   0x00000056   Code   RO            7    i.SystemClock_Config  main.o
    0x08003a76   0x08003a76   0x00000002   PAD
    0x08003a78   0x08003a78   0x0000000c   Code   RO          343    i.TIM2_IRQHandler   stm32f1xx_it.o
    0x08003a84   0x08003a84   0x0000006c   Code   RO          578    i.TIM_Base_SetConfig  stm32f1xx_hal_tim.o
    0x08003af0   0x08003af0   0x0000001a   Code   RO          579    i.TIM_CCxChannelCmd  stm32f1xx_hal_tim.o
    0x08003b0a   0x08003b0a   0x00000014   Code   RO          589    i.TIM_ETR_SetConfig  stm32f1xx_hal_tim.o
    0x08003b1e   0x08003b1e   0x00000010   Code   RO          590    i.TIM_ITRx_SetConfig  stm32f1xx_hal_tim.o
    0x08003b2e   0x08003b2e   0x00000002   PAD
    0x08003b30   0x08003b30   0x00000050   Code   RO          591    i.TIM_OC1_SetConfig  stm32f1xx_hal_tim.o
    0x08003b80   0x08003b80   0x00000058   Code   RO          592    i.TIM_OC2_SetConfig  stm32f1xx_hal_tim.o
    0x08003bd8   0x08003bd8   0x00000058   Code   RO          593    i.TIM_OC3_SetConfig  stm32f1xx_hal_tim.o
    0x08003c30   0x08003c30   0x00000044   Code   RO          594    i.TIM_OC4_SetConfig  stm32f1xx_hal_tim.o
    0x08003c74   0x08003c74   0x0000008c   Code   RO          595    i.TIM_SlaveTimer_SetConfig  stm32f1xx_hal_tim.o
    0x08003d00   0x08003d00   0x00000022   Code   RO          596    i.TIM_TI1_ConfigInputStage  stm32f1xx_hal_tim.o
    0x08003d22   0x08003d22   0x00000002   PAD
    0x08003d24   0x08003d24   0x00000058   Code   RO          597    i.TIM_TI1_SetConfig  stm32f1xx_hal_tim.o
    0x08003d7c   0x08003d7c   0x00000024   Code   RO          598    i.TIM_TI2_ConfigInputStage  stm32f1xx_hal_tim.o
    0x08003da0   0x08003da0   0x00000036   Code   RO          599    i.TIM_TI2_SetConfig  stm32f1xx_hal_tim.o
    0x08003dd6   0x08003dd6   0x00000010   Code   RO         2476    i.UART_DMAAbortOnError  stm32f1xx_hal_uart.o
    0x08003de6   0x08003de6   0x0000004e   Code   RO         2486    i.UART_EndRxTransfer  stm32f1xx_hal_uart.o
    0x08003e34   0x08003e34   0x000000c2   Code   RO         2488    i.UART_Receive_IT   stm32f1xx_hal_uart.o
    0x08003ef6   0x08003ef6   0x00000002   PAD
    0x08003ef8   0x08003ef8   0x000000b8   Code   RO         2489    i.UART_SetConfig    stm32f1xx_hal_uart.o
    0x08003fb0   0x08003fb0   0x00000036   Code   RO         2491    i.UART_Start_Receive_IT  stm32f1xx_hal_uart.o
    0x08003fe6   0x08003fe6   0x00000078   Code   RO         2492    i.UART_WaitOnFlagUntilTimeout  stm32f1xx_hal_uart.o
    0x0800405e   0x0800405e   0x00000002   PAD
    0x08004060   0x08004060   0x0000000c   Code   RO          344    i.USART2_IRQHandler  stm32f1xx_it.o
    0x0800406c   0x0800406c   0x00000002   Code   RO          345    i.UsageFault_Handler  stm32f1xx_it.o
    0x0800406e   0x0800406e   0x00000028   Code   RO         3358    i.__ARM_fpclassify  m_ws.l(fpclassify.o)
    0x08004096   0x08004096   0x00000020   Code   RO         1946    i.__NVIC_SetPriority  stm32f1xx_hal_cortex.o
    0x080040b6   0x080040b6   0x000000aa   Code   RO         3360    i.__kernel_poly     m_ws.l(poly.o)
    0x08004160   0x08004160   0x00000006   Code   RO         3267    i.__mathlib_dbl_infnan  m_ws.l(dunder.o)
    0x08004166   0x08004166   0x00000004   Code   RO         3268    i.__mathlib_dbl_infnan2  m_ws.l(dunder.o)
    0x0800416a   0x0800416a   0x0000000c   Code   RO         3269    i.__mathlib_dbl_invalid  m_ws.l(dunder.o)
    0x08004176   0x08004176   0x0000000e   Code   RO         3270    i.__mathlib_dbl_overflow  m_ws.l(dunder.o)
    0x08004184   0x08004184   0x00000010   Code   RO         3272    i.__mathlib_dbl_underflow  m_ws.l(dunder.o)
    0x08004194   0x08004194   0x00000010   Code   RO         3449    i.__mathlib_narrow  m_ws.l(narrow.o)
    0x080041a4   0x080041a4   0x000000bc   Code   RO         3450    i.__mathlib_tofloat  m_ws.l(narrow.o)
    0x08004260   0x08004260   0x00000016   Code   RO         3490    i.__support_ldexp   m_ws.l(ldexp.o)
    0x08004276   0x08004276   0x00000014   Code   RO         3006    i._electricalAngle  foc_utils.o
    0x0800428a   0x0800428a   0x0000000e   Code   RO         3123    i._is_digit         c_w.l(__printf_wp.o)
    0x08004298   0x08004298   0x00000040   Code   RO         3007    i._normalizeAngle   foc_utils.o
    0x080042d8   0x080042d8   0x00000128   Code   RO         3008    i._sin              foc_utils.o
    0x08004400   0x08004400   0x00000010   Code   RO         3009    i._sqrtApprox       foc_utils.o
    0x08004410   0x08004410   0x00000002   Code   RO          279    i._sys_exit         usart.o
    0x08004412   0x08004412   0x00000002   PAD
    0x08004414   0x08004414   0x000000e8   Code   RO         2949    i.angleOpenloop     bldcmotor.o
    0x080044fc   0x080044fc   0x00000220   Code   RO         3257    i.atan              m_ws.l(atan.o)
    0x0800471c   0x0800471c   0x0000019c   Code   RO         3204    i.atan2             m_ws.l(atan2.o)
    0x080048b8   0x080048b8   0x0000002a   Code   RO         3212    i.atof              m_ws.l(atof.o)
    0x080048e2   0x080048e2   0x00000002   PAD
    0x080048e4   0x080048e4   0x00000060   Code   RO            8    i.commander_run     main.o
    0x08004944   0x08004944   0x00000094   Code   RO         3216    i.fmod              m_ws.l(fmod.o)
    0x080049d8   0x080049d8   0x00000018   Code   RO          280    i.fputc             usart.o
    0x080049f0   0x080049f0   0x00000058   Code   RO         3471    i.frexp             m_ws.l(frexp.o)
    0x08004a48   0x08004a48   0x00000044   Code   RO         2842    i.getAngle          hall.o
    0x08004a8c   0x08004a8c   0x00000080   Code   RO         2843    i.getVelocity       hall.o
    0x08004b0c   0x08004b0c   0x00000074   Code   RO         3491    i.ldexp             m_ws.l(ldexp.o)
    0x08004b80   0x08004b80   0x00000054   Code   RO         2950    i.loopFOC           bldcmotor.o
    0x08004bd4   0x08004bd4   0x00000140   Code   RO            9    i.main              main.o
    0x08004d14   0x08004d14   0x000000b0   Code   RO         2951    i.move              bldcmotor.o
    0x08004dc4   0x08004dc4   0x00000294   Code   RO         2952    i.setPhaseVoltage   bldcmotor.o
    0x08005058   0x08005058   0x0000000e   Code   RO         2910    i.shaftVelocity     focmotor.o
    0x08005066   0x08005066   0x00000002   PAD
    0x08005068   0x08005068   0x00000090   Code   RO         2844    i.updateState       hall.o
    0x080050f8   0x080050f8   0x00000098   Code   RO         2953    i.velocityOpenloop  bldcmotor.o
    0x08005190   0x08005190   0x0000002c   Code   RO         3346    locale$$code        c_w.l(lc_numeric_c.o)
    0x080051bc   0x080051bc   0x0000002c   Code   RO         3433    locale$$code        c_w.l(lc_ctype_c.o)
    0x080051e8   0x080051e8   0x00000062   Code   RO         3141    x$fpl$d2f           fz_ws.l(d2f.o)
    0x0800524a   0x0800524a   0x00000002   PAD
    0x0800524c   0x0800524c   0x00000150   Code   RO         3143    x$fpl$dadd          fz_ws.l(daddsub_clz.o)
    0x0800539c   0x0800539c   0x00000010   Code   RO         3235    x$fpl$dcheck1       fz_ws.l(dcheck1.o)
    0x080053ac   0x080053ac   0x00000018   Code   RO         3348    x$fpl$dcmpinf       fz_ws.l(dcmpi.o)
    0x080053c4   0x080053c4   0x000002b0   Code   RO         3150    x$fpl$ddiv          fz_ws.l(ddiv.o)
    0x08005674   0x08005674   0x00000078   Code   RO         3237    x$fpl$deqf          fz_ws.l(deqf.o)
    0x080056ec   0x080056ec   0x0000005e   Code   RO         3153    x$fpl$dfix          fz_ws.l(dfix.o)
    0x0800574a   0x0800574a   0x00000002   PAD
    0x0800574c   0x0800574c   0x0000005a   Code   RO         3157    x$fpl$dfixu         fz_ws.l(dfixu.o)
    0x080057a6   0x080057a6   0x0000002e   Code   RO         3162    x$fpl$dflt          fz_ws.l(dflt_clz.o)
    0x080057d4   0x080057d4   0x00000026   Code   RO         3161    x$fpl$dfltu         fz_ws.l(dflt_clz.o)
    0x080057fa   0x080057fa   0x00000002   PAD
    0x080057fc   0x080057fc   0x00000078   Code   RO         3239    x$fpl$dleqf         fz_ws.l(dleqf.o)
    0x08005874   0x08005874   0x00000154   Code   RO         3167    x$fpl$dmul          fz_ws.l(dmul.o)
    0x080059c8   0x080059c8   0x0000009c   Code   RO         3241    x$fpl$dnaninf       fz_ws.l(dnaninf.o)
    0x08005a64   0x08005a64   0x00000150   Code   RO         3243    x$fpl$drem          fz_ws.l(drem_clz.o)
    0x08005bb4   0x08005bb4   0x0000000c   Code   RO         3245    x$fpl$dretinf       fz_ws.l(dretinf.o)
    0x08005bc0   0x08005bc0   0x0000006c   Code   RO         3169    x$fpl$drleqf        fz_ws.l(drleqf.o)
    0x08005c2c   0x08005c2c   0x00000016   Code   RO         3144    x$fpl$drsb          fz_ws.l(daddsub_clz.o)
    0x08005c42   0x08005c42   0x00000002   PAD
    0x08005c44   0x08005c44   0x000001d4   Code   RO         3145    x$fpl$dsub          fz_ws.l(daddsub_clz.o)
    0x08005e18   0x08005e18   0x00000056   Code   RO         3171    x$fpl$f2d           fz_ws.l(f2d.o)
    0x08005e6e   0x08005e6e   0x00000002   PAD
    0x08005e70   0x08005e70   0x000000c4   Code   RO         3173    x$fpl$fadd          fz_ws.l(faddsub_clz.o)
    0x08005f34   0x08005f34   0x0000000c   Code   RO         3247    x$fpl$fcheck1       fz_ws.l(fcheck1.o)
    0x08005f40   0x08005f40   0x00000018   Code   RO         3350    x$fpl$fcmpinf       fz_ws.l(fcmpi.o)
    0x08005f58   0x08005f58   0x00000184   Code   RO         3180    x$fpl$fdiv          fz_ws.l(fdiv.o)
    0x080060dc   0x080060dc   0x0000003e   Code   RO         3183    x$fpl$ffixu         fz_ws.l(ffixu.o)
    0x0800611a   0x0800611a   0x00000002   PAD
    0x0800611c   0x0800611c   0x00000030   Code   RO         3188    x$fpl$fflt          fz_ws.l(fflt_clz.o)
    0x0800614c   0x0800614c   0x00000026   Code   RO         3187    x$fpl$ffltu         fz_ws.l(fflt_clz.o)
    0x08006172   0x08006172   0x00000002   PAD
    0x08006174   0x08006174   0x00000068   Code   RO         3249    x$fpl$fleqf         fz_ws.l(fleqf.o)
    0x080061dc   0x080061dc   0x00000102   Code   RO         3193    x$fpl$fmul          fz_ws.l(fmul.o)
    0x080062de   0x080062de   0x0000008c   Code   RO         3251    x$fpl$fnaninf       fz_ws.l(fnaninf.o)
    0x0800636a   0x0800636a   0x0000000a   Code   RO         3253    x$fpl$fretinf       fz_ws.l(fretinf.o)
    0x08006374   0x08006374   0x00000062   Code   RO         3195    x$fpl$frleqf        fz_ws.l(frleqf.o)
    0x080063d6   0x080063d6   0x00000014   Code   RO         3174    x$fpl$frsb          fz_ws.l(faddsub_clz.o)
    0x080063ea   0x080063ea   0x00000002   PAD
    0x080063ec   0x080063ec   0x000000ea   Code   RO         3175    x$fpl$fsub          fz_ws.l(faddsub_clz.o)
    0x080064d6   0x080064d6   0x00000006   Code   RO         3352    x$fpl$ieeestatus    fz_ws.l(istatus.o)
    0x080064dc   0x080064dc   0x00000004   Code   RO         3197    x$fpl$printf1       fz_ws.l(printf1.o)
    0x080064e0   0x080064e0   0x00000064   Code   RO         3354    x$fpl$retnan        fz_ws.l(retnan.o)
    0x08006544   0x08006544   0x0000005c   Code   RO         3199    x$fpl$scalbn        fz_ws.l(scalbn.o)
    0x080065a0   0x080065a0   0x0000004c   Code   RO         3201    x$fpl$scalbnf       fz_ws.l(scalbnf.o)
    0x080065ec   0x080065ec   0x00000004   Code   RO         3356    x$fpl$scanf1        fz_ws.l(scanf1.o)
    0x080065f0   0x080065f0   0x00000008   Code   RO         3443    x$fpl$scanf2        fz_ws.l(scanf2.o)
    0x080065f8   0x080065f8   0x00000030   Code   RO         3428    x$fpl$trapveneer    fz_ws.l(trapv.o)
    0x08006628   0x08006628   0x00000000   Code   RO         3255    x$fpl$usenofp       fz_ws.l(usenofp.o)
    0x08006628   0x08006628   0x00000012   Data   RO         1644    .constdata          stm32f1xx_hal_rcc.o
    0x0800663a   0x0800663a   0x00000010   Data   RO         2805    .constdata          system_stm32f1xx.o
    0x0800664a   0x0800664a   0x00000008   Data   RO         2806    .constdata          system_stm32f1xx.o
    0x08006652   0x08006652   0x00000008   Data   RO         2845    .constdata          hall.o
    0x0800665a   0x0800665a   0x00000002   PAD
    0x0800665c   0x0800665c   0x00000320   Data   RO         3010    .constdata          foc_utils.o
    0x0800697c   0x0800697c   0x00000004   PAD
    0x08006980   0x08006980   0x00000098   Data   RO         3258    .constdata          m_ws.l(atan.o)
    0x08006a18   0x08006a18   0x00000008   Data   RO         3280    .constdata          m_ws.l(qnan.o)
    0x08006a20   0x08006a20   0x00000094   Data   RO         3317    .constdata          c_w.l(bigflt0.o)
    0x08006ab4   0x08006ab4   0x00000020   Data   RO         3550    Region$$Table       anon$$obj.o
    0x08006ad4   0x08006ad4   0x00000008   Data   RO         3437    c$$dinf             fz_ws.l(fpconst.o)
    0x08006adc   0x08006adc   0x00000008   Data   RO         3440    c$$dmax             fz_ws.l(fpconst.o)
    0x08006ae4   0x08006ae4   0x0000001c   Data   RO         3345    locale$$data        c_w.l(lc_numeric_c.o)
    0x08006b00   0x08006b00   0x00000110   Data   RO         3432    locale$$data        c_w.l(lc_ctype_c.o)


    Execution Region RW_IRAM1 (Exec base: 0x20000000, Load base: 0x08006c10, Size: 0x00000800, Max: 0x00005000, ABSOLUTE)

    Exec Addr    Load Addr    Size         Type   Attr      Idx    E Section Name        Object

    0x20000000   0x08006c10   0x00000008   Data   RW           11    .data               main.o
    0x20000008   0x08006c18   0x00000004   Data   RW          282    .data               usart.o
    0x2000000c   0x08006c1c   0x0000000c   Data   RW         1481    .data               stm32f1xx_hal.o
    0x20000018   0x08006c28   0x00000004   Data   RW         2807    .data               system_stm32f1xx.o
    0x2000001c   0x08006c2c   0x0000001c   Data   RW         2846    .data               hall.o
    0x20000038   0x08006c48   0x00000004   Data   RW         2911    .data               focmotor.o
    0x2000003c   0x08006c4c   0x00000004   Data   RW         2912    .data               focmotor.o
    0x20000040   0x08006c50   0x00000004   Data   RW         2913    .data               focmotor.o
    0x20000044   0x08006c54   0x00000004   Data   RW         2914    .data               focmotor.o
    0x20000048   0x08006c58   0x00000004   Data   RW         2915    .data               focmotor.o
    0x2000004c   0x08006c5c   0x00000004   Data   RW         2916    .data               focmotor.o
    0x20000050   0x08006c60   0x00000008   Data   RW         2917    .data               focmotor.o
    0x20000058   0x08006c68   0x00000001   Data   RW         2919    .data               focmotor.o
    0x20000059   0x08006c69   0x00000001   Data   RW         2920    .data               focmotor.o
    0x2000005a   0x08006c6a   0x00000002   PAD
    0x2000005c   0x08006c6c   0x00000018   Data   RW         2954    .data               bldcmotor.o
    0x20000074   0x08006c84   0x00000004   Data   RW         2955    .data               bldcmotor.o
    0x20000078   0x08006c88   0x00000030   Data   RW         3060    .data               pid.o
    0x200000a8        -       0x00000020   Zero   RW           10    .bss                main.o
    0x200000c8        -       0x00000090   Zero   RW          227    .bss                tim.o
    0x20000158        -       0x00000048   Zero   RW          281    .bss                usart.o
    0x200001a0        -       0x00000060   Zero   RW         3363    .bss                c_w.l(libspace.o)
    0x20000200        -       0x00000200   Zero   RW         2794    HEAP                startup_stm32f10x_md.o
    0x20000400        -       0x00000400   Zero   RW         2793    STACK               startup_stm32f10x_md.o


==============================================================================

Image component sizes


      Code (inc. data)   RO Data    RW Data    ZI Data      Debug   Object Name

      1304        160          0         28          0       4257   bldcmotor.o
       396         56        800          0          0       2843   foc_utils.o
        14          0          0         34          0       1559   focmotor.o
       172         14          0          0          0        935   gpio.o
       392         50          8         28          0       4167   hall.o
       626        148          0          8         32     454813   main.o
       628         70          0         48          0       3274   pid.o
        56         22        236          0       1536        792   startup_stm32f10x_md.o
       128         24          0         12          0       5213   stm32f1xx_hal.o
       198         14          0          0          0      28863   stm32f1xx_hal_cortex.o
       222          4          0          0          0       1735   stm32f1xx_hal_dma.o
       500         34          0          0          0       3471   stm32f1xx_hal_gpio.o
        60          8          0          0          0        846   stm32f1xx_hal_msp.o
      1240         84         18          0          0       5040   stm32f1xx_hal_rcc.o
      2776         90          0          0          0      22803   stm32f1xx_hal_tim.o
       192         12          0          0          0       3129   stm32f1xx_hal_tim_ex.o
      1554         10          0          0          0      10720   stm32f1xx_hal_uart.o
        44         12          0          0          0       4600   stm32f1xx_it.o
         0          0         24          4          0        666   system_stm32f1xx.o
       704         50          0          0        144       3337   tim.o
       210         26          0          4         72       3866   usart.o

    ----------------------------------------------------------------------
     11442        888       1124        168       1784     566929   Object Totals
         0          0         32          0          0          0   (incl. Generated)
        26          0          6          2          0          0   (incl. Padding)

    ----------------------------------------------------------------------

      Code (inc. data)   RO Data    RW Data    ZI Data      Debug   Library Member Name

         8          0          0          0          0         68   __main.o
       284          0          0          0          0        156   __printf_wp.o
         0          0          0          0          0          0   __rtentry.o
        12          0          0          0          0          0   __rtentry2.o
         6          0          0          0          0          0   __rtentry4.o
        52          8          0          0          0          0   __scatter.o
        26          0          0          0          0          0   __scatter_copy.o
        28          0          0          0          0          0   __scatter_zi.o
        28          0          0          0          0         68   _chval.o
        48          6          0          0          0         96   _printf_char_common.o
        36          4          0          0          0         80   _printf_char_file.o
         6          0          0          0          0          0   _printf_f.o
      1054          0          0          0          0        216   _printf_fp_dec.o
       128         16          0          0          0         84   _printf_fp_infnan.o
         0          0          0          0          0          0   _printf_percent.o
         4          0          0          0          0          0   _printf_percent_end.o
        22          0          0          0          0        100   _rserrno.o
        64          0          0          0          0         84   _sgetc.o
       228          4        148          0          0         96   bigflt0.o
      2152        136          0          0          0        960   btod.o
        18          0          0          0          0         80   exit.o
         8          0          0          0          0         68   ferror.o
         6          0          0          0          0        152   heapauxi.o
        18          0          0          0          0         76   isspace.o
        44         10        272          0          0         76   lc_ctype_c.o
        44         10         28          0          0         76   lc_numeric_c.o
         2          0          0          0          0          0   libinit.o
        30          0          0          0          0          0   libinit2.o
         2          0          0          0          0          0   libshutdown.o
         2          0          0          0          0          0   libshutdown2.o
         8          4          0          0         96         68   libspace.o
        38          0          0          0          0         68   llshl.o
       138          0          0          0          0         80   lludiv10.o
        24          4          0          0          0         84   noretval__2printf.o
        16          4          0          0          0         76   rt_ctype_table.o
         8          4          0          0          0         68   rt_errno_addr_intlibspace.o
         8          4          0          0          0         68   rt_locale_intlibspace.o
        78          0          0          0          0         80   rt_memclr_w.o
         2          0          0          0          0          0   rtexit.o
        10          0          0          0          0          0   rtexit2.o
      1272         16          0          0          0        168   scanf_fp.o
       800         14          0          0          0        100   scanf_hexfp.o
       308         16          0          0          0        100   scanf_infnan.o
       128          0          0          0          0         68   strcmpv7m.o
       164         14          0          0          0        120   strtod.o
        74          0          0          0          0         80   sys_stackheap_outer.o
         2          0          0          0          0         68   use_no_semi.o
         2          0          0          0          0         68   use_no_semi_2.o
        98          4          0          0          0         92   d2f.o
       826         16          0          0          0        348   daddsub_clz.o
        16          4          0          0          0         68   dcheck1.o
        24          0          0          0          0         68   dcmpi.o
       688        140          0          0          0        208   ddiv.o
       120          4          0          0          0         92   deqf.o
        94          4          0          0          0         92   dfix.o
        90          4          0          0          0         92   dfixu.o
        84          0          0          0          0        136   dflt_clz.o
       120          4          0          0          0         92   dleqf.o
       340         12          0          0          0        104   dmul.o
       156          4          0          0          0         92   dnaninf.o
       336         12          0          0          0         88   drem_clz.o
        12          0          0          0          0         68   dretinf.o
       108          0          0          0          0         80   drleqf.o
        86          4          0          0          0         84   f2d.o
       450          8          0          0          0        236   faddsub_clz.o
        12          4          0          0          0         68   fcheck1.o
        24          0          0          0          0         68   fcmpi.o
       388         76          0          0          0         96   fdiv.o
        62          4          0          0          0         84   ffixu.o
        86          0          0          0          0        136   fflt_clz.o
       104          4          0          0          0         84   fleqf.o
       258          4          0          0          0         84   fmul.o
       140          4          0          0          0         84   fnaninf.o
         0          0         16          0          0          0   fpconst.o
        10          0          0          0          0         68   fretinf.o
        98          0          0          0          0         68   frleqf.o
         6          0          0          0          0         68   istatus.o
         4          0          0          0          0         68   printf1.o
       100          0          0          0          0         68   retnan.o
        92          0          0          0          0         68   scalbn.o
        76          0          0          0          0         68   scalbnf.o
         4          0          0          0          0         68   scanf1.o
         8          0          0          0          0         84   scanf2.o
        48          0          0          0          0         68   trapv.o
         0          0          0          0          0          0   usenofp.o
       544         70        152          0          0        124   atan.o
       412         38          0          0          0        144   atan2.o
        42          0          0          0          0         84   atof.o
        52          6          0          0          0        340   dunder.o
       148          4          0          0          0         88   fmod.o
        40          0          0          0          0         68   fpclassify.o
        88          8          0          0          0         76   frexp.o
       138          0          0          0          0        160   ldexp.o
       204          4          0          0          0        168   narrow.o
       170          0          0          0          0         96   poly.o
         0          0          8          0          0          0   qnan.o

    ----------------------------------------------------------------------
     14474        722        624          0         96       8688   Library Totals
        28          2          0          0          0          0   (incl. Padding)

    ----------------------------------------------------------------------

      Code (inc. data)   RO Data    RW Data    ZI Data      Debug   Library Name

      7440        274        448          0         96       3900   c_w.l
      5168        316         16          0          0       3440   fz_ws.l
      1838        130        160          0          0       1348   m_ws.l

    ----------------------------------------------------------------------
     14474        722        624          0         96       8688   Library Totals

    ----------------------------------------------------------------------

==============================================================================


      Code (inc. data)   RO Data    RW Data    ZI Data      Debug   

     25916       1610       1748        168       1880     565005   Grand Totals
     25916       1610       1748        168       1880     565005   ELF Image Totals
     25916       1610       1748        168          0          0   ROM Totals

==============================================================================

    Total RO  Size (Code + RO Data)                27664 (  27.02kB)
    Total RW  Size (RW Data + ZI Data)              2048 (   2.00kB)
    Total ROM Size (Code + RO Data + RW Data)      27832 (  27.18kB)

==============================================================================

