Component: ARM Compiler 5.06 update 7 (build 960) Tool: armlink [4d3601]

==============================================================================

Section Cross References

    hall.o(i.GetBldcHall) refers to stm32f1xx_hal_gpio.o(i.HAL_GPIO_ReadPin) for HAL_GPIO_ReadPin
    hall.o(i._normalizeAngle) refers to f2d.o(x$fpl$f2d) for __aeabi_f2d
    hall.o(i._normalizeAngle) refers to fmod.o(i.fmod) for fmod
    hall.o(i._normalizeAngle) refers to d2f.o(x$fpl$d2f) for __aeabi_d2f
    hall.o(i._normalizeAngle) refers to faddsub_clz.o(x$fpl$fadd) for __aeabi_fadd
    hall.o(i.getAngle) refers to fflt_clz.o(x$fpl$fflt) for __aeabi_i2f
    hall.o(i.getAngle) refers to fdiv.o(x$fpl$fdiv) for __aeabi_fdiv
    hall.o(i.getAngle) refers to fmul.o(x$fpl$fmul) for __aeabi_fmul
    hall.o(i.getAngle) refers to hall.o(.data) for .data
    hall.o(i.getVelocity) refers to fflt_clz.o(x$fpl$fflt) for __aeabi_i2f
    hall.o(i.getVelocity) refers to fdiv.o(x$fpl$fdiv) for __aeabi_fdiv
    hall.o(i.getVelocity) refers to fmul.o(x$fpl$fmul) for __aeabi_fmul
    hall.o(i.getVelocity) refers to hall.o(.data) for .data
    hall.o(i.updateState) refers to hall.o(i.GetBldcHall) for GetBldcHall
    hall.o(i.updateState) refers to hall.o(.data) for .data
    hall.o(i.updateState) refers to hall.o(.constdata) for .constdata
    main.o(i.HAL_TIM_IC_CaptureCallback) refers to hall.o(i.updateState) for updateState
    main.o(i.SystemClock_Config) refers to rt_memclr_w.o(.text) for __aeabi_memclr4
    main.o(i.SystemClock_Config) refers to stm32f1xx_hal_rcc.o(i.HAL_RCC_OscConfig) for HAL_RCC_OscConfig
    main.o(i.SystemClock_Config) refers to stm32f1xx_hal_rcc.o(i.HAL_RCC_ClockConfig) for HAL_RCC_ClockConfig
    main.o(i.main) refers to _printf_percent.o(.ARM.Collect$$_printf_percent$$00000000) for _printf_percent
    main.o(i.main) refers to _printf_f.o(.ARM.Collect$$_printf_percent$$00000003) for _printf_f
    main.o(i.main) refers to printf1.o(x$fpl$printf1) for _printf_fp_dec
    main.o(i.main) refers to stm32f1xx_hal.o(i.HAL_Init) for HAL_Init
    main.o(i.main) refers to main.o(i.SystemClock_Config) for SystemClock_Config
    main.o(i.main) refers to gpio.o(i.MX_GPIO_Init) for MX_GPIO_Init
    main.o(i.main) refers to tim.o(i.MX_TIM2_Init) for MX_TIM2_Init
    main.o(i.main) refers to usart.o(i.MX_USART2_UART_Init) for MX_USART2_UART_Init
    main.o(i.main) refers to tim.o(i.MX_TIM3_Init) for MX_TIM3_Init
    main.o(i.main) refers to stm32f1xx_hal_tim.o(i.HAL_TIM_Base_Start) for HAL_TIM_Base_Start
    main.o(i.main) refers to stm32f1xx_hal_tim.o(i.HAL_TIM_SlaveConfigSynchro) for HAL_TIM_SlaveConfigSynchro
    main.o(i.main) refers to stm32f1xx_hal_tim.o(i.HAL_TIM_Base_Start_IT) for HAL_TIM_Base_Start_IT
    main.o(i.main) refers to stm32f1xx_hal_tim.o(i.HAL_TIM_IC_Start_IT) for HAL_TIM_IC_Start_IT
    main.o(i.main) refers to noretval__2printf.o(.text) for __2printf
    main.o(i.main) refers to hall.o(i.getAngle) for getAngle
    main.o(i.main) refers to fmul.o(x$fpl$fmul) for __aeabi_fmul
    main.o(i.main) refers to hall.o(i._normalizeAngle) for _normalizeAngle
    main.o(i.main) refers to f2d.o(x$fpl$f2d) for __aeabi_f2d
    main.o(i.main) refers to tim.o(.bss) for htim3
    tim.o(i.HAL_TIM_Base_MspDeInit) refers to stm32f1xx_hal_gpio.o(i.HAL_GPIO_DeInit) for HAL_GPIO_DeInit
    tim.o(i.HAL_TIM_Base_MspDeInit) refers to stm32f1xx_hal_cortex.o(i.HAL_NVIC_DisableIRQ) for HAL_NVIC_DisableIRQ
    tim.o(i.HAL_TIM_Base_MspInit) refers to stm32f1xx_hal_gpio.o(i.HAL_GPIO_Init) for HAL_GPIO_Init
    tim.o(i.HAL_TIM_Base_MspInit) refers to stm32f1xx_hal_cortex.o(i.HAL_NVIC_SetPriority) for HAL_NVIC_SetPriority
    tim.o(i.HAL_TIM_Base_MspInit) refers to stm32f1xx_hal_cortex.o(i.HAL_NVIC_EnableIRQ) for HAL_NVIC_EnableIRQ
    tim.o(i.MX_TIM2_Init) refers to stm32f1xx_hal_tim.o(i.HAL_TIM_Base_Init) for HAL_TIM_Base_Init
    tim.o(i.MX_TIM2_Init) refers to main.o(i.Error_Handler) for Error_Handler
    tim.o(i.MX_TIM2_Init) refers to stm32f1xx_hal_tim.o(i.HAL_TIM_ConfigClockSource) for HAL_TIM_ConfigClockSource
    tim.o(i.MX_TIM2_Init) refers to stm32f1xx_hal_tim.o(i.HAL_TIM_IC_Init) for HAL_TIM_IC_Init
    tim.o(i.MX_TIM2_Init) refers to stm32f1xx_hal_tim_ex.o(i.HAL_TIMEx_MasterConfigSynchronization) for HAL_TIMEx_MasterConfigSynchronization
    tim.o(i.MX_TIM2_Init) refers to stm32f1xx_hal_tim.o(i.HAL_TIM_IC_ConfigChannel) for HAL_TIM_IC_ConfigChannel
    tim.o(i.MX_TIM2_Init) refers to stm32f1xx_hal_tim.o(i.HAL_TIM_ConfigTI1Input) for HAL_TIM_ConfigTI1Input
    tim.o(i.MX_TIM2_Init) refers to tim.o(.bss) for .bss
    tim.o(i.MX_TIM3_Init) refers to stm32f1xx_hal_tim.o(i.HAL_TIM_Base_Init) for HAL_TIM_Base_Init
    tim.o(i.MX_TIM3_Init) refers to main.o(i.Error_Handler) for Error_Handler
    tim.o(i.MX_TIM3_Init) refers to stm32f1xx_hal_tim.o(i.HAL_TIM_ConfigClockSource) for HAL_TIM_ConfigClockSource
[...]
    ../clib/printf.c                         0x00000000   Number         0  __printf_flags_ss.o ABSOLUTE
    ../clib/printf.c                         0x00000000   Number         0  __printf_flags_wp.o ABSOLUTE
    ../clib/printf.c                         0x00000000   Number         0  _printf_char_file.o ABSOLUTE
    ../clib/printf.c                         0x00000000   Number         0  __printf_ss_wp.o ABSOLUTE
    ../clib/printf.c                         0x00000000   Number         0  _printf_fp_dec.o ABSOLUTE
    ../clib/printf.c                         0x00000000   Number         0  __printf_wp.o ABSOLUTE
    ../clib/printf.c                         0x00000000   Number         0  _printf_fp_infnan.o ABSOLUTE
    ../clib/printf.c                         0x00000000   Number         0  _printf_char_common.o ABSOLUTE
    ../clib/printf.c                         0x00000000   Number         0  __printf_flags_ss_wp.o ABSOLUTE
    ../clib/printf_percent.s                 0x00000000   Number         0  _printf_f.o ABSOLUTE
    ../clib/printf_percent.s                 0x00000000   Number         0  _printf_percent.o ABSOLUTE
    ../clib/printf_percent.s                 0x00000000   Number         0  _printf_percent_end.o ABSOLUTE
    ../clib/signal.c                         0x00000000   Number         0  defsig_fpe_inner.o ABSOLUTE
    ../clib/signal.c                         0x00000000   Number         0  defsig_rtred_inner.o ABSOLUTE
    ../clib/signal.c                         0x00000000   Number         0  defsig_other.o ABSOLUTE
    ../clib/signal.c                         0x00000000   Number         0  defsig_general.o ABSOLUTE
    ../clib/signal.c                         0x00000000   Number         0  defsig_abrt_inner.o ABSOLUTE
    ../clib/signal.c                         0x00000000   Number         0  defsig_rtmem_inner.o ABSOLUTE
    ../clib/signal.c                         0x00000000   Number         0  defsig_rtmem_formal.o ABSOLUTE
    ../clib/signal.c                         0x00000000   Number         0  defsig_rtmem_outer.o ABSOLUTE
    ../clib/signal.c                         0x00000000   Number         0  defsig_exit.o ABSOLUTE
    ../clib/signal.c                         0x00000000   Number         0  __raise.o ABSOLUTE
    ../clib/signal.c                         0x00000000   Number         0  defsig_cppl_inner.o ABSOLUTE
    ../clib/signal.c                         0x00000000   Number         0  defsig_pvfn_inner.o ABSOLUTE
    ../clib/signal.c                         0x00000000   Number         0  defsig_stak_inner.o ABSOLUTE
    ../clib/signal.c                         0x00000000   Number         0  defsig_segv_inner.o ABSOLUTE
    ../clib/signal.s                         0x00000000   Number         0  defsig.o ABSOLUTE
    ../clib/stdio.c                          0x00000000   Number         0  ferror_locked.o ABSOLUTE
    ../clib/stdio.c                          0x00000000   Number         0  ferror.o ABSOLUTE
    ../clib/stdlib.c                         0x00000000   Number         0  exit.o ABSOLUTE
    ../fplib/d2f.s                           0x00000000   Number         0  d2f.o ABSOLUTE
    ../fplib/daddsub.s                       0x00000000   Number         0  daddsub_clz.o ABSOLUTE
    ../fplib/dcheck1.s                       0x00000000   Number         0  dcheck1.o ABSOLUTE
    ../fplib/ddiv.s                          0x00000000   Number         0  ddiv.o ABSOLUTE
    ../fplib/dmul.s                          0x00000000   Number         0  dmul.o ABSOLUTE
    ../fplib/dnaninf.s                       0x00000000   Number         0  dnaninf.o ABSOLUTE
    ../fplib/drem.s                          0x00000000   Number         0  drem_clz.o ABSOLUTE
    ../fplib/dretinf.s                       0x00000000   Number         0  dretinf.o ABSOLUTE
    ../fplib/f2d.s                           0x00000000   Number         0  f2d.o ABSOLUTE
    ../fplib/faddsub.s                       0x00000000   Number         0  faddsub_clz.o ABSOLUTE
    ../fplib/fdiv.s                          0x00000000   Number         0  fdiv.o ABSOLUTE
    ../fplib/fflt.s                          0x00000000   Number         0  fflt_clz.o ABSOLUTE
    ../fplib/fmul.s                          0x00000000   Number         0  fmul.o ABSOLUTE
    ../fplib/fnaninf.s                       0x00000000   Number         0  fnaninf.o ABSOLUTE
    ../fplib/fpinit.s                        0x00000000   Number         0  fpinit.o ABSOLUTE
    ../fplib/fretinf.s                       0x00000000   Number         0  fretinf.o ABSOLUTE
    ../fplib/istatus.s                       0x00000000   Number         0  istatus.o ABSOLUTE
    ../fplib/printf1.s                       0x00000000   Number         0  printf1.o ABSOLUTE
    ../fplib/retnan.s                        0x00000000   Number         0  retnan.o ABSOLUTE
    ../fplib/scalbn.s                        0x00000000   Number         0  scalbn.o ABSOLUTE
    ../fplib/trapv.s                         0x00000000   Number         0  trapv.o ABSOLUTE
    ../fplib/usenofp.s                       0x00000000   Number         0  usenofp.o ABSOLUTE
    ../mathlib/dunder.c                      0x00000000   Number         0  dunder.o ABSOLUTE
    ../mathlib/fmod.c                        0x00000000   Number         0  fmod.o ABSOLUTE
    ../mathlib/fmod.c                        0x00000000   Number         0  fmod_x.o ABSOLUTE
    ../mathlib/fpclassify.c                  0x00000000   Number         0  fpclassify.o ABSOLUTE
    ..\Core\Src\gpio.c                       0x00000000   Number         0  gpio.o ABSOLUTE
    ..\Core\Src\hall.c                       0x00000000   Number         0  hall.o ABSOLUTE
    ..\Core\Src\main.c                       0x00000000   Number         0  main.o ABSOLUTE
    ..\Core\Src\stm32f1xx_hal_msp.c          0x00000000   Number         0  stm32f1xx_hal_msp.o ABSOLUTE
    ..\Core\Src\stm32f1xx_it.c               0x00000000   Number         0  stm32f1xx_it.o ABSOLUTE
    ..\Core\Src\system_stm32f1xx.c           0x00000000   Number         0  system_stm32f1xx.o ABSOLUTE
    ..\Core\Src\tim.c                        0x00000000   Number         0  tim.o ABSOLUTE
    ..\Core\Src\usart.c                      0x00000000   Number         0  usart.o ABSOLUTE
    ..\Drivers\CMSIS\startup_stm32f10x_md.s  0x00000000   Number         0  startup_stm32f10x_md.o ABSOLUTE
    ..\Drivers\STM32F1xx_HAL_Driver\Src\stm32f1xx_hal.c 0x00000000   Number         0  stm32f1xx_hal.o ABSOLUTE
    ..\Drivers\STM32F1xx_HAL_Driver\Src\stm32f1xx_hal_cortex.c 0x00000000   Number         0  stm32f1xx_hal_cortex.o ABSOLUTE
    ..\Drivers\STM32F1xx_HAL_Driver\Src\stm32f1xx_hal_dma.c 0x00000000   Number         0  stm32f1xx_hal_dma.o ABSOLUTE
    ..\Drivers\STM32F1xx_HAL_Driver\Src\stm32f1xx_hal_exti.c 0x00000000   Number         0  stm32f1xx_hal_exti.o ABSOLUTE
    ..\Drivers\STM32F1xx_HAL_Driver\Src\stm32f1xx_hal_flash.c 0x00000000   Number         0  stm32f1xx_hal_flash.o ABSOLUTE
    ..\Drivers\STM32F1xx_HAL_Driver\Src\stm32f1xx_hal_flash_ex.c 0x00000000   Number         0  stm32f1xx_hal_flash_ex.o ABSOLUTE
    ..\Drivers\STM32F1xx_HAL_Driver\Src\stm32f1xx_hal_gpio.c 0x00000000   Number         0  stm32f1xx_hal_gpio.o ABSOLUTE
    ..\Drivers\STM32F1xx_HAL_Driver\Src\stm32f1xx_hal_gpio_ex.c 0x00000000   Number         0  stm32f1xx_hal_gpio_ex.o ABSOLUTE
    ..\Drivers\STM32F1xx_HAL_Driver\Src\stm32f1xx_hal_pwr.c 0x00000000   Number         0  stm32f1xx_hal_pwr.o ABSOLUTE
    ..\Drivers\STM32F1xx_HAL_Driver\Src\stm32f1xx_hal_rcc.c 0x00000000   Number         0  stm32f1xx_hal_rcc.o ABSOLUTE
    ..\Drivers\STM32F1xx_HAL_Driver\Src\stm32f1xx_hal_rcc_ex.c 0x00000000   Number         0  stm32f1xx_hal_rcc_ex.o ABSOLUTE
    ..\Drivers\STM32F1xx_HAL_Driver\Src\stm32f1xx_hal_tim.c 0x00000000   Number         0  stm32f1xx_hal_tim.o ABSOLUTE
    ..\Drivers\STM32F1xx_HAL_Driver\Src\stm32f1xx_hal_tim_ex.c 0x00000000   Number         0  stm32f1xx_hal_tim_ex.o ABSOLUTE
    ..\Drivers\STM32F1xx_HAL_Driver\Src\stm32f1xx_hal_uart.c 0x00000000   Number         0  stm32f1xx_hal_uart.o ABSOLUTE
    ..\\Core\\Src\\hall.c                    0x00000000   Number         0  hall.o ABSOLUTE
    dc.s                                     0x00000000   Number         0  dc.o ABSOLUTE
    RESET                                    0x08000000   Section      236  startup_stm32f10x_md.o(RESET)
    !!!main                                  0x080000ec   Section        8  __main.o(!!!main)
    !!!scatter                               0x080000f4   Section       52  __scatter.o(!!!scatter)
    !!handler_copy                           0x08000128   Section       26  __scatter_copy.o(!!handler_copy)
    !!handler_zi                             0x08000144   Section       28  __scatter_zi.o(!!handler_zi)
    .ARM.Collect$$_printf_percent$$00000000  0x08000160   Section        0  _printf_percent.o(.ARM.Collect$$_printf_percent$$00000000)
    .ARM.Collect$$_printf_percent$$00000003  0x08000160   Section        6  _printf_f.o(.ARM.Collect$$_printf_percent$$00000003)
    .ARM.Collect$$_printf_percent$$00000017  0x08000166   Section        4  _printf_percent_end.o(.ARM.Collect$$_printf_percent$$00000017)
    .ARM.Collect$$libinit$$00000000          0x0800016a   Section        2  libinit.o(.ARM.Collect$$libinit$$00000000)
    .ARM.Collect$$libinit$$00000002          0x0800016c   Section        0  libinit2.o(.ARM.Collect$$libinit$$00000002)
    .ARM.Collect$$libinit$$00000004          0x0800016c   Section        0  libinit2.o(.ARM.Collect$$libinit$$00000004)
    .ARM.Collect$$libinit$$0000000A          0x0800016c   Section        0  libinit2.o(.ARM.Collect$$libinit$$0000000A)
    .ARM.Collect$$libinit$$0000000C          0x0800016c   Section        0  libinit2.o(.ARM.Collect$$libinit$$0000000C)
    .ARM.Collect$$libinit$$0000000E          0x0800016c   Section        0  libinit2.o(.ARM.Collect$$libinit$$0000000E)
    .ARM.Collect$$libinit$$0000000F          0x0800016c   Section        6  libinit2.o(.ARM.Collect$$libinit$$0000000F)
    .ARM.Collect$$libinit$$00000011          0x08000172   Section        0  libinit2.o(.ARM.Collect$$libinit$$00000011)
    .ARM.Collect$$libinit$$00000013          0x08000172   Section        0  libinit2.o(.ARM.Collect$$libinit$$00000013)
    .ARM.Collect$$libinit$$00000015          0x08000172   Section        0  libinit2.o(.ARM.Collect$$libinit$$00000015)
    .ARM.Collect$$libinit$$00000016          0x08000172   Section       10  libinit2.o(.ARM.Collect$$libinit$$00000016)
    .ARM.Collect$$libinit$$00000017          0x0800017c   Section        0  libinit2.o(.ARM.Collect$$libinit$$00000017)
    .ARM.Collect$$libinit$$00000019          0x0800017c   Section        0  libinit2.o(.ARM.Collect$$libinit$$00000019)
    .ARM.Collect$$libinit$$0000001B          0x0800017c   Section        0  libinit2.o(.ARM.Collect$$libinit$$0000001B)
    .ARM.Collect$$libinit$$0000001D          0x0800017c   Section        0  libinit2.o(.ARM.Collect$$libinit$$0000001D)
    .ARM.Collect$$libinit$$0000001F          0x0800017c   Section        0  libinit2.o(.ARM.Collect$$libinit$$0000001F)
    .ARM.Collect$$libinit$$00000021          0x0800017c   Section        0  libinit2.o(.ARM.Collect$$libinit$$00000021)
    .ARM.Collect$$libinit$$00000023          0x0800017c   Section        0  libinit2.o(.ARM.Collect$$libinit$$00000023)
    .ARM.Collect$$libinit$$00000025          0x0800017c   Section        0  libinit2.o(.ARM.Collect$$libinit$$00000025)
    .ARM.Collect$$libinit$$0000002C          0x0800017c   Section        0  libinit2.o(.ARM.Collect$$libinit$$0000002C)
    .ARM.Collect$$libinit$$0000002E          0x0800017c   Section        0  libinit2.o(.ARM.Collect$$libinit$$0000002E)
    .ARM.Collect$$libinit$$00000030          0x0800017c   Section        0  libinit2.o(.ARM.Collect$$libinit$$00000030)
    .ARM.Collect$$libinit$$00000032          0x0800017c   Section        0  libinit2.o(.ARM.Collect$$libinit$$00000032)
    .ARM.Collect$$libinit$$00000033          0x0800017c   Section        2  libinit2.o(.ARM.Collect$$libinit$$00000033)
    .ARM.Collect$$libshutdown$$00000000      0x0800017e   Section        2  libshutdown.o(.ARM.Collect$$libshutdown$$00000000)
    .ARM.Collect$$libshutdown$$00000002      0x08000180   Section        0  libshutdown2.o(.ARM.Collect$$libshutdown$$00000002)
    .ARM.Collect$$libshutdown$$00000004      0x08000180   Section        0  libshutdown2.o(.ARM.Collect$$libshutdown$$00000004)
    .ARM.Collect$$libshutdown$$00000006      0x08000180   Section        0  libshutdown2.o(.ARM.Collect$$libshutdown$$00000006)
    .ARM.Collect$$libshutdown$$00000009      0x08000180   Section        0  libshutdown2.o(.ARM.Collect$$libshutdown$$00000009)
    .ARM.Collect$$libshutdown$$0000000C      0x08000180   Section        0  libshutdown2.o(.ARM.Collect$$libshutdown$$0000000C)
    .ARM.Collect$$libshutdown$$0000000E      0x08000180   Section        0  libshutdown2.o(.ARM.Collect$$libshutdown$$0000000E)
    .ARM.Collect$$libshutdown$$00000011      0x08000180   Section        0  libshutdown2.o(.ARM.Collect$$libshutdown$$00000011)
    .ARM.Collect$$libshutdown$$00000012      0x08000180   Section        2  libshutdown2.o(.ARM.Collect$$libshutdown$$00000012)
    .ARM.Collect$$rtentry$$00000000          0x08000182   Section        0  __rtentry.o(.ARM.Collect$$rtentry$$00000000)
    .ARM.Collect$$rtentry$$00000002          0x08000182   Section        0  __rtentry2.o(.ARM.Collect$$rtentry$$00000002)
    .ARM.Collect$$rtentry$$00000004          0x08000182   Section        6  __rtentry4.o(.ARM.Collect$$rtentry$$00000004)
    .ARM.Collect$$rtentry$$00000009          0x08000188   Section        0  __rtentry2.o(.ARM.Collect$$rtentry$$00000009)
    .ARM.Collect$$rtentry$$0000000A          0x08000188   Section        4  __rtentry2.o(.ARM.Collect$$rtentry$$0000000A)
    .ARM.Collect$$rtentry$$0000000C          0x0800018c   Section        0  __rtentry2.o(.ARM.Collect$$rtentry$$0000000C)
    .ARM.Collect$$rtentry$$0000000D          0x0800018c   Section        8  __rtentry2.o(.ARM.Collect$$rtentry$$0000000D)
    .ARM.Collect$$rtexit$$00000000           0x08000194   Section        2  rtexit.o(.ARM.Collect$$rtexit$$00000000)
    .ARM.Collect$$rtexit$$00000002           0x08000196   Section        0  rtexit2.o(.ARM.Collect$$rtexit$$00000002)
    .ARM.Collect$$rtexit$$00000003           0x08000196   Section        4  rtexit2.o(.ARM.Collect$$rtexit$$00000003)
    .ARM.Collect$$rtexit$$00000004           0x0800019a   Section        6  rtexit2.o(.ARM.Collect$$rtexit$$00000004)
    .text                                    0x080001a0   Section       56  startup_stm32f10x_md.o(.text)
    .text                                    0x080001d8   Section        2  use_no_semi_2.o(.text)
    .text                                    0x080001dc   Section        0  noretval__2printf.o(.text)
    .text                                    0x080001f4   Section        0  __printf.o(.text)
    .text                                    0x0800025c   Section       78  rt_memclr_w.o(.text)
    .text                                    0x080002aa   Section        0  heapauxi.o(.text)
    .text                                    0x080002b0   Section        2  use_no_semi.o(.text)
    .text                                    0x080002b2   Section        0  _rserrno.o(.text)
    .text                                    0x080002c8   Section        0  _printf_fp_dec.o(.text)
    _fp_digits                               0x080002cb   Thumb Code   432  _printf_fp_dec.o(.text)
    .text                                    0x080006e8   Section        0  _printf_char_file.o(.text)
    .text                                    0x0800070c   Section        8  rt_locale_intlibspace.o(.text)
    .text                                    0x08000714   Section        8  rt_errno_addr_intlibspace.o(.text)
    .text                                    0x0800071c   Section      138  lludiv10.o(.text)
    .text                                    0x080007a8   Section        0  _printf_char_common.o(.text)
    _printf_input_char                       0x080007a9   Thumb Code    10  _printf_char_common.o(.text)
    .text                                    0x080007d8   Section        0  _printf_fp_infnan.o(.text)
    .text                                    0x08000858   Section        0  bigflt0.o(.text)
    .text                                    0x0800093c   Section        0  ferror.o(.text)
    .text                                    0x08000944   Section        8  libspace.o(.text)
    .text                                    0x0800094c   Section       74  sys_stackheap_outer.o(.text)
    .text                                    0x08000996   Section        0  exit.o(.text)
    .text                                    0x080009a8   Section      128  strcmpv7m.o(.text)
    CL$$btod_d2e                             0x08000a28   Section       62  btod.o(CL$$btod_d2e)
    CL$$btod_d2e_denorm_low                  0x08000a66   Section       70  btod.o(CL$$btod_d2e_denorm_low)
    CL$$btod_d2e_norm_op1                    0x08000aac   Section       96  btod.o(CL$$btod_d2e_norm_op1)
    CL$$btod_div_common                      0x08000b0c   Section      824  btod.o(CL$$btod_div_common)
    CL$$btod_e2e                             0x08000e44   Section      220  btod.o(CL$$btod_e2e)
    CL$$btod_ediv                            0x08000f20   Section       42  btod.o(CL$$btod_ediv)
    CL$$btod_emul                            0x08000f4a   Section       42  btod.o(CL$$btod_emul)
    CL$$btod_mult_common                     0x08000f74   Section      580  btod.o(CL$$btod_mult_common)
    i.BusFault_Handler                       0x080011b8   Section        0  stm32f1xx_it.o(i.BusFault_Handler)
    i.DebugMon_Handler                       0x080011ba   Section        0  stm32f1xx_it.o(i.DebugMon_Handler)
    i.Error_Handler                          0x080011bc   Section        0  main.o(i.Error_Handler)
    i.GetBldcHall                            0x080011c0   Section        0  hall.o(i.GetBldcHall)
    i.HAL_GPIO_Init                          0x080011f4   Section        0  stm32f1xx_hal_gpio.o(i.HAL_GPIO_Init)
    i.HAL_GPIO_ReadPin                       0x080013d4   Section        0  stm32f1xx_hal_gpio.o(i.HAL_GPIO_ReadPin)
    i.HAL_GetTick                            0x080013e0   Section        0  stm32f1xx_hal.o(i.HAL_GetTick)
    i.HAL_IncTick                            0x080013ec   Section        0  stm32f1xx_hal.o(i.HAL_IncTick)
    i.HAL_Init                               0x080013fc   Section        0  stm32f1xx_hal.o(i.HAL_Init)
    i.HAL_InitTick                           0x08001420   Section        0  stm32f1xx_hal.o(i.HAL_InitTick)
    i.HAL_MspInit                            0x08001460   Section        0  stm32f1xx_hal_msp.o(i.HAL_MspInit)
    i.HAL_NVIC_EnableIRQ                     0x0800149c   Section        0  stm32f1xx_hal_cortex.o(i.HAL_NVIC_EnableIRQ)
    i.HAL_NVIC_SetPriority                   0x080014b8   Section        0  stm32f1xx_hal_cortex.o(i.HAL_NVIC_SetPriority)
    i.HAL_NVIC_SetPriorityGrouping           0x080014f8   Section        0  stm32f1xx_hal_cortex.o(i.HAL_NVIC_SetPriorityGrouping)
    i.HAL_RCC_ClockConfig                    0x0800151c   Section        0  stm32f1xx_hal_rcc.o(i.HAL_RCC_ClockConfig)
    i.HAL_RCC_GetPCLK1Freq                   0x08001648   Section        0  stm32f1xx_hal_rcc.o(i.HAL_RCC_GetPCLK1Freq)
    i.HAL_RCC_GetPCLK2Freq                   0x08001668   Section        0  stm32f1xx_hal_rcc.o(i.HAL_RCC_GetPCLK2Freq)
    i.HAL_RCC_GetSysClockFreq                0x08001688   Section        0  stm32f1xx_hal_rcc.o(i.HAL_RCC_GetSysClockFreq)
    i.HAL_RCC_OscConfig                      0x080016d4   Section        0  stm32f1xx_hal_rcc.o(i.HAL_RCC_OscConfig)
    i.HAL_SYSTICK_Config                     0x080019f4   Section        0  stm32f1xx_hal_cortex.o(i.HAL_SYSTICK_Config)
    i.HAL_TIMEx_BreakCallback                0x08001a1c   Section        0  stm32f1xx_hal_tim_ex.o(i.HAL_TIMEx_BreakCallback)
    i.HAL_TIMEx_CommutCallback               0x08001a1e   Section        0  stm32f1xx_hal_tim_ex.o(i.HAL_TIMEx_CommutCallback)
    i.HAL_TIMEx_MasterConfigSynchronization  0x08001a20   Section        0  stm32f1xx_hal_tim_ex.o(i.HAL_TIMEx_MasterConfigSynchronization)
    i.HAL_TIM_Base_Init                      0x08001a88   Section        0  stm32f1xx_hal_tim.o(i.HAL_TIM_Base_Init)
    i.HAL_TIM_Base_MspInit                   0x08001ae4   Section        0  tim.o(i.HAL_TIM_Base_MspInit)
    i.HAL_TIM_Base_Start                     0x08001bac   Section        0  stm32f1xx_hal_tim.o(i.HAL_TIM_Base_Start)
    i.HAL_TIM_Base_Start_IT                  0x08001bfc   Section        0  stm32f1xx_hal_tim.o(i.HAL_TIM_Base_Start_IT)
    i.HAL_TIM_ConfigClockSource              0x08001c54   Section        0  stm32f1xx_hal_tim.o(i.HAL_TIM_ConfigClockSource)
    i.HAL_TIM_ConfigTI1Input                 0x08001d30   Section        0  stm32f1xx_hal_tim.o(i.HAL_TIM_ConfigTI1Input)
    i.HAL_TIM_IC_CaptureCallback             0x08001d40   Section        0  main.o(i.HAL_TIM_IC_CaptureCallback)
    i.HAL_TIM_IC_ConfigChannel               0x08001d54   Section        0  stm32f1xx_hal_tim.o(i.HAL_TIM_IC_ConfigChannel)
    i.HAL_TIM_IC_Init                        0x08001e78   Section        0  stm32f1xx_hal_tim.o(i.HAL_TIM_IC_Init)
    i.HAL_TIM_IC_MspInit                     0x08001ed2   Section        0  stm32f1xx_hal_tim.o(i.HAL_TIM_IC_MspInit)
    i.HAL_TIM_IC_Start_IT                    0x08001ed4   Section        0  stm32f1xx_hal_tim.o(i.HAL_TIM_IC_Start_IT)
    i.HAL_TIM_IRQHandler                     0x08001fb8   Section        0  stm32f1xx_hal_tim.o(i.HAL_TIM_IRQHandler)
    i.HAL_TIM_OC_DelayElapsedCallback        0x0800211e   Section        0  stm32f1xx_hal_tim.o(i.HAL_TIM_OC_DelayElapsedCallback)
    i.HAL_TIM_PWM_PulseFinishedCallback      0x08002120   Section        0  stm32f1xx_hal_tim.o(i.HAL_TIM_PWM_PulseFinishedCallback)
    i.HAL_TIM_PeriodElapsedCallback          0x08002122   Section        0  stm32f1xx_hal_tim.o(i.HAL_TIM_PeriodElapsedCallback)
    i.HAL_TIM_SlaveConfigSynchro             0x08002124   Section        0  stm32f1xx_hal_tim.o(i.HAL_TIM_SlaveConfigSynchro)
    i.HAL_TIM_TriggerCallback                0x0800217a   Section        0  stm32f1xx_hal_tim.o(i.HAL_TIM_TriggerCallback)
    i.HAL_UART_Init                          0x0800217c   Section        0  stm32f1xx_hal_uart.o(i.HAL_UART_Init)
    i.HAL_UART_MspInit                       0x080021e0   Section        0  usart.o(i.HAL_UART_MspInit)
    i.HAL_UART_Transmit                      0x08002250   Section        0  stm32f1xx_hal_uart.o(i.HAL_UART_Transmit)
    i.HardFault_Handler                      0x080022ea   Section        0  stm32f1xx_it.o(i.HardFault_Handler)
    i.MX_GPIO_Init                           0x080022ec   Section        0  gpio.o(i.MX_GPIO_Init)
    i.MX_TIM2_Init                           0x08002328   Section        0  tim.o(i.MX_TIM2_Init)
    i.MX_TIM3_Init                           0x080023ec   Section        0  tim.o(i.MX_TIM3_Init)
    i.MX_USART2_UART_Init                    0x08002454   Section        0  usart.o(i.MX_USART2_UART_Init)
    i.MemManage_Handler                      0x0800248c   Section        0  stm32f1xx_it.o(i.MemManage_Handler)
    i.NMI_Handler                            0x0800248e   Section        0  stm32f1xx_it.o(i.NMI_Handler)
    i.PendSV_Handler                         0x08002490   Section        0  stm32f1xx_it.o(i.PendSV_Handler)
    i.SVC_Handler                            0x08002492   Section        0  stm32f1xx_it.o(i.SVC_Handler)
    i.SysTick_Handler                        0x08002494   Section        0  stm32f1xx_it.o(i.SysTick_Handler)
    i.SystemClock_Config                     0x08002498   Section        0  main.o(i.SystemClock_Config)
    i.TIM2_IRQHandler                        0x080024f0   Section        0  stm32f1xx_it.o(i.TIM2_IRQHandler)
    i.TIM_Base_SetConfig                     0x080024fc   Section        0  stm32f1xx_hal_tim.o(i.TIM_Base_SetConfig)
    i.TIM_CCxChannelCmd                      0x08002568   Section        0  stm32f1xx_hal_tim.o(i.TIM_CCxChannelCmd)
    i.TIM_ETR_SetConfig                      0x08002582   Section        0  stm32f1xx_hal_tim.o(i.TIM_ETR_SetConfig)
    i.TIM_ITRx_SetConfig                     0x08002596   Section        0  stm32f1xx_hal_tim.o(i.TIM_ITRx_SetConfig)
    TIM_ITRx_SetConfig                       0x08002597   Thumb Code    16  stm32f1xx_hal_tim.o(i.TIM_ITRx_SetConfig)
    i.TIM_SlaveTimer_SetConfig               0x080025a6   Section        0  stm32f1xx_hal_tim.o(i.TIM_SlaveTimer_SetConfig)
    TIM_SlaveTimer_SetConfig                 0x080025a7   Thumb Code   140  stm32f1xx_hal_tim.o(i.TIM_SlaveTimer_SetConfig)
    i.TIM_TI1_ConfigInputStage               0x08002632   Section        0  stm32f1xx_hal_tim.o(i.TIM_TI1_ConfigInputStage)
    TIM_TI1_ConfigInputStage                 0x08002633   Thumb Code    34  stm32f1xx_hal_tim.o(i.TIM_TI1_ConfigInputStage)
    i.TIM_TI1_SetConfig                      0x08002654   Section        0  stm32f1xx_hal_tim.o(i.TIM_TI1_SetConfig)
    i.TIM_TI2_ConfigInputStage               0x080026ac   Section        0  stm32f1xx_hal_tim.o(i.TIM_TI2_ConfigInputStage)
    TIM_TI2_ConfigInputStage                 0x080026ad   Thumb Code    36  stm32f1xx_hal_tim.o(i.TIM_TI2_ConfigInputStage)
    i.TIM_TI2_SetConfig                      0x080026d0   Section        0  stm32f1xx_hal_tim.o(i.TIM_TI2_SetConfig)
    TIM_TI2_SetConfig                        0x080026d1   Thumb Code    54  stm32f1xx_hal_tim.o(i.TIM_TI2_SetConfig)
    i.UART_SetConfig                         0x08002708   Section        0  stm32f1xx_hal_uart.o(i.UART_SetConfig)
    UART_SetConfig                           0x08002709   Thumb Code   178  stm32f1xx_hal_uart.o(i.UART_SetConfig)
    i.UART_WaitOnFlagUntilTimeout            0x080027c0   Section        0  stm32f1xx_hal_uart.o(i.UART_WaitOnFlagUntilTimeout)
    UART_WaitOnFlagUntilTimeout              0x080027c1   Thumb Code   120  stm32f1xx_hal_uart.o(i.UART_WaitOnFlagUntilTimeout)
    i.UsageFault_Handler                     0x08002838   Section        0  stm32f1xx_it.o(i.UsageFault_Handler)
    i.__ARM_fpclassify                       0x0800283a   Section        0  fpclassify.o(i.__ARM_fpclassify)
    i.__NVIC_SetPriority                     0x08002862   Section        0  stm32f1xx_hal_cortex.o(i.__NVIC_SetPriority)
    __NVIC_SetPriority                       0x08002863   Thumb Code    32  stm32f1xx_hal_cortex.o(i.__NVIC_SetPriority)
    i.__mathlib_dbl_invalid                  0x08002882   Section        0  dunder.o(i.__mathlib_dbl_invalid)
    i._normalizeAngle                        0x08002890   Section        0  hall.o(i._normalizeAngle)
    i._sys_exit                              0x080028c0   Section        0  usart.o(i._sys_exit)
    i.fmod                                   0x080028c4   Section        0  fmod.o(i.fmod)
    i.fputc                                  0x08002958   Section        0  usart.o(i.fputc)
    i.getAngle                               0x08002970   Section        0  hall.o(i.getAngle)
    i.main                                   0x080029a8   Section        0  main.o(i.main)
    i.updateState                            0x08002a7c   Section        0  hall.o(i.updateState)
    locale$$code                             0x08002b0c   Section       44  lc_numeric_c.o(locale$$code)
    x$fpl$d2f                                0x08002b38   Section       98  d2f.o(x$fpl$d2f)
    x$fpl$dadd                               0x08002b9c   Section      336  daddsub_clz.o(x$fpl$dadd)
    _dadd1                                   0x08002bad   Thumb Code     0  daddsub_clz.o(x$fpl$dadd)
    x$fpl$ddiv                               0x08002cec   Section      688  ddiv.o(x$fpl$ddiv)
    ddiv_entry                               0x08002cf3   Thumb Code     0  ddiv.o(x$fpl$ddiv)
    x$fpl$dnaninf                            0x08002f9c   Section      156  dnaninf.o(x$fpl$dnaninf)
    x$fpl$drem                               0x08003038   Section      336  drem_clz.o(x$fpl$drem)
    x$fpl$dretinf                            0x08003188   Section       12  dretinf.o(x$fpl$dretinf)
    x$fpl$drsb                               0x08003194   Section       22  daddsub_clz.o(x$fpl$drsb)
    x$fpl$dsub                               0x080031ac   Section      468  daddsub_clz.o(x$fpl$dsub)
    _dsub1                                   0x080031bd   Thumb Code     0  daddsub_clz.o(x$fpl$dsub)
    x$fpl$f2d                                0x08003380   Section       86  f2d.o(x$fpl$f2d)
    x$fpl$fadd                               0x080033d8   Section      196  faddsub_clz.o(x$fpl$fadd)
    _fadd1                                   0x080033e7   Thumb Code     0  faddsub_clz.o(x$fpl$fadd)
    x$fpl$fdiv                               0x0800349c   Section      388  fdiv.o(x$fpl$fdiv)
    _fdiv1                                   0x0800349d   Thumb Code     0  fdiv.o(x$fpl$fdiv)
    x$fpl$fflt                               0x08003620   Section       48  fflt_clz.o(x$fpl$fflt)
    x$fpl$fmul                               0x08003650   Section      258  fmul.o(x$fpl$fmul)
    x$fpl$fnaninf                            0x08003752   Section      140  fnaninf.o(x$fpl$fnaninf)
    x$fpl$fretinf                            0x080037de   Section       10  fretinf.o(x$fpl$fretinf)
    x$fpl$fsub                               0x080037e8   Section      234  faddsub_clz.o(x$fpl$fsub)
    _fsub1                                   0x080037f7   Thumb Code     0  faddsub_clz.o(x$fpl$fsub)
    x$fpl$printf1                            0x080038d2   Section        4  printf1.o(x$fpl$printf1)
    .constdata                               0x080038d6   Section        8  hall.o(.constdata)
    x$fpl$usenofp                            0x080038d6   Section        0  usenofp.o(x$fpl$usenofp)
    .constdata                               0x080038de   Section       18  stm32f1xx_hal_rcc.o(.constdata)
    aPredivFactorTable                       0x080038de   Data           2  stm32f1xx_hal_rcc.o(.constdata)
    aPLLMULFactorTable                       0x080038e0   Data          16  stm32f1xx_hal_rcc.o(.constdata)
    .constdata                               0x080038f0   Section       16  system_stm32f1xx.o(.constdata)
    .constdata                               0x08003900   Section        8  system_stm32f1xx.o(.constdata)
    .constdata                               0x08003908   Section      148  bigflt0.o(.constdata)
    tenpwrs_x                                0x08003908   Data          60  bigflt0.o(.constdata)
    tenpwrs_i                                0x08003944   Data          64  bigflt0.o(.constdata)
    locale$$data                             0x080039bc   Section       28  lc_numeric_c.o(locale$$data)
    __lcnum_c_name                           0x080039c0   Data           2  lc_numeric_c.o(locale$$data)
    __lcnum_c_start                          0x080039c8   Data           0  lc_numeric_c.o(locale$$data)
    __lcnum_c_point                          0x080039d4   Data           0  lc_numeric_c.o(locale$$data)
    __lcnum_c_thousands                      0x080039d6   Data           0  lc_numeric_c.o(locale$$data)
    __lcnum_c_grouping                       0x080039d7   Data           0  lc_numeric_c.o(locale$$data)
    __lcnum_c_end                            0x080039d8   Data           0  lc_numeric_c.o(locale$$data)
    .data                                    0x20000000   Section       28  hall.o(.data)
    old_direction                            0x20000008   Data           4  hall.o(.data)
    .data                                    0x2000001c   Section        4  usart.o(.data)
    .data                                    0x20000020   Section       12  stm32f1xx_hal.o(.data)
    .data                                    0x2000002c   Section        4  system_stm32f1xx.o(.data)
    .bss                                     0x20000030   Section      144  tim.o(.bss)
    .bss                                     0x200000c0   Section       72  usart.o(.bss)
    .bss                                     0x20000108   Section       96  libspace.o(.bss)
    HEAP                                     0x20000168   Section      512  startup_stm32f10x_md.o(HEAP)
    Heap_Mem                                 0x20000168   Data         512  startup_stm32f10x_md.o(HEAP)
    STACK                                    0x20000368   Section     1024  startup_stm32f10x_md.o(STACK)
    Stack_Mem                                0x20000368   Data        1024  startup_stm32f10x_md.o(STACK)
    __initial_sp                             0x20000768   Data           0  startup_stm32f10x_md.o(STACK)

    Global Symbols

    Symbol Name                              Value     Ov Type        Size  Object(Section)

    BuildAttributes$$THM_ISAv4$P$D$K$B$S$PE$A:L22UL41UL21$X:L11$S22US41US21$IEEE1$IW$USESV6$~STKCKD$USESV7$~SHL$OTIME$ROPI$IEEEX$EBA8$UX$STANDARDLIB$REQ8$PRES8$EABIv2 0x00000000   Number         0  anon$$obj.o ABSOLUTE
    __ARM_use_no_argv                        0x00000000   Number         0  main.o ABSOLUTE
    __ARM_exceptions_init                     - Undefined Weak Reference
    __alloca_initialize                       - Undefined Weak Reference
    __arm_fini_                               - Undefined Weak Reference
    __arm_preinit_                            - Undefined Weak Reference
    __cpp_initialize__aeabi_                  - Undefined Weak Reference
    __cxa_finalize                            - Undefined Weak Reference
    __sigvec_lookup                           - Undefined Weak Reference
    _atexit_init                              - Undefined Weak Reference
    _call_atexit_fns                          - Undefined Weak Reference
    _clock_init                               - Undefined Weak Reference
    _fp_trap_init                             - Undefined Weak Reference
    _fp_trap_shutdown                         - Undefined Weak Reference
    _get_lc_collate                           - Undefined Weak Reference
    _get_lc_ctype                             - Undefined Weak Reference
    _get_lc_monetary                          - Undefined Weak Reference
    _get_lc_time                              - Undefined Weak Reference
    _getenv_init                              - Undefined Weak Reference
    _handle_redirection                       - Undefined Weak Reference
    _init_alloc                               - Undefined Weak Reference
    _init_user_alloc                          - Undefined Weak Reference
    _initio                                   - Undefined Weak Reference
    _mutex_acquire                            - Undefined Weak Reference
    _mutex_release                            - Undefined Weak Reference
    _printf_post_padding                      - Undefined Weak Reference
    _printf_pre_padding                       - Undefined Weak Reference
    _rand_init                                - Undefined Weak Reference
    _signal_finish                            - Undefined Weak Reference
    _signal_init                              - Undefined Weak Reference
    _terminate_alloc                          - Undefined Weak Reference
    _terminate_user_alloc                     - Undefined Weak Reference
    _terminateio                              - Undefined Weak Reference
    __Vectors_Size                           0x000000ec   Number         0  startup_stm32f10x_md.o ABSOLUTE
    __Vectors                                0x08000000   Data           4  startup_stm32f10x_md.o(RESET)
    __Vectors_End                            0x080000ec   Data           0  startup_stm32f10x_md.o(RESET)
    __main                                   0x080000ed   Thumb Code     8  __main.o(!!!main)
    __scatterload                            0x080000f5   Thumb Code     0  __scatter.o(!!!scatter)
    __scatterload_rt2                        0x080000f5   Thumb Code    44  __scatter.o(!!!scatter)
    __scatterload_rt2_thumb_only             0x080000f5   Thumb Code     0  __scatter.o(!!!scatter)
    __scatterload_null                       0x08000103   Thumb Code     0  __scatter.o(!!!scatter)
    __scatterload_copy                       0x08000129   Thumb Code    26  __scatter_copy.o(!!handler_copy)
    __scatterload_zeroinit                   0x08000145   Thumb Code    28  __scatter_zi.o(!!handler_zi)
    _printf_f                                0x08000161   Thumb Code     0  _printf_f.o(.ARM.Collect$$_printf_percent$$00000003)
    _printf_percent                          0x08000161   Thumb Code     0  _printf_percent.o(.ARM.Collect$$_printf_percent$$00000000)
    _printf_percent_end                      0x08000167   Thumb Code     0  _printf_percent_end.o(.ARM.Collect$$_printf_percent$$00000017)
    __rt_lib_init                            0x0800016b   Thumb Code     0  libinit.o(.ARM.Collect$$libinit$$00000000)
    __rt_lib_init_fp_1                       0x0800016d   Thumb Code     0  libinit2.o(.ARM.Collect$$libinit$$00000002)
    __rt_lib_init_heap_1                     0x0800016d   Thumb Code     0  libinit2.o(.ARM.Collect$$libinit$$0000000A)
    __rt_lib_init_lc_common                  0x0800016d   Thumb Code     0  libinit2.o(.ARM.Collect$$libinit$$0000000F)
    __rt_lib_init_preinit_1                  0x0800016d   Thumb Code     0  libinit2.o(.ARM.Collect$$libinit$$00000004)
    __rt_lib_init_rand_1                     0x0800016d   Thumb Code     0  libinit2.o(.ARM.Collect$$libinit$$0000000E)
    __rt_lib_init_user_alloc_1               0x0800016d   Thumb Code     0  libinit2.o(.ARM.Collect$$libinit$$0000000C)
    __rt_lib_init_lc_collate_1               0x08000173   Thumb Code     0  libinit2.o(.ARM.Collect$$libinit$$00000011)
    __rt_lib_init_lc_ctype_1                 0x08000173   Thumb Code     0  libinit2.o(.ARM.Collect$$libinit$$00000013)
    __rt_lib_init_lc_monetary_1              0x08000173   Thumb Code     0  libinit2.o(.ARM.Collect$$libinit$$00000015)
    __rt_lib_init_lc_numeric_2               0x08000173   Thumb Code     0  libinit2.o(.ARM.Collect$$libinit$$00000016)
    __rt_lib_init_alloca_1                   0x0800017d   Thumb Code     0  libinit2.o(.ARM.Collect$$libinit$$0000002E)
    __rt_lib_init_argv_1                     0x0800017d   Thumb Code     0  libinit2.o(.ARM.Collect$$libinit$$0000002C)
    __rt_lib_init_atexit_1                   0x0800017d   Thumb Code     0  libinit2.o(.ARM.Collect$$libinit$$0000001B)
    __rt_lib_init_clock_1                    0x0800017d   Thumb Code     0  libinit2.o(.ARM.Collect$$libinit$$00000021)
    __rt_lib_init_cpp_1                      0x0800017d   Thumb Code     0  libinit2.o(.ARM.Collect$$libinit$$00000032)
    __rt_lib_init_exceptions_1               0x0800017d   Thumb Code     0  libinit2.o(.ARM.Collect$$libinit$$00000030)
    __rt_lib_init_fp_trap_1                  0x0800017d   Thumb Code     0  libinit2.o(.ARM.Collect$$libinit$$0000001F)
    __rt_lib_init_getenv_1                   0x0800017d   Thumb Code     0  libinit2.o(.ARM.Collect$$libinit$$00000023)
    __rt_lib_init_lc_numeric_1               0x0800017d   Thumb Code     0  libinit2.o(.ARM.Collect$$libinit$$00000017)
    __rt_lib_init_lc_time_1                  0x0800017d   Thumb Code     0  libinit2.o(.ARM.Collect$$libinit$$00000019)
    __rt_lib_init_return                     0x0800017d   Thumb Code     0  libinit2.o(.ARM.Collect$$libinit$$00000033)
    __rt_lib_init_signal_1                   0x0800017d   Thumb Code     0  libinit2.o(.ARM.Collect$$libinit$$0000001D)
    __rt_lib_init_stdio_1                    0x0800017d   Thumb Code     0  libinit2.o(.ARM.Collect$$libinit$$00000025)
    __rt_lib_shutdown                        0x0800017f   Thumb Code     0  libshutdown.o(.ARM.Collect$$libshutdown$$00000000)
    __rt_lib_shutdown_cpp_1                  0x08000181   Thumb Code     0  libshutdown2.o(.ARM.Collect$$libshutdown$$00000004)
    __rt_lib_shutdown_fini_1                 0x08000181   Thumb Code     0  libshutdown2.o(.ARM.Collect$$libshutdown$$00000002)
    __rt_lib_shutdown_fp_trap_1              0x08000181   Thumb Code     0  libshutdown2.o(.ARM.Collect$$libshutdown$$00000009)
    __rt_lib_shutdown_heap_1                 0x08000181   Thumb Code     0  libshutdown2.o(.ARM.Collect$$libshutdown$$00000011)
    __rt_lib_shutdown_return                 0x08000181   Thumb Code     0  libshutdown2.o(.ARM.Collect$$libshutdown$$00000012)
    __rt_lib_shutdown_signal_1               0x08000181   Thumb Code     0  libshutdown2.o(.ARM.Collect$$libshutdown$$0000000C)
    __rt_lib_shutdown_stdio_1                0x08000181   Thumb Code     0  libshutdown2.o(.ARM.Collect$$libshutdown$$00000006)
    __rt_lib_shutdown_user_alloc_1           0x08000181   Thumb Code     0  libshutdown2.o(.ARM.Collect$$libshutdown$$0000000E)
    __rt_entry                               0x08000183   Thumb Code     0  __rtentry.o(.ARM.Collect$$rtentry$$00000000)
    __rt_entry_presh_1                       0x08000183   Thumb Code     0  __rtentry2.o(.ARM.Collect$$rtentry$$00000002)
    __rt_entry_sh                            0x08000183   Thumb Code     0  __rtentry4.o(.ARM.Collect$$rtentry$$00000004)
    __rt_entry_li                            0x08000189   Thumb Code     0  __rtentry2.o(.ARM.Collect$$rtentry$$0000000A)
    __rt_entry_postsh_1                      0x08000189   Thumb Code     0  __rtentry2.o(.ARM.Collect$$rtentry$$00000009)
    __rt_entry_main                          0x0800018d   Thumb Code     0  __rtentry2.o(.ARM.Collect$$rtentry$$0000000D)
    __rt_entry_postli_1                      0x0800018d   Thumb Code     0  __rtentry2.o(.ARM.Collect$$rtentry$$0000000C)
    __rt_exit                                0x08000195   Thumb Code     0  rtexit.o(.ARM.Collect$$rtexit$$00000000)
    __rt_exit_ls                             0x08000197   Thumb Code     0  rtexit2.o(.ARM.Collect$$rtexit$$00000003)
    __rt_exit_prels_1                        0x08000197   Thumb Code     0  rtexit2.o(.ARM.Collect$$rtexit$$00000002)
    __rt_exit_exit                           0x0800019b   Thumb Code     0  rtexit2.o(.ARM.Collect$$rtexit$$00000004)
    Reset_Handler                            0x080001a1   Thumb Code     4  startup_stm32f10x_md.o(.text)
    ADC1_2_IRQHandler                        0x080001b7   Thumb Code     0  startup_stm32f10x_md.o(.text)
    CAN1_RX1_IRQHandler                      0x080001b7   Thumb Code     0  startup_stm32f10x_md.o(.text)
    CAN1_SCE_IRQHandler                      0x080001b7   Thumb Code     0  startup_stm32f10x_md.o(.text)
    DMA1_Channel1_IRQHandler                 0x080001b7   Thumb Code     0  startup_stm32f10x_md.o(.text)
    DMA1_Channel2_IRQHandler                 0x080001b7   Thumb Code     0  startup_stm32f10x_md.o(.text)
    DMA1_Channel3_IRQHandler                 0x080001b7   Thumb Code     0  startup_stm32f10x_md.o(.text)
    DMA1_Channel4_IRQHandler                 0x080001b7   Thumb Code     0  startup_stm32f10x_md.o(.text)
    DMA1_Channel5_IRQHandler                 0x080001b7   Thumb Code     0  startup_stm32f10x_md.o(.text)
    DMA1_Channel6_IRQHandler                 0x080001b7   Thumb Code     0  startup_stm32f10x_md.o(.text)
    DMA1_Channel7_IRQHandler                 0x080001b7   Thumb Code     0  startup_stm32f10x_md.o(.text)
    EXTI0_IRQHandler                         0x080001b7   Thumb Code     0  startup_stm32f10x_md.o(.text)
    EXTI15_10_IRQHandler                     0x080001b7   Thumb Code     0  startup_stm32f10x_md.o(.text)
    EXTI1_IRQHandler                         0x080001b7   Thumb Code     0  startup_stm32f10x_md.o(.text)
    EXTI2_IRQHandler                         0x080001b7   Thumb Code     0  startup_stm32f10x_md.o(.text)
    EXTI3_IRQHandler                         0x080001b7   Thumb Code     0  startup_stm32f10x_md.o(.text)
    EXTI4_IRQHandler                         0x080001b7   Thumb Code     0  startup_stm32f10x_md.o(.text)
    EXTI9_5_IRQHandler                       0x080001b7   Thumb Code     0  startup_stm32f10x_md.o(.text)
    FLASH_IRQHandler                         0x080001b7   Thumb Code     0  startup_stm32f10x_md.o(.text)
    I2C1_ER_IRQHandler                       0x080001b7   Thumb Code     0  startup_stm32f10x_md.o(.text)
    I2C1_EV_IRQHandler                       0x080001b7   Thumb Code     0  startup_stm32f10x_md.o(.text)
    I2C2_ER_IRQHandler                       0x080001b7   Thumb Code     0  startup_stm32f10x_md.o(.text)
    I2C2_EV_IRQHandler                       0x080001b7   Thumb Code     0  startup_stm32f10x_md.o(.text)
    PVD_IRQHandler                           0x080001b7   Thumb Code     0  startup_stm32f10x_md.o(.text)
    RCC_IRQHandler                           0x080001b7   Thumb Code     0  startup_stm32f10x_md.o(.text)
    RTCAlarm_IRQHandler                      0x080001b7   Thumb Code     0  startup_stm32f10x_md.o(.text)
    RTC_IRQHandler                           0x080001b7   Thumb Code     0  startup_stm32f10x_md.o(.text)
    SPI1_IRQHandler                          0x080001b7   Thumb Code     0  startup_stm32f10x_md.o(.text)
    SPI2_IRQHandler                          0x080001b7   Thumb Code     0  startup_stm32f10x_md.o(.text)
    TAMPER_IRQHandler                        0x080001b7   Thumb Code     0  startup_stm32f10x_md.o(.text)
    TIM1_BRK_IRQHandler                      0x080001b7   Thumb Code     0  startup_stm32f10x_md.o(.text)
    TIM1_CC_IRQHandler                       0x080001b7   Thumb Code     0  startup_stm32f10x_md.o(.text)
    TIM1_TRG_COM_IRQHandler                  0x080001b7   Thumb Code     0  startup_stm32f10x_md.o(.text)
    TIM1_UP_IRQHandler                       0x080001b7   Thumb Code     0  startup_stm32f10x_md.o(.text)
    TIM3_IRQHandler                          0x080001b7   Thumb Code     0  startup_stm32f10x_md.o(.text)
    TIM4_IRQHandler                          0x080001b7   Thumb Code     0  startup_stm32f10x_md.o(.text)
    USART1_IRQHandler                        0x080001b7   Thumb Code     0  startup_stm32f10x_md.o(.text)
    USART2_IRQHandler                        0x080001b7   Thumb Code     0  startup_stm32f10x_md.o(.text)
    USART3_IRQHandler                        0x080001b7   Thumb Code     0  startup_stm32f10x_md.o(.text)
    USBWakeUp_IRQHandler                     0x080001b7   Thumb Code     0  startup_stm32f10x_md.o(.text)
    USB_HP_CAN1_TX_IRQHandler                0x080001b7   Thumb Code     0  startup_stm32f10x_md.o(.text)
    USB_LP_CAN1_RX0_IRQHandler               0x080001b7   Thumb Code     0  startup_stm32f10x_md.o(.text)
    WWDG_IRQHandler                          0x080001b7   Thumb Code     0  startup_stm32f10x_md.o(.text)
    __user_initial_stackheap                 0x080001b9   Thumb Code     0  startup_stm32f10x_md.o(.text)
    __use_no_semihosting                     0x080001d9   Thumb Code     2  use_no_semi_2.o(.text)
    __2printf                                0x080001dd   Thumb Code    20  noretval__2printf.o(.text)
    __printf                                 0x080001f5   Thumb Code   104  __printf.o(.text)
    __aeabi_memclr4                          0x0800025d   Thumb Code     0  rt_memclr_w.o(.text)
    __aeabi_memclr8                          0x0800025d   Thumb Code     0  rt_memclr_w.o(.text)
    __rt_memclr_w                            0x0800025d   Thumb Code    78  rt_memclr_w.o(.text)
    _memset_w                                0x08000261   Thumb Code     0  rt_memclr_w.o(.text)
    __use_two_region_memory                  0x080002ab   Thumb Code     2  heapauxi.o(.text)
    __rt_heap_escrow$2region                 0x080002ad   Thumb Code     2  heapauxi.o(.text)
    __rt_heap_expand$2region                 0x080002af   Thumb Code     2  heapauxi.o(.text)
    __I$use$semihosting                      0x080002b1   Thumb Code     0  use_no_semi.o(.text)
    __use_no_semihosting_swi                 0x080002b1   Thumb Code     2  use_no_semi.o(.text)
    __read_errno                             0x080002b3   Thumb Code    10  _rserrno.o(.text)
    __set_errno                              0x080002bd   Thumb Code    12  _rserrno.o(.text)
    __lib_sel_fp_printf                      0x080002c9   Thumb Code     2  _printf_fp_dec.o(.text)
    _printf_fp_dec_real                      0x0800047b   Thumb Code   620  _printf_fp_dec.o(.text)
    _printf_char_file                        0x080006e9   Thumb Code    32  _printf_char_file.o(.text)
    __rt_locale                              0x0800070d   Thumb Code     8  rt_locale_intlibspace.o(.text)
    __aeabi_errno_addr                       0x08000715   Thumb Code     8  rt_errno_addr_intlibspace.o(.text)
    __errno$intlibspace                      0x08000715   Thumb Code     0  rt_errno_addr_intlibspace.o(.text)
    __rt_errno_addr$intlibspace              0x08000715   Thumb Code     0  rt_errno_addr_intlibspace.o(.text)
    _ll_udiv10                               0x0800071d   Thumb Code   138  lludiv10.o(.text)
    _printf_char_common                      0x080007b3   Thumb Code    32  _printf_char_common.o(.text)
    _printf_fp_infnan                        0x080007d9   Thumb Code   112  _printf_fp_infnan.o(.text)
    _btod_etento                             0x08000859   Thumb Code   224  bigflt0.o(.text)
    ferror                                   0x0800093d   Thumb Code     8  ferror.o(.text)
    __user_libspace                          0x08000945   Thumb Code     8  libspace.o(.text)
    __user_perproc_libspace                  0x08000945   Thumb Code     0  libspace.o(.text)
    __user_perthread_libspace                0x08000945   Thumb Code     0  libspace.o(.text)
    __user_setup_stackheap                   0x0800094d   Thumb Code    74  sys_stackheap_outer.o(.text)
    exit                                     0x08000997   Thumb Code    18  exit.o(.text)
    strcmp                                   0x080009a9   Thumb Code   128  strcmpv7m.o(.text)
    _btod_d2e                                0x08000a29   Thumb Code    62  btod.o(CL$$btod_d2e)
    _d2e_denorm_low                          0x08000a67   Thumb Code    70  btod.o(CL$$btod_d2e_denorm_low)
    _d2e_norm_op1                            0x08000aad   Thumb Code    96  btod.o(CL$$btod_d2e_norm_op1)
    __btod_div_common                        0x08000b0d   Thumb Code   696  btod.o(CL$$btod_div_common)
    _e2e                                     0x08000e45   Thumb Code   220  btod.o(CL$$btod_e2e)
    _btod_ediv                               0x08000f21   Thumb Code    42  btod.o(CL$$btod_ediv)
    _btod_emul                               0x08000f4b   Thumb Code    42  btod.o(CL$$btod_emul)
    __btod_mult_common                       0x08000f75   Thumb Code   580  btod.o(CL$$btod_mult_common)
    BusFault_Handler                         0x080011b9   Thumb Code     2  stm32f1xx_it.o(i.BusFault_Handler)
    DebugMon_Handler                         0x080011bb   Thumb Code     2  stm32f1xx_it.o(i.DebugMon_Handler)
    Error_Handler                            0x080011bd   Thumb Code     4  main.o(i.Error_Handler)
    GetBldcHall                              0x080011c1   Thumb Code    42  hall.o(i.GetBldcHall)
    HAL_GPIO_Init                            0x080011f5   Thumb Code   446  stm32f1xx_hal_gpio.o(i.HAL_GPIO_Init)
    HAL_GPIO_ReadPin                         0x080013d5   Thumb Code    10  stm32f1xx_hal_gpio.o(i.HAL_GPIO_ReadPin)
    HAL_GetTick                              0x080013e1   Thumb Code     6  stm32f1xx_hal.o(i.HAL_GetTick)
    HAL_IncTick                              0x080013ed   Thumb Code    12  stm32f1xx_hal.o(i.HAL_IncTick)
    HAL_Init                                 0x080013fd   Thumb Code    32  stm32f1xx_hal.o(i.HAL_Init)
    HAL_InitTick                             0x08001421   Thumb Code    54  stm32f1xx_hal.o(i.HAL_InitTick)
    HAL_MspInit                              0x08001461   Thumb Code    52  stm32f1xx_hal_msp.o(i.HAL_MspInit)
    HAL_NVIC_EnableIRQ                       0x0800149d   Thumb Code    26  stm32f1xx_hal_cortex.o(i.HAL_NVIC_EnableIRQ)
    HAL_NVIC_SetPriority                     0x080014b9   Thumb Code    60  stm32f1xx_hal_cortex.o(i.HAL_NVIC_SetPriority)
    HAL_NVIC_SetPriorityGrouping             0x080014f9   Thumb Code    26  stm32f1xx_hal_cortex.o(i.HAL_NVIC_SetPriorityGrouping)
    HAL_RCC_ClockConfig                      0x0800151d   Thumb Code   280  stm32f1xx_hal_rcc.o(i.HAL_RCC_ClockConfig)
    HAL_RCC_GetPCLK1Freq                     0x08001649   Thumb Code    20  stm32f1xx_hal_rcc.o(i.HAL_RCC_GetPCLK1Freq)
    HAL_RCC_GetPCLK2Freq                     0x08001669   Thumb Code    20  stm32f1xx_hal_rcc.o(i.HAL_RCC_GetPCLK2Freq)
    HAL_RCC_GetSysClockFreq                  0x08001689   Thumb Code    58  stm32f1xx_hal_rcc.o(i.HAL_RCC_GetSysClockFreq)
    HAL_RCC_OscConfig                        0x080016d5   Thumb Code   778  stm32f1xx_hal_rcc.o(i.HAL_RCC_OscConfig)
    HAL_SYSTICK_Config                       0x080019f5   Thumb Code    40  stm32f1xx_hal_cortex.o(i.HAL_SYSTICK_Config)
    HAL_TIMEx_BreakCallback                  0x08001a1d   Thumb Code     2  stm32f1xx_hal_tim_ex.o(i.HAL_TIMEx_BreakCallback)
    HAL_TIMEx_CommutCallback                 0x08001a1f   Thumb Code     2  stm32f1xx_hal_tim_ex.o(i.HAL_TIMEx_CommutCallback)
    HAL_TIMEx_MasterConfigSynchronization    0x08001a21   Thumb Code    92  stm32f1xx_hal_tim_ex.o(i.HAL_TIMEx_MasterConfigSynchronization)
    HAL_TIM_Base_Init                        0x08001a89   Thumb Code    90  stm32f1xx_hal_tim.o(i.HAL_TIM_Base_Init)
    HAL_TIM_Base_MspInit                     0x08001ae5   Thumb Code   178  tim.o(i.HAL_TIM_Base_MspInit)
    HAL_TIM_Base_Start                       0x08001bad   Thumb Code    66  stm32f1xx_hal_tim.o(i.HAL_TIM_Base_Start)
    HAL_TIM_Base_Start_IT                    0x08001bfd   Thumb Code    76  stm32f1xx_hal_tim.o(i.HAL_TIM_Base_Start_IT)
    HAL_TIM_ConfigClockSource                0x08001c55   Thumb Code   220  stm32f1xx_hal_tim.o(i.HAL_TIM_ConfigClockSource)
    HAL_TIM_ConfigTI1Input                   0x08001d31   Thumb Code    16  stm32f1xx_hal_tim.o(i.HAL_TIM_ConfigTI1Input)
    HAL_TIM_IC_CaptureCallback               0x08001d41   Thumb Code    20  main.o(i.HAL_TIM_IC_CaptureCallback)
    HAL_TIM_IC_ConfigChannel                 0x08001d55   Thumb Code   292  stm32f1xx_hal_tim.o(i.HAL_TIM_IC_ConfigChannel)
    HAL_TIM_IC_Init                          0x08001e79   Thumb Code    90  stm32f1xx_hal_tim.o(i.HAL_TIM_IC_Init)
    HAL_TIM_IC_MspInit                       0x08001ed3   Thumb Code     2  stm32f1xx_hal_tim.o(i.HAL_TIM_IC_MspInit)
    HAL_TIM_IC_Start_IT                      0x08001ed5   Thumb Code   216  stm32f1xx_hal_tim.o(i.HAL_TIM_IC_Start_IT)
    HAL_TIM_IRQHandler                       0x08001fb9   Thumb Code   358  stm32f1xx_hal_tim.o(i.HAL_TIM_IRQHandler)
    HAL_TIM_OC_DelayElapsedCallback          0x0800211f   Thumb Code     2  stm32f1xx_hal_tim.o(i.HAL_TIM_OC_DelayElapsedCallback)
    HAL_TIM_PWM_PulseFinishedCallback        0x08002121   Thumb Code     2  stm32f1xx_hal_tim.o(i.HAL_TIM_PWM_PulseFinishedCallback)
    HAL_TIM_PeriodElapsedCallback            0x08002123   Thumb Code     2  stm32f1xx_hal_tim.o(i.HAL_TIM_PeriodElapsedCallback)
    HAL_TIM_SlaveConfigSynchro               0x08002125   Thumb Code    86  stm32f1xx_hal_tim.o(i.HAL_TIM_SlaveConfigSynchro)
    HAL_TIM_TriggerCallback                  0x0800217b   Thumb Code     2  stm32f1xx_hal_tim.o(i.HAL_TIM_TriggerCallback)
    HAL_UART_Init                            0x0800217d   Thumb Code   100  stm32f1xx_hal_uart.o(i.HAL_UART_Init)
    HAL_UART_MspInit                         0x080021e1   Thumb Code    98  usart.o(i.HAL_UART_MspInit)
    HAL_UART_Transmit                        0x08002251   Thumb Code   154  stm32f1xx_hal_uart.o(i.HAL_UART_Transmit)
    HardFault_Handler                        0x080022eb   Thumb Code     2  stm32f1xx_it.o(i.HardFault_Handler)
    MX_GPIO_Init                             0x080022ed   Thumb Code    54  gpio.o(i.MX_GPIO_Init)
    MX_TIM2_Init                             0x08002329   Thumb Code   190  tim.o(i.MX_TIM2_Init)
    MX_TIM3_Init                             0x080023ed   Thumb Code    94  tim.o(i.MX_TIM3_Init)
    MX_USART2_UART_Init                      0x08002455   Thumb Code    48  usart.o(i.MX_USART2_UART_Init)
    MemManage_Handler                        0x0800248d   Thumb Code     2  stm32f1xx_it.o(i.MemManage_Handler)
    NMI_Handler                              0x0800248f   Thumb Code     2  stm32f1xx_it.o(i.NMI_Handler)
    PendSV_Handler                           0x08002491   Thumb Code     2  stm32f1xx_it.o(i.PendSV_Handler)
    SVC_Handler                              0x08002493   Thumb Code     2  stm32f1xx_it.o(i.SVC_Handler)
    SysTick_Handler                          0x08002495   Thumb Code     4  stm32f1xx_it.o(i.SysTick_Handler)
    SystemClock_Config                       0x08002499   Thumb Code    86  main.o(i.SystemClock_Config)
    TIM2_IRQHandler                          0x080024f1   Thumb Code     6  stm32f1xx_it.o(i.TIM2_IRQHandler)
    TIM_Base_SetConfig                       0x080024fd   Thumb Code    94  stm32f1xx_hal_tim.o(i.TIM_Base_SetConfig)
    TIM_CCxChannelCmd                        0x08002569   Thumb Code    26  stm32f1xx_hal_tim.o(i.TIM_CCxChannelCmd)
    TIM_ETR_SetConfig                        0x08002583   Thumb Code    20  stm32f1xx_hal_tim.o(i.TIM_ETR_SetConfig)
    TIM_TI1_SetConfig                        0x08002655   Thumb Code    76  stm32f1xx_hal_tim.o(i.TIM_TI1_SetConfig)
    UsageFault_Handler                       0x08002839   Thumb Code     2  stm32f1xx_it.o(i.UsageFault_Handler)
    __ARM_fpclassify                         0x0800283b   Thumb Code    40  fpclassify.o(i.__ARM_fpclassify)
    __mathlib_dbl_invalid                    0x08002883   Thumb Code    12  dunder.o(i.__mathlib_dbl_invalid)
    _normalizeAngle                          0x08002891   Thumb Code    38  hall.o(i._normalizeAngle)
    _sys_exit                                0x080028c1   Thumb Code     2  usart.o(i._sys_exit)
    fmod                                     0x080028c5   Thumb Code   144  fmod.o(i.fmod)
    fputc                                    0x08002959   Thumb Code    20  usart.o(i.fputc)
    getAngle                                 0x08002971   Thumb Code    46  hall.o(i.getAngle)
    main                                     0x080029a9   Thumb Code   156  main.o(i.main)
    updateState                              0x08002a7d   Thumb Code   134  hall.o(i.updateState)
    _get_lc_numeric                          0x08002b0d   Thumb Code    44  lc_numeric_c.o(locale$$code)
    __aeabi_d2f                              0x08002b39   Thumb Code     0  d2f.o(x$fpl$d2f)
    _d2f                                     0x08002b39   Thumb Code    98  d2f.o(x$fpl$d2f)
    __aeabi_dadd                             0x08002b9d   Thumb Code     0  daddsub_clz.o(x$fpl$dadd)
    _dadd                                    0x08002b9d   Thumb Code   332  daddsub_clz.o(x$fpl$dadd)
    __aeabi_ddiv                             0x08002ced   Thumb Code     0  ddiv.o(x$fpl$ddiv)
    _ddiv                                    0x08002ced   Thumb Code   552  ddiv.o(x$fpl$ddiv)
    __fpl_dnaninf                            0x08002f9d   Thumb Code   156  dnaninf.o(x$fpl$dnaninf)
    _drem                                    0x08003039   Thumb Code   328  drem_clz.o(x$fpl$drem)
    __fpl_dretinf                            0x08003189   Thumb Code    12  dretinf.o(x$fpl$dretinf)
    __aeabi_drsub                            0x08003195   Thumb Code     0  daddsub_clz.o(x$fpl$drsb)
    _drsb                                    0x08003195   Thumb Code    22  daddsub_clz.o(x$fpl$drsb)
    __aeabi_dsub                             0x080031ad   Thumb Code     0  daddsub_clz.o(x$fpl$dsub)
    _dsub                                    0x080031ad   Thumb Code   464  daddsub_clz.o(x$fpl$dsub)
    __aeabi_f2d                              0x08003381   Thumb Code     0  f2d.o(x$fpl$f2d)
    _f2d                                     0x08003381   Thumb Code    86  f2d.o(x$fpl$f2d)
    __aeabi_fadd                             0x080033d9   Thumb Code     0  faddsub_clz.o(x$fpl$fadd)
    _fadd                                    0x080033d9   Thumb Code   196  faddsub_clz.o(x$fpl$fadd)
    __aeabi_fdiv                             0x0800349d   Thumb Code     0  fdiv.o(x$fpl$fdiv)
    _fdiv                                    0x0800349d   Thumb Code   384  fdiv.o(x$fpl$fdiv)
    __aeabi_i2f                              0x08003621   Thumb Code     0  fflt_clz.o(x$fpl$fflt)
    _fflt                                    0x08003621   Thumb Code    48  fflt_clz.o(x$fpl$fflt)
    __aeabi_fmul                             0x08003651   Thumb Code     0  fmul.o(x$fpl$fmul)
    _fmul                                    0x08003651   Thumb Code   258  fmul.o(x$fpl$fmul)
    __fpl_fnaninf                            0x08003753   Thumb Code   140  fnaninf.o(x$fpl$fnaninf)
    __fpl_fretinf                            0x080037df   Thumb Code    10  fretinf.o(x$fpl$fretinf)
    __aeabi_fsub                             0x080037e9   Thumb Code     0  faddsub_clz.o(x$fpl$fsub)
    _fsub                                    0x080037e9   Thumb Code   234  faddsub_clz.o(x$fpl$fsub)
    _printf_fp_dec                           0x080038d3   Thumb Code     4  printf1.o(x$fpl$printf1)
    ELECTRIC_SECTORS                         0x080038d6   Data           8  hall.o(.constdata)
    __I$use$fp                               0x080038d6   Number         0  usenofp.o(x$fpl$usenofp)
    AHBPrescTable                            0x080038f0   Data          16  system_stm32f1xx.o(.constdata)
    APBPrescTable                            0x08003900   Data           8  system_stm32f1xx.o(.constdata)
    Region$$Table$$Base                      0x0800399c   Number         0  anon$$obj.o(Region$$Table)
    Region$$Table$$Limit                     0x080039bc   Number         0  anon$$obj.o(Region$$Table)
    electric_sector                          0x20000000   Data           1  hall.o(.data)
    hall_state                               0x20000001   Data           1  hall.o(.data)
    cpr                                      0x20000004   Data           4  hall.o(.data)
    electric_rotations                       0x2000000c   Data           4  hall.o(.data)
    direction                                0x20000010   Data           4  hall.o(.data)
    pulse_diff                               0x20000014   Data           4  hall.o(.data)
    pulse_timestamp                          0x20000018   Data           4  hall.o(.data)
    __stdout                                 0x2000001c   Data           4  usart.o(.data)
    uwTickFreq                               0x20000020   Data           1  stm32f1xx_hal.o(.data)
    uwTickPrio                               0x20000024   Data           4  stm32f1xx_hal.o(.data)
    uwTick                                   0x20000028   Data           4  stm32f1xx_hal.o(.data)
    SystemCoreClock                          0x2000002c   Data           4  system_stm32f1xx.o(.data)
    htim2                                    0x20000030   Data          72  tim.o(.bss)
    htim3                                    0x20000078   Data          72  tim.o(.bss)
    huart2                                   0x200000c0   Data          72  usart.o(.bss)
    __libspace_start                         0x20000108   Data          96  libspace.o(.bss)
    __temporary_stack_top$libspace           0x20000168   Data           0  libspace.o(.bss)



==============================================================================

Memory Map of the image

  Image Entry point : 0x080000ed

  Load Region LR_IROM1 (Base: 0x08000000, Size: 0x00003a08, Max: 0x00020000, ABSOLUTE)

    Execution Region ER_IROM1 (Exec base: 0x08000000, Load base: 0x08000000, Size: 0x000039d8, Max: 0x00020000, ABSOLUTE)

    Exec Addr    Load Addr    Size         Type   Attr      Idx    E Section Name        Object

    0x08000000   0x08000000   0x000000ec   Data   RO         2967    RESET               startup_stm32f10x_md.o
    0x080000ec   0x080000ec   0x00000008   Code   RO         3048  * !!!main             c_w.l(__main.o)
    0x080000f4   0x080000f4   0x00000034   Code   RO         3345    !!!scatter          c_w.l(__scatter.o)
    0x08000128   0x08000128   0x0000001a   Code   RO         3347    !!handler_copy      c_w.l(__scatter_copy.o)
    0x08000142   0x08000142   0x00000002   PAD
    0x08000144   0x08000144   0x0000001c   Code   RO         3349    !!handler_zi        c_w.l(__scatter_zi.o)
    0x08000160   0x08000160   0x00000000   Code   RO         3043    .ARM.Collect$$_printf_percent$$00000000  c_w.l(_printf_percent.o)
    0x08000160   0x08000160   0x00000006   Code   RO         3042    .ARM.Collect$$_printf_percent$$00000003  c_w.l(_printf_f.o)
    0x08000166   0x08000166   0x00000004   Code   RO         3091    .ARM.Collect$$_printf_percent$$00000017  c_w.l(_printf_percent_end.o)
    0x0800016a   0x0800016a   0x00000002   Code   RO         3214    .ARM.Collect$$libinit$$00000000  c_w.l(libinit.o)
    0x0800016c   0x0800016c   0x00000000   Code   RO         3216    .ARM.Collect$$libinit$$00000002  c_w.l(libinit2.o)
    0x0800016c   0x0800016c   0x00000000   Code   RO         3218    .ARM.Collect$$libinit$$00000004  c_w.l(libinit2.o)
    0x0800016c   0x0800016c   0x00000000   Code   RO         3221    .ARM.Collect$$libinit$$0000000A  c_w.l(libinit2.o)
    0x0800016c   0x0800016c   0x00000000   Code   RO         3223    .ARM.Collect$$libinit$$0000000C  c_w.l(libinit2.o)
    0x0800016c   0x0800016c   0x00000000   Code   RO         3225    .ARM.Collect$$libinit$$0000000E  c_w.l(libinit2.o)
    0x0800016c   0x0800016c   0x00000006   Code   RO         3226    .ARM.Collect$$libinit$$0000000F  c_w.l(libinit2.o)
    0x08000172   0x08000172   0x00000000   Code   RO         3228    .ARM.Collect$$libinit$$00000011  c_w.l(libinit2.o)
    0x08000172   0x08000172   0x00000000   Code   RO         3230    .ARM.Collect$$libinit$$00000013  c_w.l(libinit2.o)
    0x08000172   0x08000172   0x00000000   Code   RO         3232    .ARM.Collect$$libinit$$00000015  c_w.l(libinit2.o)
    0x08000172   0x08000172   0x0000000a   Code   RO         3233    .ARM.Collect$$libinit$$00000016  c_w.l(libinit2.o)
    0x0800017c   0x0800017c   0x00000000   Code   RO         3234    .ARM.Collect$$libinit$$00000017  c_w.l(libinit2.o)
    0x0800017c   0x0800017c   0x00000000   Code   RO         3236    .ARM.Collect$$libinit$$00000019  c_w.l(libinit2.o)
    0x0800017c   0x0800017c   0x00000000   Code   RO         3238    .ARM.Collect$$libinit$$0000001B  c_w.l(libinit2.o)
    0x0800017c   0x0800017c   0x00000000   Code   RO         3240    .ARM.Collect$$libinit$$0000001D  c_w.l(libinit2.o)
    0x0800017c   0x0800017c   0x00000000   Code   RO         3242    .ARM.Collect$$libinit$$0000001F  c_w.l(libinit2.o)
    0x0800017c   0x0800017c   0x00000000   Code   RO         3244    .ARM.Collect$$libinit$$00000021  c_w.l(libinit2.o)
    0x0800017c   0x0800017c   0x00000000   Code   RO         3246    .ARM.Collect$$libinit$$00000023  c_w.l(libinit2.o)
    0x0800017c   0x0800017c   0x00000000   Code   RO         3248    .ARM.Collect$$libinit$$00000025  c_w.l(libinit2.o)
    0x0800017c   0x0800017c   0x00000000   Code   RO         3252    .ARM.Collect$$libinit$$0000002C  c_w.l(libinit2.o)
    0x0800017c   0x0800017c   0x00000000   Code   RO         3254    .ARM.Collect$$libinit$$0000002E  c_w.l(libinit2.o)
    0x0800017c   0x0800017c   0x00000000   Code   RO         3256    .ARM.Collect$$libinit$$00000030  c_w.l(libinit2.o)
    0x0800017c   0x0800017c   0x00000000   Code   RO         3258    .ARM.Collect$$libinit$$00000032  c_w.l(libinit2.o)
    0x0800017c   0x0800017c   0x00000002   Code   RO         3259    .ARM.Collect$$libinit$$00000033  c_w.l(libinit2.o)
    0x0800017e   0x0800017e   0x00000002   Code   RO         3293    .ARM.Collect$$libshutdown$$00000000  c_w.l(libshutdown.o)
    0x08000180   0x08000180   0x00000000   Code   RO         3302    .ARM.Collect$$libshutdown$$00000002  c_w.l(libshutdown2.o)
    0x08000180   0x08000180   0x00000000   Code   RO         3304    .ARM.Collect$$libshutdown$$00000004  c_w.l(libshutdown2.o)
    0x08000180   0x08000180   0x00000000   Code   RO         3306    .ARM.Collect$$libshutdown$$00000006  c_w.l(libshutdown2.o)
    0x08000180   0x08000180   0x00000000   Code   RO         3309    .ARM.Collect$$libshutdown$$00000009  c_w.l(libshutdown2.o)
    0x08000180   0x08000180   0x00000000   Code   RO         3312    .ARM.Collect$$libshutdown$$0000000C  c_w.l(libshutdown2.o)
    0x08000180   0x08000180   0x00000000   Code   RO         3314    .ARM.Collect$$libshutdown$$0000000E  c_w.l(libshutdown2.o)
    0x08000180   0x08000180   0x00000000   Code   RO         3317    .ARM.Collect$$libshutdown$$00000011  c_w.l(libshutdown2.o)
    0x08000180   0x08000180   0x00000002   Code   RO         3318    .ARM.Collect$$libshutdown$$00000012  c_w.l(libshutdown2.o)
    0x08000182   0x08000182   0x00000000   Code   RO         3084    .ARM.Collect$$rtentry$$00000000  c_w.l(__rtentry.o)
    0x08000182   0x08000182   0x00000000   Code   RO         3124    .ARM.Collect$$rtentry$$00000002  c_w.l(__rtentry2.o)
    0x08000182   0x08000182   0x00000006   Code   RO         3136    .ARM.Collect$$rtentry$$00000004  c_w.l(__rtentry4.o)
    0x08000188   0x08000188   0x00000000   Code   RO         3126    .ARM.Collect$$rtentry$$00000009  c_w.l(__rtentry2.o)
    0x08000188   0x08000188   0x00000004   Code   RO         3127    .ARM.Collect$$rtentry$$0000000A  c_w.l(__rtentry2.o)
    0x0800018c   0x0800018c   0x00000000   Code   RO         3129    .ARM.Collect$$rtentry$$0000000C  c_w.l(__rtentry2.o)
    0x0800018c   0x0800018c   0x00000008   Code   RO         3130    .ARM.Collect$$rtentry$$0000000D  c_w.l(__rtentry2.o)
    0x08000194   0x08000194   0x00000002   Code   RO         3262    .ARM.Collect$$rtexit$$00000000  c_w.l(rtexit.o)
    0x08000196   0x08000196   0x00000000   Code   RO         3271    .ARM.Collect$$rtexit$$00000002  c_w.l(rtexit2.o)
    0x08000196   0x08000196   0x00000004   Code   RO         3272    .ARM.Collect$$rtexit$$00000003  c_w.l(rtexit2.o)
    0x0800019a   0x0800019a   0x00000006   Code   RO         3273    .ARM.Collect$$rtexit$$00000004  c_w.l(rtexit2.o)
    0x080001a0   0x080001a0   0x00000038   Code   RO         2968    .text               startup_stm32f10x_md.o
    0x080001d8   0x080001d8   0x00000002   Code   RO         3012    .text               c_w.l(use_no_semi_2.o)
    0x080001da   0x080001da   0x00000002   PAD
    0x080001dc   0x080001dc   0x00000018   Code   RO         3018    .text               c_w.l(noretval__2printf.o)
    0x080001f4   0x080001f4   0x00000068   Code   RO         3020    .text               c_w.l(__printf.o)
    0x0800025c   0x0800025c   0x0000004e   Code   RO         3044    .text               c_w.l(rt_memclr_w.o)
    0x080002aa   0x080002aa   0x00000006   Code   RO         3046    .text               c_w.l(heapauxi.o)
    0x080002b0   0x080002b0   0x00000002   Code   RO         3082    .text               c_w.l(use_no_semi.o)
    0x080002b2   0x080002b2   0x00000016   Code   RO         3085    .text               c_w.l(_rserrno.o)
    0x080002c8   0x080002c8   0x0000041e   Code   RO         3087    .text               c_w.l(_printf_fp_dec.o)
    0x080006e6   0x080006e6   0x00000002   PAD
    0x080006e8   0x080006e8   0x00000024   Code   RO         3089    .text               c_w.l(_printf_char_file.o)
    0x0800070c   0x0800070c   0x00000008   Code   RO         3141    .text               c_w.l(rt_locale_intlibspace.o)
    0x08000714   0x08000714   0x00000008   Code   RO         3146    .text               c_w.l(rt_errno_addr_intlibspace.o)
    0x0800071c   0x0800071c   0x0000008a   Code   RO         3148    .text               c_w.l(lludiv10.o)
    0x080007a6   0x080007a6   0x00000002   PAD
    0x080007a8   0x080007a8   0x00000030   Code   RO         3150    .text               c_w.l(_printf_char_common.o)
    0x080007d8   0x080007d8   0x00000080   Code   RO         3152    .text               c_w.l(_printf_fp_infnan.o)
    0x08000858   0x08000858   0x000000e4   Code   RO         3154    .text               c_w.l(bigflt0.o)
    0x0800093c   0x0800093c   0x00000008   Code   RO         3179    .text               c_w.l(ferror.o)
    0x08000944   0x08000944   0x00000008   Code   RO         3198    .text               c_w.l(libspace.o)
    0x0800094c   0x0800094c   0x0000004a   Code   RO         3201    .text               c_w.l(sys_stackheap_outer.o)
    0x08000996   0x08000996   0x00000012   Code   RO         3205    .text               c_w.l(exit.o)
    0x080009a8   0x080009a8   0x00000080   Code   RO         3207    .text               c_w.l(strcmpv7m.o)
    0x08000a28   0x08000a28   0x0000003e   Code   RO         3157    CL$$btod_d2e        c_w.l(btod.o)
    0x08000a66   0x08000a66   0x00000046   Code   RO         3159    CL$$btod_d2e_denorm_low  c_w.l(btod.o)
    0x08000aac   0x08000aac   0x00000060   Code   RO         3158    CL$$btod_d2e_norm_op1  c_w.l(btod.o)
    0x08000b0c   0x08000b0c   0x00000338   Code   RO         3167    CL$$btod_div_common  c_w.l(btod.o)
    0x08000e44   0x08000e44   0x000000dc   Code   RO         3164    CL$$btod_e2e        c_w.l(btod.o)
    0x08000f20   0x08000f20   0x0000002a   Code   RO         3161    CL$$btod_ediv       c_w.l(btod.o)
    0x08000f4a   0x08000f4a   0x0000002a   Code   RO         3160    CL$$btod_emul       c_w.l(btod.o)
    0x08000f74   0x08000f74   0x00000244   Code   RO         3166    CL$$btod_mult_common  c_w.l(btod.o)
    0x080011b8   0x080011b8   0x00000002   Code   RO          432    i.BusFault_Handler  stm32f1xx_it.o
    0x080011ba   0x080011ba   0x00000002   Code   RO          433    i.DebugMon_Handler  stm32f1xx_it.o
    0x080011bc   0x080011bc   0x00000004   Code   RO          156    i.Error_Handler     main.o
    0x080011c0   0x080011c0   0x00000034   Code   RO            4    i.GetBldcHall       hall.o
    0x080011f4   0x080011f4   0x000001e0   Code   RO         1945    i.HAL_GPIO_Init     stm32f1xx_hal_gpio.o
    0x080013d4   0x080013d4   0x0000000a   Code   RO         1947    i.HAL_GPIO_ReadPin  stm32f1xx_hal_gpio.o
    0x080013de   0x080013de   0x00000002   PAD
    0x080013e0   0x080013e0   0x0000000c   Code   RO         1639    i.HAL_GetTick       stm32f1xx_hal.o
    0x080013ec   0x080013ec   0x00000010   Code   RO         1645    i.HAL_IncTick       stm32f1xx_hal.o
    0x080013fc   0x080013fc   0x00000024   Code   RO         1646    i.HAL_Init          stm32f1xx_hal.o
    0x08001420   0x08001420   0x00000040   Code   RO         1647    i.HAL_InitTick      stm32f1xx_hal.o
    0x08001460   0x08001460   0x0000003c   Code   RO          595    i.HAL_MspInit       stm32f1xx_hal_msp.o
    0x0800149c   0x0800149c   0x0000001a   Code   RO         2105    i.HAL_NVIC_EnableIRQ  stm32f1xx_hal_cortex.o
    0x080014b6   0x080014b6   0x00000002   PAD
    0x080014b8   0x080014b8   0x00000040   Code   RO         2111    i.HAL_NVIC_SetPriority  stm32f1xx_hal_cortex.o
    0x080014f8   0x080014f8   0x00000024   Code   RO         2112    i.HAL_NVIC_SetPriorityGrouping  stm32f1xx_hal_cortex.o
    0x0800151c   0x0800151c   0x0000012c   Code   RO         1803    i.HAL_RCC_ClockConfig  stm32f1xx_hal_rcc.o
    0x08001648   0x08001648   0x00000020   Code   RO         1810    i.HAL_RCC_GetPCLK1Freq  stm32f1xx_hal_rcc.o
    0x08001668   0x08001668   0x00000020   Code   RO         1811    i.HAL_RCC_GetPCLK2Freq  stm32f1xx_hal_rcc.o
    0x08001688   0x08001688   0x0000004c   Code   RO         1812    i.HAL_RCC_GetSysClockFreq  stm32f1xx_hal_rcc.o
    0x080016d4   0x080016d4   0x00000320   Code   RO         1815    i.HAL_RCC_OscConfig  stm32f1xx_hal_rcc.o
    0x080019f4   0x080019f4   0x00000028   Code   RO         2116    i.HAL_SYSTICK_Config  stm32f1xx_hal_cortex.o
    0x08001a1c   0x08001a1c   0x00000002   Code   RO         1361    i.HAL_TIMEx_BreakCallback  stm32f1xx_hal_tim_ex.o
    0x08001a1e   0x08001a1e   0x00000002   Code   RO         1362    i.HAL_TIMEx_CommutCallback  stm32f1xx_hal_tim_ex.o
    0x08001a20   0x08001a20   0x00000068   Code   RO         1380    i.HAL_TIMEx_MasterConfigSynchronization  stm32f1xx_hal_tim_ex.o
    0x08001a88   0x08001a88   0x0000005a   Code   RO          657    i.HAL_TIM_Base_Init  stm32f1xx_hal_tim.o
    0x08001ae2   0x08001ae2   0x00000002   PAD
    0x08001ae4   0x08001ae4   0x000000c8   Code   RO          326    i.HAL_TIM_Base_MspInit  tim.o
    0x08001bac   0x08001bac   0x00000050   Code   RO          660    i.HAL_TIM_Base_Start  stm32f1xx_hal_tim.o
    0x08001bfc   0x08001bfc   0x00000058   Code   RO          662    i.HAL_TIM_Base_Start_IT  stm32f1xx_hal_tim.o
    0x08001c54   0x08001c54   0x000000dc   Code   RO          666    i.HAL_TIM_ConfigClockSource  stm32f1xx_hal_tim.o
    0x08001d30   0x08001d30   0x00000010   Code   RO          668    i.HAL_TIM_ConfigTI1Input  stm32f1xx_hal_tim.o
    0x08001d40   0x08001d40   0x00000014   Code   RO          157    i.HAL_TIM_IC_CaptureCallback  main.o
    0x08001d54   0x08001d54   0x00000124   Code   RO          693    i.HAL_TIM_IC_ConfigChannel  stm32f1xx_hal_tim.o
    0x08001e78   0x08001e78   0x0000005a   Code   RO          696    i.HAL_TIM_IC_Init   stm32f1xx_hal_tim.o
    0x08001ed2   0x08001ed2   0x00000002   Code   RO          698    i.HAL_TIM_IC_MspInit  stm32f1xx_hal_tim.o
    0x08001ed4   0x08001ed4   0x000000e4   Code   RO          701    i.HAL_TIM_IC_Start_IT  stm32f1xx_hal_tim.o
    0x08001fb8   0x08001fb8   0x00000166   Code   RO          705    i.HAL_TIM_IRQHandler  stm32f1xx_hal_tim.o
    0x0800211e   0x0800211e   0x00000002   Code   RO          708    i.HAL_TIM_OC_DelayElapsedCallback  stm32f1xx_hal_tim.o
    0x08002120   0x08002120   0x00000002   Code   RO          735    i.HAL_TIM_PWM_PulseFinishedCallback  stm32f1xx_hal_tim.o
    0x08002122   0x08002122   0x00000002   Code   RO          743    i.HAL_TIM_PeriodElapsedCallback  stm32f1xx_hal_tim.o
    0x08002124   0x08002124   0x00000056   Code   RO          746    i.HAL_TIM_SlaveConfigSynchro  stm32f1xx_hal_tim.o
    0x0800217a   0x0800217a   0x00000002   Code   RO          748    i.HAL_TIM_TriggerCallback  stm32f1xx_hal_tim.o
    0x0800217c   0x0800217c   0x00000064   Code   RO         2635    i.HAL_UART_Init     stm32f1xx_hal_uart.o
    0x080021e0   0x080021e0   0x00000070   Code   RO          374    i.HAL_UART_MspInit  usart.o
    0x08002250   0x08002250   0x0000009a   Code   RO         2643    i.HAL_UART_Transmit  stm32f1xx_hal_uart.o
    0x080022ea   0x080022ea   0x00000002   Code   RO          434    i.HardFault_Handler  stm32f1xx_it.o
    0x080022ec   0x080022ec   0x0000003c   Code   RO          217    i.MX_GPIO_Init      gpio.o
    0x08002328   0x08002328   0x000000c4   Code   RO          327    i.MX_TIM2_Init      tim.o
    0x080023ec   0x080023ec   0x00000068   Code   RO          328    i.MX_TIM3_Init      tim.o
    0x08002454   0x08002454   0x00000038   Code   RO          375    i.MX_USART2_UART_Init  usart.o
    0x0800248c   0x0800248c   0x00000002   Code   RO          435    i.MemManage_Handler  stm32f1xx_it.o
    0x0800248e   0x0800248e   0x00000002   Code   RO          436    i.NMI_Handler       stm32f1xx_it.o
    0x08002490   0x08002490   0x00000002   Code   RO          437    i.PendSV_Handler    stm32f1xx_it.o
    0x08002492   0x08002492   0x00000002   Code   RO          438    i.SVC_Handler       stm32f1xx_it.o
    0x08002494   0x08002494   0x00000004   Code   RO          439    i.SysTick_Handler   stm32f1xx_it.o
    0x08002498   0x08002498   0x00000056   Code   RO          158    i.SystemClock_Config  main.o
    0x080024ee   0x080024ee   0x00000002   PAD
    0x080024f0   0x080024f0   0x0000000c   Code   RO          440    i.TIM2_IRQHandler   stm32f1xx_it.o
    0x080024fc   0x080024fc   0x0000006c   Code   RO          750    i.TIM_Base_SetConfig  stm32f1xx_hal_tim.o
    0x08002568   0x08002568   0x0000001a   Code   RO          751    i.TIM_CCxChannelCmd  stm32f1xx_hal_tim.o
    0x08002582   0x08002582   0x00000014   Code   RO          761    i.TIM_ETR_SetConfig  stm32f1xx_hal_tim.o
    0x08002596   0x08002596   0x00000010   Code   RO          762    i.TIM_ITRx_SetConfig  stm32f1xx_hal_tim.o
    0x080025a6   0x080025a6   0x0000008c   Code   RO          767    i.TIM_SlaveTimer_SetConfig  stm32f1xx_hal_tim.o
    0x08002632   0x08002632   0x00000022   Code   RO          768    i.TIM_TI1_ConfigInputStage  stm32f1xx_hal_tim.o
    0x08002654   0x08002654   0x00000058   Code   RO          769    i.TIM_TI1_SetConfig  stm32f1xx_hal_tim.o
    0x080026ac   0x080026ac   0x00000024   Code   RO          770    i.TIM_TI2_ConfigInputStage  stm32f1xx_hal_tim.o
    0x080026d0   0x080026d0   0x00000036   Code   RO          771    i.TIM_TI2_SetConfig  stm32f1xx_hal_tim.o
    0x08002706   0x08002706   0x00000002   PAD
    0x08002708   0x08002708   0x000000b8   Code   RO         2661    i.UART_SetConfig    stm32f1xx_hal_uart.o
    0x080027c0   0x080027c0   0x00000078   Code   RO         2664    i.UART_WaitOnFlagUntilTimeout  stm32f1xx_hal_uart.o
    0x08002838   0x08002838   0x00000002   Code   RO          441    i.UsageFault_Handler  stm32f1xx_it.o
    0x0800283a   0x0800283a   0x00000028   Code   RO         3196    i.__ARM_fpclassify  m_ws.l(fpclassify.o)
    0x08002862   0x08002862   0x00000020   Code   RO         2118    i.__NVIC_SetPriority  stm32f1xx_hal_cortex.o
    0x08002882   0x08002882   0x0000000c   Code   RO         3112    i.__mathlib_dbl_invalid  m_ws.l(dunder.o)
    0x0800288e   0x0800288e   0x00000002   PAD
    0x08002890   0x08002890   0x00000030   Code   RO            5    i._normalizeAngle   hall.o
    0x080028c0   0x080028c0   0x00000002   Code   RO          376    i._sys_exit         usart.o
    0x080028c2   0x080028c2   0x00000002   PAD
    0x080028c4   0x080028c4   0x00000094   Code   RO         3075    i.fmod              m_ws.l(fmod.o)
    0x08002958   0x08002958   0x00000018   Code   RO          377    i.fputc             usart.o
    0x08002970   0x08002970   0x00000038   Code   RO            6    i.getAngle          hall.o
    0x080029a8   0x080029a8   0x000000d4   Code   RO          159    i.main              main.o
    0x08002a7c   0x08002a7c   0x00000090   Code   RO            8    i.updateState       hall.o
    0x08002b0c   0x08002b0c   0x0000002c   Code   RO         3184    locale$$code        c_w.l(lc_numeric_c.o)
    0x08002b38   0x08002b38   0x00000062   Code   RO         3050    x$fpl$d2f           fz_ws.l(d2f.o)
    0x08002b9a   0x08002b9a   0x00000002   PAD
    0x08002b9c   0x08002b9c   0x00000150   Code   RO         3092    x$fpl$dadd          fz_ws.l(daddsub_clz.o)
    0x08002cec   0x08002cec   0x000002b0   Code   RO         3187    x$fpl$ddiv          fz_ws.l(ddiv.o)
    0x08002f9c   0x08002f9c   0x0000009c   Code   RO         3098    x$fpl$dnaninf       fz_ws.l(dnaninf.o)
    0x08003038   0x08003038   0x00000150   Code   RO         3100    x$fpl$drem          fz_ws.l(drem_clz.o)
    0x08003188   0x08003188   0x0000000c   Code   RO         3102    x$fpl$dretinf       fz_ws.l(dretinf.o)
    0x08003194   0x08003194   0x00000016   Code   RO         3093    x$fpl$drsb          fz_ws.l(daddsub_clz.o)
    0x080031aa   0x080031aa   0x00000002   PAD
    0x080031ac   0x080031ac   0x000001d4   Code   RO         3094    x$fpl$dsub          fz_ws.l(daddsub_clz.o)
    0x08003380   0x08003380   0x00000056   Code   RO         3052    x$fpl$f2d           fz_ws.l(f2d.o)
    0x080033d6   0x080033d6   0x00000002   PAD
    0x080033d8   0x080033d8   0x000000c4   Code   RO         3054    x$fpl$fadd          fz_ws.l(faddsub_clz.o)
    0x0800349c   0x0800349c   0x00000184   Code   RO         3061    x$fpl$fdiv          fz_ws.l(fdiv.o)
    0x08003620   0x08003620   0x00000030   Code   RO         3065    x$fpl$fflt          fz_ws.l(fflt_clz.o)
    0x08003650   0x08003650   0x00000102   Code   RO         3070    x$fpl$fmul          fz_ws.l(fmul.o)
    0x08003752   0x08003752   0x0000008c   Code   RO         3104    x$fpl$fnaninf       fz_ws.l(fnaninf.o)
    0x080037de   0x080037de   0x0000000a   Code   RO         3106    x$fpl$fretinf       fz_ws.l(fretinf.o)
    0x080037e8   0x080037e8   0x000000ea   Code   RO         3056    x$fpl$fsub          fz_ws.l(faddsub_clz.o)
    0x080038d2   0x080038d2   0x00000004   Code   RO         3072    x$fpl$printf1       fz_ws.l(printf1.o)
    0x080038d6   0x080038d6   0x00000000   Code   RO         3108    x$fpl$usenofp       fz_ws.l(usenofp.o)
    0x080038d6   0x080038d6   0x00000008   Data   RO            9    .constdata          hall.o
    0x080038de   0x080038de   0x00000012   Data   RO         1816    .constdata          stm32f1xx_hal_rcc.o
    0x080038f0   0x080038f0   0x00000010   Data   RO         2977    .constdata          system_stm32f1xx.o
    0x08003900   0x08003900   0x00000008   Data   RO         2978    .constdata          system_stm32f1xx.o
    0x08003908   0x08003908   0x00000094   Data   RO         3155    .constdata          c_w.l(bigflt0.o)
    0x0800399c   0x0800399c   0x00000020   Data   RO         3343    Region$$Table       anon$$obj.o
    0x080039bc   0x080039bc   0x0000001c   Data   RO         3183    locale$$data        c_w.l(lc_numeric_c.o)


    Execution Region RW_IRAM1 (Exec base: 0x20000000, Load base: 0x080039d8, Size: 0x00000768, Max: 0x00005000, ABSOLUTE)

    Exec Addr    Load Addr    Size         Type   Attr      Idx    E Section Name        Object

    0x20000000   0x080039d8   0x0000001c   Data   RW           10    .data               hall.o
    0x2000001c   0x080039f4   0x00000004   Data   RW          379    .data               usart.o
    0x20000020   0x080039f8   0x0000000c   Data   RW         1653    .data               stm32f1xx_hal.o
    0x2000002c   0x08003a04   0x00000004   Data   RW         2979    .data               system_stm32f1xx.o
    0x20000030        -       0x00000090   Zero   RW          329    .bss                tim.o
    0x200000c0        -       0x00000048   Zero   RW          378    .bss                usart.o
    0x20000108        -       0x00000060   Zero   RW         3199    .bss                c_w.l(libspace.o)
    0x20000168        -       0x00000200   Zero   RW         2966    HEAP                startup_stm32f10x_md.o
    0x20000368        -       0x00000400   Zero   RW         2965    STACK               startup_stm32f10x_md.o


==============================================================================

Image component sizes


      Code (inc. data)   RO Data    RW Data    ZI Data      Debug   Object Name

        60          6          0          0          0     421931   gpio.o
       300         40          8         28          0     417279   hall.o
       322         56          0          0          0      27967   main.o
        56         22        236          0       1536        804   startup_stm32f10x_md.o
       128         24          0         12          0       5305   stm32f1xx_hal.o
       198         14          0          0          0      28947   stm32f1xx_hal_cortex.o
       490         34          0          0          0       2891   stm32f1xx_hal_gpio.o
        60          8          0          0          0        874   stm32f1xx_hal_msp.o
      1240         84         18          0          0       5116   stm32f1xx_hal_rcc.o
      2080         72          0          0          0      18179   stm32f1xx_hal_tim.o
       108         12          0          0          0       2405   stm32f1xx_hal_tim_ex.o
       558          6          0          0          0       3984   stm32f1xx_hal_uart.o
        32          6          0          0          0       4336   stm32f1xx_it.o
         0          0         24          4          0        690   system_stm32f1xx.o
       500         38          0          0        144       2667   tim.o
       194         26          0          4         72       3934   usart.o

    ----------------------------------------------------------------------
      6338        448        318         48       1752     947309   Object Totals
         0          0         32          0          0          0   (incl. Generated)
        12          0          0          0          0          0   (incl. Padding)

    ----------------------------------------------------------------------

      Code (inc. data)   RO Data    RW Data    ZI Data      Debug   Library Member Name

         8          0          0          0          0         68   __main.o
       104          0          0          0          0         84   __printf.o
         0          0          0          0          0          0   __rtentry.o
        12          0          0          0          0          0   __rtentry2.o
         6          0          0          0          0          0   __rtentry4.o
        52          8          0          0          0          0   __scatter.o
        26          0          0          0          0          0   __scatter_copy.o
        28          0          0          0          0          0   __scatter_zi.o
        48          6          0          0          0         96   _printf_char_common.o
        36          4          0          0          0         80   _printf_char_file.o
         6          0          0          0          0          0   _printf_f.o
      1054          0          0          0          0        216   _printf_fp_dec.o
       128         16          0          0          0         84   _printf_fp_infnan.o
         0          0          0          0          0          0   _printf_percent.o
         4          0          0          0          0          0   _printf_percent_end.o
        22          0          0          0          0        100   _rserrno.o
       228          4        148          0          0         96   bigflt0.o
      1936        128          0          0          0        672   btod.o
        18          0          0          0          0         80   exit.o
         8          0          0          0          0         68   ferror.o
         6          0          0          0          0        152   heapauxi.o
        44         10         28          0          0         76   lc_numeric_c.o
         2          0          0          0          0          0   libinit.o
        18          0          0          0          0          0   libinit2.o
         2          0          0          0          0          0   libshutdown.o
         2          0          0          0          0          0   libshutdown2.o
         8          4          0          0         96         68   libspace.o
       138          0          0          0          0         80   lludiv10.o
        24          4          0          0          0         84   noretval__2printf.o
         8          4          0          0          0         68   rt_errno_addr_intlibspace.o
         8          4          0          0          0         68   rt_locale_intlibspace.o
        78          0          0          0          0         80   rt_memclr_w.o
         2          0          0          0          0          0   rtexit.o
        10          0          0          0          0          0   rtexit2.o
       128          0          0          0          0         68   strcmpv7m.o
        74          0          0          0          0         80   sys_stackheap_outer.o
         2          0          0          0          0         68   use_no_semi.o
         2          0          0          0          0         68   use_no_semi_2.o
        98          4          0          0          0         92   d2f.o
       826         16          0          0          0        348   daddsub_clz.o
       688        140          0          0          0        208   ddiv.o
       156          4          0          0          0         92   dnaninf.o
       336         12          0          0          0         88   drem_clz.o
        12          0          0          0          0         68   dretinf.o
        86          4          0          0          0         84   f2d.o
       430          8          0          0          0        168   faddsub_clz.o
       388         76          0          0          0         96   fdiv.o
        48          0          0          0          0         68   fflt_clz.o
       258          4          0          0          0         84   fmul.o
       140          4          0          0          0         84   fnaninf.o
        10          0          0          0          0         68   fretinf.o
         4          0          0          0          0         68   printf1.o
         0          0          0          0          0          0   usenofp.o
        12          0          0          0          0         68   dunder.o
       148          4          0          0          0         88   fmod.o
        40          0          0          0          0         68   fpclassify.o

    ----------------------------------------------------------------------
      7976        468        176          0         96       4444   Library Totals
        16          0          0          0          0          0   (incl. Padding)

    ----------------------------------------------------------------------

      Code (inc. data)   RO Data    RW Data    ZI Data      Debug   Library Name

      4280        192        176          0         96       2604   c_w.l
      3480        272          0          0          0       1616   fz_ws.l
       200          4          0          0          0        224   m_ws.l

    ----------------------------------------------------------------------
      7976        468        176          0         96       4444   Library Totals

    ----------------------------------------------------------------------

==============================================================================


      Code (inc. data)   RO Data    RW Data    ZI Data      Debug   

     14314        916        494         48       1848     945769   Grand Totals
     14314        916        494         48       1848     945769   ELF Image Totals
     14314        916        494         48          0          0   ROM Totals

==============================================================================

    Total RO  Size (Code + RO Data)                14808 (  14.46kB)
    Total RW  Size (RW Data + ZI Data)              1896 (   1.85kB)
    Total ROM Size (Code + RO Data + RW Data)      14856 (  14.51kB)

==============================================================================

