Component: ARM Compiler 5.06 update 7 (build 960) Tool: armlink [4d3601]

==============================================================================

Section Cross References

    main.o(i.HAL_ADC_ConvCpltCallback) refers to adc.o(.bss) for hadc1
    main.o(i.HAL_ADC_ConvCpltCallback) refers to main.o(.data) for .data
    main.o(i.HAL_TIM_IC_CaptureCallback) refers to hall.o(i.updateState) for updateState
    main.o(i.HAL_UART_RxCpltCallback) refers to stm32f1xx_hal_uart.o(i.HAL_UART_Receive_IT) for HAL_UART_Receive_IT
    main.o(i.HAL_UART_RxCpltCallback) refers to main.o(.data) for .data
    main.o(i.HAL_UART_RxCpltCallback) refers to main.o(.bss) for .bss
    main.o(i.HAL_UART_RxCpltCallback) refers to usart.o(.bss) for huart2
    main.o(i.SystemClock_Config) refers to memseta.o(.text) for __aeabi_memclr4
    main.o(i.SystemClock_Config) refers to stm32f1xx_hal_rcc.o(i.HAL_RCC_OscConfig) for HAL_RCC_OscConfig
    main.o(i.SystemClock_Config) refers to stm32f1xx_hal_rcc.o(i.HAL_RCC_ClockConfig) for HAL_RCC_ClockConfig
    main.o(i.SystemClock_Config) refers to stm32f1xx_hal_rcc_ex.o(i.HAL_RCCEx_PeriphCLKConfig) for HAL_RCCEx_PeriphCLKConfig
    main.o(i.commander_run) refers to printfa.o(i.__0printf) for __2printf
    main.o(i.commander_run) refers to atof.o(i.atof) for atof
    main.o(i.commander_run) refers to d2f.o(.text) for __aeabi_d2f
    main.o(i.commander_run) refers to f2d.o(.text) for __aeabi_f2d
    main.o(i.commander_run) refers to main.o(.data) for .data
    main.o(i.commander_run) refers to main.o(.bss) for .bss
    main.o(i.main) refers to stm32f1xx_hal.o(i.HAL_Init) for HAL_Init
    main.o(i.main) refers to main.o(i.SystemClock_Config) for SystemClock_Config
    main.o(i.main) refers to gpio.o(i.MX_GPIO_Init) for MX_GPIO_Init
    main.o(i.main) refers to dma.o(i.MX_DMA_Init) for MX_DMA_Init
    main.o(i.main) refers to tim.o(i.MX_TIM1_Init) for MX_TIM1_Init
    main.o(i.main) refers to tim.o(i.MX_TIM2_Init) for MX_TIM2_Init
    main.o(i.main) refers to usart.o(i.MX_USART2_UART_Init) for MX_USART2_UART_Init
    main.o(i.main) refers to adc.o(i.MX_ADC1_Init) for MX_ADC1_Init
    main.o(i.main) refers to stm32f1xx_hal_tim.o(i.HAL_TIM_PWM_Start) for HAL_TIM_PWM_Start
    main.o(i.main) refers to stm32f1xx_hal_gpio.o(i.HAL_GPIO_WritePin) for HAL_GPIO_WritePin
    main.o(i.main) refers to stm32f1xx_hal_uart.o(i.HAL_UART_Receive_IT) for HAL_UART_Receive_IT
    main.o(i.main) refers to stm32f1xx_hal_tim.o(i.HAL_TIM_SlaveConfigSynchro) for HAL_TIM_SlaveConfigSynchro
    main.o(i.main) refers to stm32f1xx_hal_tim.o(i.HAL_TIM_Base_Start_IT) for HAL_TIM_Base_Start_IT
    main.o(i.main) refers to stm32f1xx_hal_tim.o(i.HAL_TIM_IC_Start_IT) for HAL_TIM_IC_Start_IT
    main.o(i.main) refers to pid.o(i.PID_init) for PID_init
    main.o(i.main) refers to pid.o(i.LPF_init) for LPF_init
    main.o(i.main) refers to stm32f1xx_hal_adc.o(i.HAL_ADC_Start_DMA) for HAL_ADC_Start_DMA
    main.o(i.main) refers to printfa.o(i.__0printf) for __2printf
    main.o(i.main) refers to stm32f1xx_hal_rcc.o(i.HAL_RCC_GetHCLKFreq) for HAL_RCC_GetHCLKFreq
    main.o(i.main) refers to bldcmotor.o(i.move) for move
    main.o(i.main) refers to bldcmotor.o(i.loopFOC) for loopFOC
    main.o(i.main) refers to main.o(i.commander_run) for commander_run
    main.o(i.main) refers to bldcmotor.o(.data) for voltage_power_supply
    main.o(i.main) refers to bldcmotor.o(.data) for current_limit
    main.o(i.main) refers to focmotor.o(.data) for torque_controller
    main.o(i.main) refers to focmotor.o(.data) for controller
    main.o(i.main) refers to tim.o(.bss) for htim1
    main.o(i.main) refers to main.o(.bss) for .bss
    main.o(i.main) refers to usart.o(.bss) for huart2
    main.o(i.main) refers to main.o(.data) for .data
    main.o(i.main) refers to adc.o(.bss) for hadc1
    gpio.o(i.MX_GPIO_Init) refers to stm32f1xx_hal_gpio.o(i.HAL_GPIO_WritePin) for HAL_GPIO_WritePin
    gpio.o(i.MX_GPIO_Init) refers to stm32f1xx_hal_gpio.o(i.HAL_GPIO_Init) for HAL_GPIO_Init
    adc.o(i.HAL_ADC_MspDeInit) refers to stm32f1xx_hal_gpio.o(i.HAL_GPIO_DeInit) for HAL_GPIO_DeInit
    adc.o(i.HAL_ADC_MspDeInit) refers to stm32f1xx_hal_dma.o(i.HAL_DMA_DeInit) for HAL_DMA_DeInit
    adc.o(i.HAL_ADC_MspDeInit) refers to stm32f1xx_hal_cortex.o(i.HAL_NVIC_DisableIRQ) for HAL_NVIC_DisableIRQ
    adc.o(i.HAL_ADC_MspInit) refers to stm32f1xx_hal_gpio.o(i.HAL_GPIO_Init) for HAL_GPIO_Init
    adc.o(i.HAL_ADC_MspInit) refers to stm32f1xx_hal_dma.o(i.HAL_DMA_Init) for HAL_DMA_Init
    adc.o(i.HAL_ADC_MspInit) refers to main.o(i.Error_Handler) for Error_Handler
    adc.o(i.HAL_ADC_MspInit) refers to stm32f1xx_hal_cortex.o(i.HAL_NVIC_SetPriority) for HAL_NVIC_SetPriority
    adc.o(i.HAL_ADC_MspInit) refers to stm32f1xx_hal_cortex.o(i.HAL_NVIC_EnableIRQ) for HAL_NVIC_EnableIRQ
    adc.o(i.HAL_ADC_MspInit) refers to adc.o(.bss) for .bss
    adc.o(i.MX_ADC1_Init) refers to stm32f1xx_hal_adc.o(i.HAL_ADC_Init) for HAL_ADC_Init
[...]
    i.HAL_RCC_GetPCLK1Freq                   0x08001e78   Section        0  stm32f1xx_hal_rcc.o(i.HAL_RCC_GetPCLK1Freq)
    i.HAL_RCC_GetPCLK2Freq                   0x08001e98   Section        0  stm32f1xx_hal_rcc.o(i.HAL_RCC_GetPCLK2Freq)
    i.HAL_RCC_GetSysClockFreq                0x08001eb8   Section        0  stm32f1xx_hal_rcc.o(i.HAL_RCC_GetSysClockFreq)
    i.HAL_RCC_OscConfig                      0x08001f04   Section        0  stm32f1xx_hal_rcc.o(i.HAL_RCC_OscConfig)
    i.HAL_SYSTICK_Config                     0x08002224   Section        0  stm32f1xx_hal_cortex.o(i.HAL_SYSTICK_Config)
    i.HAL_TIMEx_BreakCallback                0x0800224c   Section        0  stm32f1xx_hal_tim_ex.o(i.HAL_TIMEx_BreakCallback)
    i.HAL_TIMEx_CommutCallback               0x0800224e   Section        0  stm32f1xx_hal_tim_ex.o(i.HAL_TIMEx_CommutCallback)
    i.HAL_TIMEx_ConfigBreakDeadTime          0x08002250   Section        0  stm32f1xx_hal_tim_ex.o(i.HAL_TIMEx_ConfigBreakDeadTime)
    i.HAL_TIMEx_MasterConfigSynchronization  0x080022a4   Section        0  stm32f1xx_hal_tim_ex.o(i.HAL_TIMEx_MasterConfigSynchronization)
    i.HAL_TIM_Base_Init                      0x0800230c   Section        0  stm32f1xx_hal_tim.o(i.HAL_TIM_Base_Init)
    i.HAL_TIM_Base_MspInit                   0x08002368   Section        0  tim.o(i.HAL_TIM_Base_MspInit)
    i.HAL_TIM_Base_Start_IT                  0x08002430   Section        0  stm32f1xx_hal_tim.o(i.HAL_TIM_Base_Start_IT)
    i.HAL_TIM_ConfigClockSource              0x08002488   Section        0  stm32f1xx_hal_tim.o(i.HAL_TIM_ConfigClockSource)
    i.HAL_TIM_ConfigTI1Input                 0x08002564   Section        0  stm32f1xx_hal_tim.o(i.HAL_TIM_ConfigTI1Input)
    i.HAL_TIM_IC_CaptureCallback             0x08002574   Section        0  main.o(i.HAL_TIM_IC_CaptureCallback)
    i.HAL_TIM_IC_ConfigChannel               0x08002588   Section        0  stm32f1xx_hal_tim.o(i.HAL_TIM_IC_ConfigChannel)
    i.HAL_TIM_IC_Init                        0x080026ac   Section        0  stm32f1xx_hal_tim.o(i.HAL_TIM_IC_Init)
    i.HAL_TIM_IC_MspInit                     0x08002706   Section        0  stm32f1xx_hal_tim.o(i.HAL_TIM_IC_MspInit)
    i.HAL_TIM_IC_Start_IT                    0x08002708   Section        0  stm32f1xx_hal_tim.o(i.HAL_TIM_IC_Start_IT)
    i.HAL_TIM_IRQHandler                     0x080027ec   Section        0  stm32f1xx_hal_tim.o(i.HAL_TIM_IRQHandler)
    i.HAL_TIM_MspPostInit                    0x08002954   Section        0  tim.o(i.HAL_TIM_MspPostInit)
    i.HAL_TIM_OC_DelayElapsedCallback        0x080029a0   Section        0  stm32f1xx_hal_tim.o(i.HAL_TIM_OC_DelayElapsedCallback)
    i.HAL_TIM_PWM_ConfigChannel              0x080029a2   Section        0  stm32f1xx_hal_tim.o(i.HAL_TIM_PWM_ConfigChannel)
    i.HAL_TIM_PWM_Init                       0x08002a6e   Section        0  stm32f1xx_hal_tim.o(i.HAL_TIM_PWM_Init)
    i.HAL_TIM_PWM_MspInit                    0x08002ac8   Section        0  stm32f1xx_hal_tim.o(i.HAL_TIM_PWM_MspInit)
    i.HAL_TIM_PWM_PulseFinishedCallback      0x08002aca   Section        0  stm32f1xx_hal_tim.o(i.HAL_TIM_PWM_PulseFinishedCallback)
    i.HAL_TIM_PWM_Start                      0x08002acc   Section        0  stm32f1xx_hal_tim.o(i.HAL_TIM_PWM_Start)
    i.HAL_TIM_PeriodElapsedCallback          0x08002b68   Section        0  stm32f1xx_hal_tim.o(i.HAL_TIM_PeriodElapsedCallback)
    i.HAL_TIM_SlaveConfigSynchro             0x08002b6a   Section        0  stm32f1xx_hal_tim.o(i.HAL_TIM_SlaveConfigSynchro)
    i.HAL_TIM_TriggerCallback                0x08002bc0   Section        0  stm32f1xx_hal_tim.o(i.HAL_TIM_TriggerCallback)
    i.HAL_UARTEx_RxEventCallback             0x08002bc2   Section        0  stm32f1xx_hal_uart.o(i.HAL_UARTEx_RxEventCallback)
    i.HAL_UART_ErrorCallback                 0x08002bc4   Section        0  stm32f1xx_hal_uart.o(i.HAL_UART_ErrorCallback)
    i.HAL_UART_IRQHandler                    0x08002bc8   Section        0  stm32f1xx_hal_uart.o(i.HAL_UART_IRQHandler)
    i.HAL_UART_Init                          0x08002e34   Section        0  stm32f1xx_hal_uart.o(i.HAL_UART_Init)
    i.HAL_UART_MspInit                       0x08002e98   Section        0  usart.o(i.HAL_UART_MspInit)
    i.HAL_UART_Receive_IT                    0x08002f18   Section        0  stm32f1xx_hal_uart.o(i.HAL_UART_Receive_IT)
    i.HAL_UART_RxCpltCallback                0x08002f34   Section        0  main.o(i.HAL_UART_RxCpltCallback)
    i.HAL_UART_Transmit                      0x08002f98   Section        0  stm32f1xx_hal_uart.o(i.HAL_UART_Transmit)
    i.HAL_UART_TxCpltCallback                0x08003032   Section        0  stm32f1xx_hal_uart.o(i.HAL_UART_TxCpltCallback)
    i.HardFault_Handler                      0x08003034   Section        0  stm32f1xx_it.o(i.HardFault_Handler)
    i.LPF_init                               0x08003038   Section        0  pid.o(i.LPF_init)
    i.LPFoperator                            0x08003064   Section        0  pid.o(i.LPFoperator)
    i.MX_ADC1_Init                           0x080030f0   Section        0  adc.o(i.MX_ADC1_Init)
    i.MX_DMA_Init                            0x08003154   Section        0  dma.o(i.MX_DMA_Init)
    i.MX_GPIO_Init                           0x08003180   Section        0  gpio.o(i.MX_GPIO_Init)
    i.MX_TIM1_Init                           0x0800322c   Section        0  tim.o(i.MX_TIM1_Init)
    i.MX_TIM2_Init                           0x08003314   Section        0  tim.o(i.MX_TIM2_Init)
    i.MX_USART2_UART_Init                    0x080033d8   Section        0  usart.o(i.MX_USART2_UART_Init)
    i.MemManage_Handler                      0x08003410   Section        0  stm32f1xx_it.o(i.MemManage_Handler)
    i.NMI_Handler                            0x08003412   Section        0  stm32f1xx_it.o(i.NMI_Handler)
    i.PID_init                               0x08003414   Section        0  pid.o(i.PID_init)
    i.PIDoperator                            0x080034ac   Section        0  pid.o(i.PIDoperator)
    i.PendSV_Handler                         0x080035f8   Section        0  stm32f1xx_it.o(i.PendSV_Handler)
    i.SVC_Handler                            0x080035fa   Section        0  stm32f1xx_it.o(i.SVC_Handler)
    i.SysTick_Handler                        0x080035fc   Section        0  stm32f1xx_it.o(i.SysTick_Handler)
    i.SystemClock_Config                     0x08003600   Section        0  main.o(i.SystemClock_Config)
    i.TIM2_IRQHandler                        0x08003670   Section        0  stm32f1xx_it.o(i.TIM2_IRQHandler)
    i.TIM_Base_SetConfig                     0x0800367c   Section        0  stm32f1xx_hal_tim.o(i.TIM_Base_SetConfig)
    i.TIM_CCxChannelCmd                      0x080036e8   Section        0  stm32f1xx_hal_tim.o(i.TIM_CCxChannelCmd)
    i.TIM_ETR_SetConfig                      0x08003702   Section        0  stm32f1xx_hal_tim.o(i.TIM_ETR_SetConfig)
    i.TIM_ITRx_SetConfig                     0x08003716   Section        0  stm32f1xx_hal_tim.o(i.TIM_ITRx_SetConfig)
    TIM_ITRx_SetConfig                       0x08003717   Thumb Code    16  stm32f1xx_hal_tim.o(i.TIM_ITRx_SetConfig)
    i.TIM_OC1_SetConfig                      0x08003728   Section        0  stm32f1xx_hal_tim.o(i.TIM_OC1_SetConfig)
    TIM_OC1_SetConfig                        0x08003729   Thumb Code    74  stm32f1xx_hal_tim.o(i.TIM_OC1_SetConfig)
    i.TIM_OC2_SetConfig                      0x08003778   Section        0  stm32f1xx_hal_tim.o(i.TIM_OC2_SetConfig)
    i.TIM_OC3_SetConfig                      0x080037d0   Section        0  stm32f1xx_hal_tim.o(i.TIM_OC3_SetConfig)
    TIM_OC3_SetConfig                        0x080037d1   Thumb Code    82  stm32f1xx_hal_tim.o(i.TIM_OC3_SetConfig)
    i.TIM_OC4_SetConfig                      0x08003828   Section        0  stm32f1xx_hal_tim.o(i.TIM_OC4_SetConfig)
    TIM_OC4_SetConfig                        0x08003829   Thumb Code    64  stm32f1xx_hal_tim.o(i.TIM_OC4_SetConfig)
    i.TIM_SlaveTimer_SetConfig               0x0800386c   Section        0  stm32f1xx_hal_tim.o(i.TIM_SlaveTimer_SetConfig)
    TIM_SlaveTimer_SetConfig                 0x0800386d   Thumb Code   140  stm32f1xx_hal_tim.o(i.TIM_SlaveTimer_SetConfig)
    i.TIM_TI1_ConfigInputStage               0x080038f8   Section        0  stm32f1xx_hal_tim.o(i.TIM_TI1_ConfigInputStage)
    TIM_TI1_ConfigInputStage                 0x080038f9   Thumb Code    34  stm32f1xx_hal_tim.o(i.TIM_TI1_ConfigInputStage)
    i.TIM_TI1_SetConfig                      0x0800391c   Section        0  stm32f1xx_hal_tim.o(i.TIM_TI1_SetConfig)
    i.TIM_TI2_ConfigInputStage               0x08003974   Section        0  stm32f1xx_hal_tim.o(i.TIM_TI2_ConfigInputStage)
    TIM_TI2_ConfigInputStage                 0x08003975   Thumb Code    36  stm32f1xx_hal_tim.o(i.TIM_TI2_ConfigInputStage)
    i.TIM_TI2_SetConfig                      0x08003998   Section        0  stm32f1xx_hal_tim.o(i.TIM_TI2_SetConfig)
    TIM_TI2_SetConfig                        0x08003999   Thumb Code    54  stm32f1xx_hal_tim.o(i.TIM_TI2_SetConfig)
    i.UART_DMAAbortOnError                   0x080039ce   Section        0  stm32f1xx_hal_uart.o(i.UART_DMAAbortOnError)
    UART_DMAAbortOnError                     0x080039cf   Thumb Code    16  stm32f1xx_hal_uart.o(i.UART_DMAAbortOnError)
    i.UART_EndRxTransfer                     0x080039de   Section        0  stm32f1xx_hal_uart.o(i.UART_EndRxTransfer)
    UART_EndRxTransfer                       0x080039df   Thumb Code    78  stm32f1xx_hal_uart.o(i.UART_EndRxTransfer)
    i.UART_Receive_IT                        0x08003a2c   Section        0  stm32f1xx_hal_uart.o(i.UART_Receive_IT)
    UART_Receive_IT                          0x08003a2d   Thumb Code   194  stm32f1xx_hal_uart.o(i.UART_Receive_IT)
    i.UART_SetConfig                         0x08003af0   Section        0  stm32f1xx_hal_uart.o(i.UART_SetConfig)
    UART_SetConfig                           0x08003af1   Thumb Code   178  stm32f1xx_hal_uart.o(i.UART_SetConfig)
    i.UART_Start_Receive_IT                  0x08003ba8   Section        0  stm32f1xx_hal_uart.o(i.UART_Start_Receive_IT)
    i.UART_WaitOnFlagUntilTimeout            0x08003bde   Section        0  stm32f1xx_hal_uart.o(i.UART_WaitOnFlagUntilTimeout)
    UART_WaitOnFlagUntilTimeout              0x08003bdf   Thumb Code   120  stm32f1xx_hal_uart.o(i.UART_WaitOnFlagUntilTimeout)
    i.USART2_IRQHandler                      0x08003c58   Section        0  stm32f1xx_it.o(i.USART2_IRQHandler)
    i.UsageFault_Handler                     0x08003c64   Section        0  stm32f1xx_it.o(i.UsageFault_Handler)
    i.__0printf                              0x08003c68   Section        0  printfa.o(i.__0printf)
    i.__ARM_fpclassify                       0x08003c88   Section        0  fpclassify.o(i.__ARM_fpclassify)
    i.__NVIC_SetPriority                     0x08003cb0   Section        0  stm32f1xx_hal_cortex.o(i.__NVIC_SetPriority)
    __NVIC_SetPriority                       0x08003cb1   Thumb Code    32  stm32f1xx_hal_cortex.o(i.__NVIC_SetPriority)
    i.__kernel_poly                          0x08003cd0   Section        0  poly.o(i.__kernel_poly)
    i.__mathlib_dbl_infnan                   0x08003d7a   Section        0  dunder.o(i.__mathlib_dbl_infnan)
    i.__mathlib_dbl_infnan2                  0x08003d80   Section        0  dunder.o(i.__mathlib_dbl_infnan2)
    i.__mathlib_dbl_invalid                  0x08003d84   Section        0  dunder.o(i.__mathlib_dbl_invalid)
    i.__mathlib_dbl_underflow                0x08003d90   Section        0  dunder.o(i.__mathlib_dbl_underflow)
    i.__read_errno                           0x08003da0   Section        0  errno.o(i.__read_errno)
    i.__scatterload_copy                     0x08003dac   Section       14  handlers.o(i.__scatterload_copy)
    i.__scatterload_null                     0x08003dba   Section        2  handlers.o(i.__scatterload_null)
    i.__scatterload_zeroinit                 0x08003dbc   Section       14  handlers.o(i.__scatterload_zeroinit)
    i.__set_errno                            0x08003dcc   Section        0  errno.o(i.__set_errno)
    i._cos                                   0x08003dd8   Section        0  foc_utils.o(i._cos)
    i._electricalAngle                       0x08003e34   Section        0  foc_utils.o(i._electricalAngle)
    i._fp_digits                             0x08003e48   Section        0  printfa.o(i._fp_digits)
    _fp_digits                               0x08003e49   Thumb Code   366  printfa.o(i._fp_digits)
    i._is_digit                              0x08003fcc   Section        0  scanf_fp.o(i._is_digit)
    i._normalizeAngle                        0x08003fdc   Section        0  foc_utils.o(i._normalizeAngle)
    i._printf_core                           0x0800401c   Section        0  printfa.o(i._printf_core)
    _printf_core                             0x0800401d   Thumb Code  1704  printfa.o(i._printf_core)
    i._printf_post_padding                   0x080046d0   Section        0  printfa.o(i._printf_post_padding)
    _printf_post_padding                     0x080046d1   Thumb Code    36  printfa.o(i._printf_post_padding)
    i._printf_pre_padding                    0x080046f4   Section        0  printfa.o(i._printf_pre_padding)
    _printf_pre_padding                      0x080046f5   Thumb Code    46  printfa.o(i._printf_pre_padding)
    i._sin                                   0x08004724   Section        0  foc_utils.o(i._sin)
    i._sqrtApprox                            0x0800484c   Section        0  foc_utils.o(i._sqrtApprox)
    i.angleOpenloop                          0x0800485c   Section        0  bldcmotor.o(i.angleOpenloop)
    i.atan                                   0x08004944   Section        0  atan.o(i.atan)
    i.atan2                                  0x08004b64   Section        0  atan2.o(i.atan2)
    i.atof                                   0x08004d00   Section        0  atof.o(i.atof)
    i.commander_run                          0x08004d2c   Section        0  main.o(i.commander_run)
    i.fmod                                   0x08004d8c   Section        0  fmod.o(i.fmod)
    i.fputc                                  0x08004e20   Section        0  usart.o(i.fputc)
    i.getAngle                               0x08004e38   Section        0  hall.o(i.getAngle)
    i.getDCCurrent                           0x08004e7c   Section        0  currentsample.o(i.getDCCurrent)
    i.getFOCCurrents                         0x08004f70   Section        0  currentsample.o(i.getFOCCurrents)
    i.getPhaseCurrents                       0x08005048   Section        0  currentsample.o(i.getPhaseCurrents)
    i.getVelocity                            0x080050cc   Section        0  hall.o(i.getVelocity)
    i.loopFOC                                0x0800514c   Section        0  bldcmotor.o(i.loopFOC)
    i.main                                   0x08005268   Section        0  main.o(i.main)
    i.move                                   0x0800542c   Section        0  bldcmotor.o(i.move)
    i.setPhaseVoltage                        0x080054ec   Section        0  bldcmotor.o(i.setPhaseVoltage)
    i.shaftVelocity                          0x08005780   Section        0  focmotor.o(i.shaftVelocity)
    i.updateState                            0x08005798   Section        0  hall.o(i.updateState)
    i.velocityOpenloop                       0x08005828   Section        0  bldcmotor.o(i.velocityOpenloop)
    .constdata                               0x080058c0   Section       18  stm32f1xx_hal_rcc.o(.constdata)
    aPredivFactorTable                       0x080058c0   Data           2  stm32f1xx_hal_rcc.o(.constdata)
    aPLLMULFactorTable                       0x080058c2   Data          16  stm32f1xx_hal_rcc.o(.constdata)
    .constdata                               0x080058d2   Section       16  system_stm32f1xx.o(.constdata)
    .constdata                               0x080058e2   Section        8  system_stm32f1xx.o(.constdata)
    .constdata                               0x080058ea   Section        8  hall.o(.constdata)
    .constdata                               0x080058f4   Section      800  foc_utils.o(.constdata)
    .constdata                               0x08005c18   Section      152  atan.o(.constdata)
    atanhi                                   0x08005c18   Data          32  atan.o(.constdata)
    atanlo                                   0x08005c38   Data          32  atan.o(.constdata)
    aTodd                                    0x08005c58   Data          40  atan.o(.constdata)
    aTeven                                   0x08005c80   Data          48  atan.o(.constdata)
    .constdata                               0x08005cb0   Section        8  qnan.o(.constdata)
    .constdata                               0x08005cb8   Section       64  ctype_c.o(.constdata)
    .data                                    0x20000000   Section       20  main.o(.data)
    index                                    0x20000006   Data           2  main.o(.data)
    .data                                    0x20000014   Section        4  usart.o(.data)
    .data                                    0x20000018   Section       12  stm32f1xx_hal.o(.data)
    .data                                    0x20000024   Section        4  system_stm32f1xx.o(.data)
    .data                                    0x20000028   Section       28  hall.o(.data)
    old_direction                            0x20000030   Data           4  hall.o(.data)
    .data                                    0x20000044   Section        4  focmotor.o(.data)
    .data                                    0x20000048   Section        4  focmotor.o(.data)
    .data                                    0x2000004c   Section        4  focmotor.o(.data)
    .data                                    0x20000050   Section        4  focmotor.o(.data)
    .data                                    0x20000054   Section        4  focmotor.o(.data)
    .data                                    0x20000058   Section        4  focmotor.o(.data)
    .data                                    0x2000005c   Section        8  focmotor.o(.data)
    .data                                    0x20000064   Section        8  focmotor.o(.data)
    .data                                    0x2000006c   Section        1  focmotor.o(.data)
    .data                                    0x2000006d   Section        1  focmotor.o(.data)
    .data                                    0x20000070   Section       24  bldcmotor.o(.data)
    .data                                    0x20000088   Section        4  bldcmotor.o(.data)
    .data                                    0x2000008c   Section        4  errno.o(.data)
    _errno                                   0x2000008c   Data           4  errno.o(.data)
    .bss                                     0x20000090   Section       52  main.o(.bss)
    .bss                                     0x200000c4   Section      116  adc.o(.bss)
    .bss                                     0x20000138   Section      144  tim.o(.bss)
    .bss                                     0x200001c8   Section       72  usart.o(.bss)
    .bss                                     0x20000210   Section      180  pid.o(.bss)
    STACK                                    0x200002c8   Section     1024  startup_stm32f10x_md.o(STACK)

    Global Symbols

    Symbol Name                              Value     Ov Type        Size  Object(Section)

    BuildAttributes$$THM_ISAv4$P$D$K$B$S$PE$A:L22UL41UL21$X:L11$S22US41US21$IEEE1$IW$USESV6$~STKCKD$USESV7$~SHL$OTIME$ROPI$IEEEX$EBA8$MICROLIB$REQ8$PRES8$EABIv2 0x00000000   Number         0  anon$$obj.o ABSOLUTE
    __ARM_use_no_argv                        0x00000000   Number         0  main.o ABSOLUTE
    __use_no_errno                           0x00000000   Number         0  useno.o ABSOLUTE
    __use_no_exception_handling              0x00000000   Number         0  useno.o ABSOLUTE
    __use_no_fp                              0x00000000   Number         0  useno.o ABSOLUTE
    __use_no_heap                            0x00000000   Number         0  useno.o ABSOLUTE
    __use_no_heap_region                     0x00000000   Number         0  useno.o ABSOLUTE
    __use_no_semihosting                     0x00000000   Number         0  useno.o ABSOLUTE
    __use_no_semihosting_swi                 0x00000000   Number         0  useno.o ABSOLUTE
    __use_no_signal_handling                 0x00000000   Number         0  useno.o ABSOLUTE
    _printf_a                                0x00000000   Number         0  stubs.o ABSOLUTE
    _printf_c                                0x00000000   Number         0  stubs.o ABSOLUTE
    _printf_charcount                        0x00000000   Number         0  stubs.o ABSOLUTE
    _printf_d                                0x00000000   Number         0  stubs.o ABSOLUTE
    _printf_e                                0x00000000   Number         0  stubs.o ABSOLUTE
    _printf_f                                0x00000000   Number         0  stubs.o ABSOLUTE
    _printf_flags                            0x00000000   Number         0  stubs.o ABSOLUTE
    _printf_fp_dec                           0x00000000   Number         0  stubs.o ABSOLUTE
    _printf_fp_hex                           0x00000000   Number         0  stubs.o ABSOLUTE
    _printf_g                                0x00000000   Number         0  stubs.o ABSOLUTE
    _printf_i                                0x00000000   Number         0  stubs.o ABSOLUTE
    _printf_int_dec                          0x00000000   Number         0  stubs.o ABSOLUTE
    _printf_l                                0x00000000   Number         0  stubs.o ABSOLUTE
    _printf_lc                               0x00000000   Number         0  stubs.o ABSOLUTE
    _printf_ll                               0x00000000   Number         0  stubs.o ABSOLUTE
    _printf_lld                              0x00000000   Number         0  stubs.o ABSOLUTE
    _printf_lli                              0x00000000   Number         0  stubs.o ABSOLUTE
    _printf_llo                              0x00000000   Number         0  stubs.o ABSOLUTE
    _printf_llu                              0x00000000   Number         0  stubs.o ABSOLUTE
    _printf_llx                              0x00000000   Number         0  stubs.o ABSOLUTE
    _printf_longlong_dec                     0x00000000   Number         0  stubs.o ABSOLUTE
    _printf_longlong_hex                     0x00000000   Number         0  stubs.o ABSOLUTE
    _printf_longlong_oct                     0x00000000   Number         0  stubs.o ABSOLUTE
    _printf_ls                               0x00000000   Number         0  stubs.o ABSOLUTE
    _printf_mbtowc                           0x00000000   Number         0  stubs.o ABSOLUTE
    _printf_n                                0x00000000   Number         0  stubs.o ABSOLUTE
    _printf_o                                0x00000000   Number         0  stubs.o ABSOLUTE
    _printf_p                                0x00000000   Number         0  stubs.o ABSOLUTE
    _printf_percent                          0x00000000   Number         0  stubs.o ABSOLUTE
    _printf_pre_padding                      0x00000000   Number         0  stubs.o ABSOLUTE
    _printf_return_value                     0x00000000   Number         0  stubs.o ABSOLUTE
    _printf_s                                0x00000000   Number         0  stubs.o ABSOLUTE
    _printf_sizespec                         0x00000000   Number         0  stubs.o ABSOLUTE
    _printf_str                              0x00000000   Number         0  stubs.o ABSOLUTE
    _printf_truncate_signed                  0x00000000   Number         0  stubs.o ABSOLUTE
    _printf_truncate_unsigned                0x00000000   Number         0  stubs.o ABSOLUTE
    _printf_u                                0x00000000   Number         0  stubs.o ABSOLUTE
    _printf_wc                               0x00000000   Number         0  stubs.o ABSOLUTE
    _printf_wctomb                           0x00000000   Number         0  stubs.o ABSOLUTE
    _printf_widthprec                        0x00000000   Number         0  stubs.o ABSOLUTE
    _printf_x                                0x00000000   Number         0  stubs.o ABSOLUTE
    __arm_fini_                               - Undefined Weak Reference
    __cpp_initialize__aeabi_                  - Undefined Weak Reference
    __cxa_finalize                            - Undefined Weak Reference
    __decompress                              - Undefined Weak Reference
    _clock_init                               - Undefined Weak Reference
    _microlib_exit                            - Undefined Weak Reference
    __Vectors_Size                           0x000000ec   Number         0  startup_stm32f10x_md.o ABSOLUTE
    __Vectors                                0x08000000   Data           4  startup_stm32f10x_md.o(RESET)
    __Vectors_End                            0x080000ec   Data           0  startup_stm32f10x_md.o(RESET)
    __main                                   0x080000ed   Thumb Code     0  entry.o(.ARM.Collect$$$$00000000)
    _main_stk                                0x080000ed   Thumb Code     0  entry2.o(.ARM.Collect$$$$00000001)
    _main_scatterload                        0x080000f1   Thumb Code     0  entry5.o(.ARM.Collect$$$$00000004)
    __main_after_scatterload                 0x080000f5   Thumb Code     0  entry5.o(.ARM.Collect$$$$00000004)
    _main_clock                              0x080000f5   Thumb Code     0  entry7b.o(.ARM.Collect$$$$00000008)
    _main_cpp_init                           0x080000f5   Thumb Code     0  entry8b.o(.ARM.Collect$$$$0000000A)
    _main_init                               0x080000f5   Thumb Code     0  entry9a.o(.ARM.Collect$$$$0000000B)
    __rt_lib_shutdown_fini                   0x080000fd   Thumb Code     0  entry12b.o(.ARM.Collect$$$$0000000E)
    __rt_final_cpp                           0x08000101   Thumb Code     0  entry10a.o(.ARM.Collect$$$$0000000F)
    __rt_final_exit                          0x08000101   Thumb Code     0  entry11a.o(.ARM.Collect$$$$00000011)
    Reset_Handler                            0x08000105   Thumb Code     4  startup_stm32f10x_md.o(.text)
    CAN1_RX1_IRQHandler                      0x0800011b   Thumb Code     0  startup_stm32f10x_md.o(.text)
    CAN1_SCE_IRQHandler                      0x0800011b   Thumb Code     0  startup_stm32f10x_md.o(.text)
    DMA1_Channel2_IRQHandler                 0x0800011b   Thumb Code     0  startup_stm32f10x_md.o(.text)
    DMA1_Channel3_IRQHandler                 0x0800011b   Thumb Code     0  startup_stm32f10x_md.o(.text)
    DMA1_Channel4_IRQHandler                 0x0800011b   Thumb Code     0  startup_stm32f10x_md.o(.text)
    DMA1_Channel5_IRQHandler                 0x0800011b   Thumb Code     0  startup_stm32f10x_md.o(.text)
    DMA1_Channel6_IRQHandler                 0x0800011b   Thumb Code     0  startup_stm32f10x_md.o(.text)
    DMA1_Channel7_IRQHandler                 0x0800011b   Thumb Code     0  startup_stm32f10x_md.o(.text)
    EXTI0_IRQHandler                         0x0800011b   Thumb Code     0  startup_stm32f10x_md.o(.text)
    EXTI15_10_IRQHandler                     0x0800011b   Thumb Code     0  startup_stm32f10x_md.o(.text)
    EXTI1_IRQHandler                         0x0800011b   Thumb Code     0  startup_stm32f10x_md.o(.text)
    EXTI2_IRQHandler                         0x0800011b   Thumb Code     0  startup_stm32f10x_md.o(.text)
    EXTI3_IRQHandler                         0x0800011b   Thumb Code     0  startup_stm32f10x_md.o(.text)
    EXTI4_IRQHandler                         0x0800011b   Thumb Code     0  startup_stm32f10x_md.o(.text)
    EXTI9_5_IRQHandler                       0x0800011b   Thumb Code     0  startup_stm32f10x_md.o(.text)
    FLASH_IRQHandler                         0x0800011b   Thumb Code     0  startup_stm32f10x_md.o(.text)
    I2C1_ER_IRQHandler                       0x0800011b   Thumb Code     0  startup_stm32f10x_md.o(.text)
    I2C1_EV_IRQHandler                       0x0800011b   Thumb Code     0  startup_stm32f10x_md.o(.text)
    I2C2_ER_IRQHandler                       0x0800011b   Thumb Code     0  startup_stm32f10x_md.o(.text)
    I2C2_EV_IRQHandler                       0x0800011b   Thumb Code     0  startup_stm32f10x_md.o(.text)
    PVD_IRQHandler                           0x0800011b   Thumb Code     0  startup_stm32f10x_md.o(.text)
    RCC_IRQHandler                           0x0800011b   Thumb Code     0  startup_stm32f10x_md.o(.text)
    RTCAlarm_IRQHandler                      0x0800011b   Thumb Code     0  startup_stm32f10x_md.o(.text)
    RTC_IRQHandler                           0x0800011b   Thumb Code     0  startup_stm32f10x_md.o(.text)
    SPI1_IRQHandler                          0x0800011b   Thumb Code     0  startup_stm32f10x_md.o(.text)
    SPI2_IRQHandler                          0x0800011b   Thumb Code     0  startup_stm32f10x_md.o(.text)
    TAMPER_IRQHandler                        0x0800011b   Thumb Code     0  startup_stm32f10x_md.o(.text)
    TIM1_BRK_IRQHandler                      0x0800011b   Thumb Code     0  startup_stm32f10x_md.o(.text)
    TIM1_CC_IRQHandler                       0x0800011b   Thumb Code     0  startup_stm32f10x_md.o(.text)
    TIM1_TRG_COM_IRQHandler                  0x0800011b   Thumb Code     0  startup_stm32f10x_md.o(.text)
    TIM1_UP_IRQHandler                       0x0800011b   Thumb Code     0  startup_stm32f10x_md.o(.text)
    TIM3_IRQHandler                          0x0800011b   Thumb Code     0  startup_stm32f10x_md.o(.text)
    TIM4_IRQHandler                          0x0800011b   Thumb Code     0  startup_stm32f10x_md.o(.text)
    USART1_IRQHandler                        0x0800011b   Thumb Code     0  startup_stm32f10x_md.o(.text)
    USART3_IRQHandler                        0x0800011b   Thumb Code     0  startup_stm32f10x_md.o(.text)
    USBWakeUp_IRQHandler                     0x0800011b   Thumb Code     0  startup_stm32f10x_md.o(.text)
    USB_HP_CAN1_TX_IRQHandler                0x0800011b   Thumb Code     0  startup_stm32f10x_md.o(.text)
    USB_LP_CAN1_RX0_IRQHandler               0x0800011b   Thumb Code     0  startup_stm32f10x_md.o(.text)
    WWDG_IRQHandler                          0x0800011b   Thumb Code     0  startup_stm32f10x_md.o(.text)
    __aeabi_llsr                             0x08000121   Thumb Code    32  llushr.o(.text)
    _ll_ushift_r                             0x08000121   Thumb Code     0  llushr.o(.text)
    __aeabi_memset                           0x08000141   Thumb Code    14  memseta.o(.text)
    __aeabi_memset4                          0x08000141   Thumb Code     0  memseta.o(.text)
    __aeabi_memset8                          0x08000141   Thumb Code     0  memseta.o(.text)
    __aeabi_memclr                           0x0800014f   Thumb Code     4  memseta.o(.text)
    __aeabi_memclr4                          0x0800014f   Thumb Code     0  memseta.o(.text)
    __aeabi_memclr8                          0x0800014f   Thumb Code     0  memseta.o(.text)
    _memset$wrapper                          0x08000153   Thumb Code    18  memseta.o(.text)
    __aeabi_fadd                             0x08000165   Thumb Code   164  fadd.o(.text)
    __aeabi_fsub                             0x08000209   Thumb Code     6  fadd.o(.text)
    __aeabi_frsub                            0x0800020f   Thumb Code     6  fadd.o(.text)
    __aeabi_fmul                             0x08000215   Thumb Code   100  fmul.o(.text)
    __aeabi_fdiv                             0x08000279   Thumb Code   124  fdiv.o(.text)
    __ARM_scalbnf                            0x080002f5   Thumb Code    24  fscalb.o(.text)
    scalbnf                                  0x080002f5   Thumb Code     0  fscalb.o(.text)
    __aeabi_dadd                             0x0800030d   Thumb Code   322  dadd.o(.text)
    __aeabi_dsub                             0x0800044f   Thumb Code     6  dadd.o(.text)
    __aeabi_drsub                            0x08000455   Thumb Code     6  dadd.o(.text)
    __aeabi_dmul                             0x0800045b   Thumb Code   228  dmul.o(.text)
    __aeabi_ddiv                             0x0800053f   Thumb Code   222  ddiv.o(.text)
    __aeabi_i2f                              0x0800061d   Thumb Code    18  fflti.o(.text)
    __aeabi_ui2f                             0x0800062f   Thumb Code    10  ffltui.o(.text)
    __aeabi_i2d                              0x08000639   Thumb Code    34  dflti.o(.text)
    __aeabi_ui2d                             0x0800065b   Thumb Code    26  dfltui.o(.text)
    __aeabi_f2uiz                            0x08000675   Thumb Code    40  ffixui.o(.text)
    __aeabi_d2iz                             0x0800069d   Thumb Code    62  dfixi.o(.text)
    __aeabi_d2uiz                            0x080006db   Thumb Code    50  dfixui.o(.text)
    __aeabi_f2d                              0x0800070d   Thumb Code    38  f2d.o(.text)
    __aeabi_cdrcmple                         0x08000735   Thumb Code    48  cdrcmple.o(.text)
    __aeabi_d2f                              0x08000765   Thumb Code    56  d2f.o(.text)
    __aeabi_cfrcmple                         0x0800079d   Thumb Code    20  cfrcmple.o(.text)
    __aeabi_uidiv                            0x080007b1   Thumb Code     0  uidiv.o(.text)
    __aeabi_uidivmod                         0x080007b1   Thumb Code    44  uidiv.o(.text)
    __aeabi_uldivmod                         0x080007dd   Thumb Code    98  uldiv.o(.text)
    __aeabi_llsl                             0x0800083f   Thumb Code    30  llshl.o(.text)
    _ll_shift_l                              0x0800083f   Thumb Code     0  llshl.o(.text)
    __aeabi_lasr                             0x0800085d   Thumb Code    36  llsshr.o(.text)
    _ll_sshift_r                             0x0800085d   Thumb Code     0  llsshr.o(.text)
    __strtod_int                             0x080008b7   Thumb Code    90  strtod.o(.text)
    __I$use$fp                               0x0800091d   Thumb Code     0  iusefp.o(.text)
    _float_round                             0x0800091d   Thumb Code    18  fepilogue.o(.text)
    _float_epilogue                          0x0800092f   Thumb Code    92  fepilogue.o(.text)
    _double_round                            0x0800098b   Thumb Code    30  depilogue.o(.text)
    _double_epilogue                         0x080009a9   Thumb Code   156  depilogue.o(.text)
    _drem                                    0x08000a45   Thumb Code   134  drem.o(.text)
    __aeabi_d2ulz                            0x08000acb   Thumb Code    48  dfixul.o(.text)
    __aeabi_cdcmpeq                          0x08000afd   Thumb Code     0  cdcmple.o(.text)
    __aeabi_cdcmple                          0x08000afd   Thumb Code    48  cdcmple.o(.text)
    __scatterload                            0x08000b2d   Thumb Code    28  init.o(.text)
    __scatterload_rt2                        0x08000b2d   Thumb Code     0  init.o(.text)
    isspace                                  0x08000b51   Thumb Code    10  isspace_c.o(.text)
    _scanf_real                              0x08000c85   Thumb Code     0  scanf_fp.o(.text)
    _scanf_really_real                       0x08000c85   Thumb Code   556  scanf_fp.o(.text)
    _sgetc                                   0x08000ebd   Thumb Code    30  _sgetc.o(.text)
    _sbackspace                              0x08000edb   Thumb Code    34  _sgetc.o(.text)
    __ARM_scalbn                             0x08000efd   Thumb Code    46  dscalb.o(.text)
    scalbn                                   0x08000efd   Thumb Code     0  dscalb.o(.text)
    __ctype_lookup                           0x08000f2d   Thumb Code    34  ctype_c.o(.text)
    __aeabi_ul2d                             0x08000f55   Thumb Code    24  dfltul.o(.text)
    ADC1_2_IRQHandler                        0x08000f6d   Thumb Code     6  stm32f1xx_it.o(i.ADC1_2_IRQHandler)
    ADC_ConversionStop_Disable               0x08000f79   Thumb Code    86  stm32f1xx_hal_adc.o(i.ADC_ConversionStop_Disable)
    ADC_DMAConvCplt                          0x08000fcf   Thumb Code    78  stm32f1xx_hal_adc.o(i.ADC_DMAConvCplt)
    ADC_DMAError                             0x0800101d   Thumb Code    26  stm32f1xx_hal_adc.o(i.ADC_DMAError)
    ADC_DMAHalfConvCplt                      0x08001037   Thumb Code    10  stm32f1xx_hal_adc.o(i.ADC_DMAHalfConvCplt)
    ADC_Enable                               0x08001041   Thumb Code   114  stm32f1xx_hal_adc.o(i.ADC_Enable)
    BusFault_Handler                         0x080010bd   Thumb Code     2  stm32f1xx_it.o(i.BusFault_Handler)
    DMA1_Channel1_IRQHandler                 0x080010c1   Thumb Code     6  stm32f1xx_it.o(i.DMA1_Channel1_IRQHandler)
    DebugMon_Handler                         0x080010f7   Thumb Code     2  stm32f1xx_it.o(i.DebugMon_Handler)
    Error_Handler                            0x080010f9   Thumb Code     4  main.o(i.Error_Handler)
    GetBldcHall                              0x080010fd   Thumb Code    42  hall.o(i.GetBldcHall)
    HAL_ADCEx_InjectedConvCpltCallback       0x08001131   Thumb Code     2  stm32f1xx_hal_adc_ex.o(i.HAL_ADCEx_InjectedConvCpltCallback)
    HAL_ADC_ConfigChannel                    0x08001135   Thumb Code   240  stm32f1xx_hal_adc.o(i.HAL_ADC_ConfigChannel)
    HAL_ADC_ConvCpltCallback                 0x08001231   Thumb Code    30  main.o(i.HAL_ADC_ConvCpltCallback)
    HAL_ADC_ConvHalfCpltCallback             0x08001259   Thumb Code     2  stm32f1xx_hal_adc.o(i.HAL_ADC_ConvHalfCpltCallback)
    HAL_ADC_ErrorCallback                    0x0800125b   Thumb Code     2  stm32f1xx_hal_adc.o(i.HAL_ADC_ErrorCallback)
    HAL_ADC_IRQHandler                       0x0800125d   Thumb Code   220  stm32f1xx_hal_adc.o(i.HAL_ADC_IRQHandler)
    HAL_ADC_Init                             0x08001339   Thumb Code   272  stm32f1xx_hal_adc.o(i.HAL_ADC_Init)
    HAL_ADC_LevelOutOfWindowCallback         0x08001455   Thumb Code     2  stm32f1xx_hal_adc.o(i.HAL_ADC_LevelOutOfWindowCallback)
    HAL_ADC_MspInit                          0x08001459   Thumb Code   166  adc.o(i.HAL_ADC_MspInit)
    HAL_ADC_Start_DMA                        0x08001519   Thumb Code   246  stm32f1xx_hal_adc.o(i.HAL_ADC_Start_DMA)
    HAL_DMA_Abort                            0x08001625   Thumb Code    70  stm32f1xx_hal_dma.o(i.HAL_DMA_Abort)
    HAL_DMA_Abort_IT                         0x0800166d   Thumb Code   148  stm32f1xx_hal_dma.o(i.HAL_DMA_Abort_IT)
    HAL_DMA_IRQHandler                       0x08001705   Thumb Code   316  stm32f1xx_hal_dma.o(i.HAL_DMA_IRQHandler)
    HAL_DMA_Init                             0x08001859   Thumb Code    84  stm32f1xx_hal_dma.o(i.HAL_DMA_Init)
    HAL_DMA_Start_IT                         0x080018b5   Thumb Code   112  stm32f1xx_hal_dma.o(i.HAL_DMA_Start_IT)
    HAL_GPIO_Init                            0x08001925   Thumb Code   446  stm32f1xx_hal_gpio.o(i.HAL_GPIO_Init)
    HAL_GPIO_ReadPin                         0x08001b05   Thumb Code    10  stm32f1xx_hal_gpio.o(i.HAL_GPIO_ReadPin)
    HAL_GPIO_WritePin                        0x08001b0f   Thumb Code    10  stm32f1xx_hal_gpio.o(i.HAL_GPIO_WritePin)
    HAL_GetTick                              0x08001b19   Thumb Code     6  stm32f1xx_hal.o(i.HAL_GetTick)
    HAL_IncTick                              0x08001b25   Thumb Code    12  stm32f1xx_hal.o(i.HAL_IncTick)
    HAL_Init                                 0x08001b35   Thumb Code    32  stm32f1xx_hal.o(i.HAL_Init)
    HAL_InitTick                             0x08001b59   Thumb Code    54  stm32f1xx_hal.o(i.HAL_InitTick)
    HAL_MspInit                              0x08001b99   Thumb Code    52  stm32f1xx_hal_msp.o(i.HAL_MspInit)
    HAL_NVIC_EnableIRQ                       0x08001bd5   Thumb Code    26  stm32f1xx_hal_cortex.o(i.HAL_NVIC_EnableIRQ)
    HAL_NVIC_SetPriority                     0x08001bf1   Thumb Code    60  stm32f1xx_hal_cortex.o(i.HAL_NVIC_SetPriority)
    HAL_NVIC_SetPriorityGrouping             0x08001c31   Thumb Code    26  stm32f1xx_hal_cortex.o(i.HAL_NVIC_SetPriorityGrouping)
    HAL_RCCEx_PeriphCLKConfig                0x08001c55   Thumb Code   224  stm32f1xx_hal_rcc_ex.o(i.HAL_RCCEx_PeriphCLKConfig)
    HAL_RCC_ClockConfig                      0x08001d41   Thumb Code   280  stm32f1xx_hal_rcc.o(i.HAL_RCC_ClockConfig)
    HAL_RCC_GetHCLKFreq                      0x08001e6d   Thumb Code     6  stm32f1xx_hal_rcc.o(i.HAL_RCC_GetHCLKFreq)
    HAL_RCC_GetPCLK1Freq                     0x08001e79   Thumb Code    20  stm32f1xx_hal_rcc.o(i.HAL_RCC_GetPCLK1Freq)
    HAL_RCC_GetPCLK2Freq                     0x08001e99   Thumb Code    20  stm32f1xx_hal_rcc.o(i.HAL_RCC_GetPCLK2Freq)
    HAL_RCC_GetSysClockFreq                  0x08001eb9   Thumb Code    58  stm32f1xx_hal_rcc.o(i.HAL_RCC_GetSysClockFreq)
    HAL_RCC_OscConfig                        0x08001f05   Thumb Code   778  stm32f1xx_hal_rcc.o(i.HAL_RCC_OscConfig)
    HAL_SYSTICK_Config                       0x08002225   Thumb Code    40  stm32f1xx_hal_cortex.o(i.HAL_SYSTICK_Config)
    HAL_TIMEx_BreakCallback                  0x0800224d   Thumb Code     2  stm32f1xx_hal_tim_ex.o(i.HAL_TIMEx_BreakCallback)
    HAL_TIMEx_CommutCallback                 0x0800224f   Thumb Code     2  stm32f1xx_hal_tim_ex.o(i.HAL_TIMEx_CommutCallback)
    HAL_TIMEx_ConfigBreakDeadTime            0x08002251   Thumb Code    84  stm32f1xx_hal_tim_ex.o(i.HAL_TIMEx_ConfigBreakDeadTime)
    HAL_TIMEx_MasterConfigSynchronization    0x080022a5   Thumb Code    92  stm32f1xx_hal_tim_ex.o(i.HAL_TIMEx_MasterConfigSynchronization)
    HAL_TIM_Base_Init                        0x0800230d   Thumb Code    90  stm32f1xx_hal_tim.o(i.HAL_TIM_Base_Init)
    HAL_TIM_Base_MspInit                     0x08002369   Thumb Code   178  tim.o(i.HAL_TIM_Base_MspInit)
    HAL_TIM_Base_Start_IT                    0x08002431   Thumb Code    76  stm32f1xx_hal_tim.o(i.HAL_TIM_Base_Start_IT)
    HAL_TIM_ConfigClockSource                0x08002489   Thumb Code   220  stm32f1xx_hal_tim.o(i.HAL_TIM_ConfigClockSource)
    HAL_TIM_ConfigTI1Input                   0x08002565   Thumb Code    16  stm32f1xx_hal_tim.o(i.HAL_TIM_ConfigTI1Input)
    HAL_TIM_IC_CaptureCallback               0x08002575   Thumb Code    20  main.o(i.HAL_TIM_IC_CaptureCallback)
    HAL_TIM_IC_ConfigChannel                 0x08002589   Thumb Code   292  stm32f1xx_hal_tim.o(i.HAL_TIM_IC_ConfigChannel)
    HAL_TIM_IC_Init                          0x080026ad   Thumb Code    90  stm32f1xx_hal_tim.o(i.HAL_TIM_IC_Init)
    HAL_TIM_IC_MspInit                       0x08002707   Thumb Code     2  stm32f1xx_hal_tim.o(i.HAL_TIM_IC_MspInit)
    HAL_TIM_IC_Start_IT                      0x08002709   Thumb Code   216  stm32f1xx_hal_tim.o(i.HAL_TIM_IC_Start_IT)
    HAL_TIM_IRQHandler                       0x080027ed   Thumb Code   358  stm32f1xx_hal_tim.o(i.HAL_TIM_IRQHandler)
    HAL_TIM_MspPostInit                      0x08002955   Thumb Code    64  tim.o(i.HAL_TIM_MspPostInit)
    HAL_TIM_OC_DelayElapsedCallback          0x080029a1   Thumb Code     2  stm32f1xx_hal_tim.o(i.HAL_TIM_OC_DelayElapsedCallback)
    HAL_TIM_PWM_ConfigChannel                0x080029a3   Thumb Code   204  stm32f1xx_hal_tim.o(i.HAL_TIM_PWM_ConfigChannel)
    HAL_TIM_PWM_Init                         0x08002a6f   Thumb Code    90  stm32f1xx_hal_tim.o(i.HAL_TIM_PWM_Init)
    HAL_TIM_PWM_MspInit                      0x08002ac9   Thumb Code     2  stm32f1xx_hal_tim.o(i.HAL_TIM_PWM_MspInit)
    HAL_TIM_PWM_PulseFinishedCallback        0x08002acb   Thumb Code     2  stm32f1xx_hal_tim.o(i.HAL_TIM_PWM_PulseFinishedCallback)
    HAL_TIM_PWM_Start                        0x08002acd   Thumb Code   144  stm32f1xx_hal_tim.o(i.HAL_TIM_PWM_Start)
    HAL_TIM_PeriodElapsedCallback            0x08002b69   Thumb Code     2  stm32f1xx_hal_tim.o(i.HAL_TIM_PeriodElapsedCallback)
    HAL_TIM_SlaveConfigSynchro               0x08002b6b   Thumb Code    86  stm32f1xx_hal_tim.o(i.HAL_TIM_SlaveConfigSynchro)
    HAL_TIM_TriggerCallback                  0x08002bc1   Thumb Code     2  stm32f1xx_hal_tim.o(i.HAL_TIM_TriggerCallback)
    HAL_UARTEx_RxEventCallback               0x08002bc3   Thumb Code     2  stm32f1xx_hal_uart.o(i.HAL_UARTEx_RxEventCallback)
    HAL_UART_ErrorCallback                   0x08002bc5   Thumb Code     2  stm32f1xx_hal_uart.o(i.HAL_UART_ErrorCallback)
    HAL_UART_IRQHandler                      0x08002bc9   Thumb Code   616  stm32f1xx_hal_uart.o(i.HAL_UART_IRQHandler)
    HAL_UART_Init                            0x08002e35   Thumb Code   100  stm32f1xx_hal_uart.o(i.HAL_UART_Init)
    HAL_UART_MspInit                         0x08002e99   Thumb Code   114  usart.o(i.HAL_UART_MspInit)
    HAL_UART_Receive_IT                      0x08002f19   Thumb Code    28  stm32f1xx_hal_uart.o(i.HAL_UART_Receive_IT)
    HAL_UART_RxCpltCallback                  0x08002f35   Thumb Code    84  main.o(i.HAL_UART_RxCpltCallback)
    HAL_UART_Transmit                        0x08002f99   Thumb Code   154  stm32f1xx_hal_uart.o(i.HAL_UART_Transmit)
    HAL_UART_TxCpltCallback                  0x08003033   Thumb Code     2  stm32f1xx_hal_uart.o(i.HAL_UART_TxCpltCallback)
    HardFault_Handler                        0x08003035   Thumb Code     2  stm32f1xx_it.o(i.HardFault_Handler)
    LPF_init                                 0x08003039   Thumb Code    32  pid.o(i.LPF_init)
    LPFoperator                              0x08003065   Thumb Code   126  pid.o(i.LPFoperator)
    MX_ADC1_Init                             0x080030f1   Thumb Code    92  adc.o(i.MX_ADC1_Init)
    MX_DMA_Init                              0x08003155   Thumb Code    40  dma.o(i.MX_DMA_Init)
    MX_GPIO_Init                             0x08003181   Thumb Code   158  gpio.o(i.MX_GPIO_Init)
    MX_TIM1_Init                             0x0800322d   Thumb Code   222  tim.o(i.MX_TIM1_Init)
    MX_TIM2_Init                             0x08003315   Thumb Code   190  tim.o(i.MX_TIM2_Init)
    MX_USART2_UART_Init                      0x080033d9   Thumb Code    48  usart.o(i.MX_USART2_UART_Init)
    MemManage_Handler                        0x08003411   Thumb Code     2  stm32f1xx_it.o(i.MemManage_Handler)
    NMI_Handler                              0x08003413   Thumb Code     2  stm32f1xx_it.o(i.NMI_Handler)
    PID_init                                 0x08003415   Thumb Code   120  pid.o(i.PID_init)
    PIDoperator                              0x080034ad   Thumb Code   320  pid.o(i.PIDoperator)
    PendSV_Handler                           0x080035f9   Thumb Code     2  stm32f1xx_it.o(i.PendSV_Handler)
    SVC_Handler                              0x080035fb   Thumb Code     2  stm32f1xx_it.o(i.SVC_Handler)
    SysTick_Handler                          0x080035fd   Thumb Code     4  stm32f1xx_it.o(i.SysTick_Handler)
    SystemClock_Config                       0x08003601   Thumb Code   110  main.o(i.SystemClock_Config)
    TIM2_IRQHandler                          0x08003671   Thumb Code     6  stm32f1xx_it.o(i.TIM2_IRQHandler)
    TIM_Base_SetConfig                       0x0800367d   Thumb Code    94  stm32f1xx_hal_tim.o(i.TIM_Base_SetConfig)
    TIM_CCxChannelCmd                        0x080036e9   Thumb Code    26  stm32f1xx_hal_tim.o(i.TIM_CCxChannelCmd)
    TIM_ETR_SetConfig                        0x08003703   Thumb Code    20  stm32f1xx_hal_tim.o(i.TIM_ETR_SetConfig)
    TIM_OC2_SetConfig                        0x08003779   Thumb Code    84  stm32f1xx_hal_tim.o(i.TIM_OC2_SetConfig)
    TIM_TI1_SetConfig                        0x0800391d   Thumb Code    76  stm32f1xx_hal_tim.o(i.TIM_TI1_SetConfig)
    UART_Start_Receive_IT                    0x08003ba9   Thumb Code    54  stm32f1xx_hal_uart.o(i.UART_Start_Receive_IT)
    USART2_IRQHandler                        0x08003c59   Thumb Code     6  stm32f1xx_it.o(i.USART2_IRQHandler)
    UsageFault_Handler                       0x08003c65   Thumb Code     2  stm32f1xx_it.o(i.UsageFault_Handler)
    __0printf                                0x08003c69   Thumb Code    22  printfa.o(i.__0printf)
    __1printf                                0x08003c69   Thumb Code     0  printfa.o(i.__0printf)
    __2printf                                0x08003c69   Thumb Code     0  printfa.o(i.__0printf)
    __c89printf                              0x08003c69   Thumb Code     0  printfa.o(i.__0printf)
    printf                                   0x08003c69   Thumb Code     0  printfa.o(i.__0printf)
    __ARM_fpclassify                         0x08003c89   Thumb Code    40  fpclassify.o(i.__ARM_fpclassify)
    __kernel_poly                            0x08003cd1   Thumb Code   170  poly.o(i.__kernel_poly)
    __mathlib_dbl_infnan                     0x08003d7b   Thumb Code     6  dunder.o(i.__mathlib_dbl_infnan)
    __mathlib_dbl_infnan2                    0x08003d81   Thumb Code     4  dunder.o(i.__mathlib_dbl_infnan2)
    __mathlib_dbl_invalid                    0x08003d85   Thumb Code    12  dunder.o(i.__mathlib_dbl_invalid)
    __mathlib_dbl_underflow                  0x08003d91   Thumb Code    10  dunder.o(i.__mathlib_dbl_underflow)
    __read_errno                             0x08003da1   Thumb Code     6  errno.o(i.__read_errno)
    __scatterload_copy                       0x08003dad   Thumb Code    14  handlers.o(i.__scatterload_copy)
    __scatterload_null                       0x08003dbb   Thumb Code     2  handlers.o(i.__scatterload_null)
    __scatterload_zeroinit                   0x08003dbd   Thumb Code    14  handlers.o(i.__scatterload_zeroinit)
    __set_errno                              0x08003dcd   Thumb Code     6  errno.o(i.__set_errno)
    _cos                                     0x08003dd9   Thumb Code    70  foc_utils.o(i._cos)
    _electricalAngle                         0x08003e35   Thumb Code    20  foc_utils.o(i._electricalAngle)
    _is_digit                                0x08003fcd   Thumb Code    14  scanf_fp.o(i._is_digit)
    _normalizeAngle                          0x08003fdd   Thumb Code    54  foc_utils.o(i._normalizeAngle)
    _sin                                     0x08004725   Thumb Code   256  foc_utils.o(i._sin)
    _sqrtApprox                              0x0800484d   Thumb Code    10  foc_utils.o(i._sqrtApprox)
    angleOpenloop                            0x0800485d   Thumb Code   206  bldcmotor.o(i.angleOpenloop)
    atan                                     0x08004945   Thumb Code   474  atan.o(i.atan)
    atan2                                    0x08004b65   Thumb Code   374  atan2.o(i.atan2)
    atof                                     0x08004d01   Thumb Code    42  atof.o(i.atof)
    commander_run                            0x08004d2d   Thumb Code    58  main.o(i.commander_run)
    fmod                                     0x08004d8d   Thumb Code   144  fmod.o(i.fmod)
    fputc                                    0x08004e21   Thumb Code    20  usart.o(i.fputc)
    getAngle                                 0x08004e39   Thumb Code    56  hall.o(i.getAngle)
    getDCCurrent                             0x08004e7d   Thumb Code   226  currentsample.o(i.getDCCurrent)
    getFOCCurrents                           0x08004f71   Thumb Code   198  currentsample.o(i.getFOCCurrents)
    getPhaseCurrents                         0x08005049   Thumb Code   104  currentsample.o(i.getPhaseCurrents)
    getVelocity                              0x080050cd   Thumb Code   110  hall.o(i.getVelocity)
    loopFOC                                  0x0800514d   Thumb Code   200  bldcmotor.o(i.loopFOC)
    main                                     0x08005269   Thumb Code   326  main.o(i.main)
    move                                     0x0800542d   Thumb Code   152  bldcmotor.o(i.move)
    setPhaseVoltage                          0x080054ed   Thumb Code   616  bldcmotor.o(i.setPhaseVoltage)
    shaftVelocity                            0x08005781   Thumb Code    18  focmotor.o(i.shaftVelocity)
    updateState                              0x08005799   Thumb Code   134  hall.o(i.updateState)
    velocityOpenloop                         0x08005829   Thumb Code   128  bldcmotor.o(i.velocityOpenloop)
    AHBPrescTable                            0x080058d2   Data          16  system_stm32f1xx.o(.constdata)
    APBPrescTable                            0x080058e2   Data           8  system_stm32f1xx.o(.constdata)
    ELECTRIC_SECTORS                         0x080058ea   Data           8  hall.o(.constdata)
    sine_array                               0x080058f4   Data         800  foc_utils.o(.constdata)
    __mathlib_zero                           0x08005cb0   Data           8  qnan.o(.constdata)
    __ctype_categories                       0x08005cb8   Data          64  ctype_c.o(.constdata)
    Region$$Table$$Base                      0x08005cf8   Number         0  anon$$obj.o(Region$$Table)
    Region$$Table$$Limit                     0x08005d18   Number         0  anon$$obj.o(Region$$Table)
    Rx_Flag                                  0x20000000   Data           2  main.o(.data)
    offset_channel_1                         0x20000002   Data           2  main.o(.data)
    offset_channel_2                         0x20000004   Data           2  main.o(.data)
    current_a_count                          0x20000008   Data           2  main.o(.data)
    current_b_count                          0x2000000a   Data           2  main.o(.data)
    target                                   0x2000000c   Data           4  main.o(.data)
    ad_value                                 0x20000010   Data           4  main.o(.data)
    __stdout                                 0x20000014   Data           4  usart.o(.data)
    uwTickFreq                               0x20000018   Data           1  stm32f1xx_hal.o(.data)
    uwTickPrio                               0x2000001c   Data           4  stm32f1xx_hal.o(.data)
    uwTick                                   0x20000020   Data           4  stm32f1xx_hal.o(.data)
    SystemCoreClock                          0x20000024   Data           4  system_stm32f1xx.o(.data)
    electric_sector                          0x20000028   Data           1  hall.o(.data)
    hall_state                               0x20000029   Data           1  hall.o(.data)
    cpr                                      0x2000002c   Data           4  hall.o(.data)
    electric_rotations                       0x20000034   Data           4  hall.o(.data)
    direction                                0x20000038   Data           4  hall.o(.data)
    pulse_diff                               0x2000003c   Data           4  hall.o(.data)
    pulse_timestamp                          0x20000040   Data           4  hall.o(.data)
    shaft_angle                              0x20000044   Data           4  focmotor.o(.data)
    electrical_angle                         0x20000048   Data           4  focmotor.o(.data)
    shaft_velocity                           0x2000004c   Data           4  focmotor.o(.data)
    current_sp                               0x20000050   Data           4  focmotor.o(.data)
    shaft_velocity_sp                        0x20000054   Data           4  focmotor.o(.data)
    shaft_angle_sp                           0x20000058   Data           4  focmotor.o(.data)
    voltage                                  0x2000005c   Data           8  focmotor.o(.data)
    current                                  0x20000064   Data           8  focmotor.o(.data)
    torque_controller                        0x2000006c   Data           1  focmotor.o(.data)
    controller                               0x2000006d   Data           1  focmotor.o(.data)
    PWM_Period                               0x20000070   Data           4  bldcmotor.o(.data)
    voltage_power_supply                     0x20000074   Data           4  bldcmotor.o(.data)
    open_loop_timestamp                      0x20000078   Data           4  bldcmotor.o(.data)
    voltage_limit                            0x2000007c   Data           4  bldcmotor.o(.data)
    velocity_limit                           0x20000080   Data           4  bldcmotor.o(.data)
    pole_pairs                               0x20000084   Data           4  bldcmotor.o(.data)
    current_limit                            0x20000088   Data           4  bldcmotor.o(.data)
    Rx_Buffer                                0x20000090   Data          32  main.o(.bss)
    current_offset                           0x200000b0   Data          20  main.o(.bss)
    hadc1                                    0x200000c4   Data          48  adc.o(.bss)
    hdma_adc1                                0x200000f4   Data          68  adc.o(.bss)
    htim1                                    0x20000138   Data          72  tim.o(.bss)
    htim2                                    0x20000180   Data          72  tim.o(.bss)
    huart2                                   0x200001c8   Data          72  usart.o(.bss)
    PID_current_q                            0x20000210   Data          36  pid.o(.bss)
    PID_current_d                            0x20000234   Data          36  pid.o(.bss)
    PID_velocity                             0x20000258   Data          36  pid.o(.bss)
    P_angle                                  0x2000027c   Data          36  pid.o(.bss)
    LPF_current_q                            0x200002a0   Data          12  pid.o(.bss)
    LPF_current_d                            0x200002ac   Data          12  pid.o(.bss)
    LPF_velocity                             0x200002b8   Data          12  pid.o(.bss)
    __initial_sp                             0x200006c8   Data           0  startup_stm32f10x_md.o(STACK)



==============================================================================

Memory Map of the image

  Image Entry point : 0x080000ed

  Load Region LR_IROM1 (Base: 0x08000000, Size: 0x00005da8, Max: 0x00020000, ABSOLUTE)

    Execution Region ER_IROM1 (Exec base: 0x08000000, Load base: 0x08000000, Size: 0x00005d18, Max: 0x00020000, ABSOLUTE)

    Exec Addr    Load Addr    Size         Type   Attr      Idx    E Section Name        Object

    0x08000000   0x08000000   0x000000ec   Data   RO         3176    RESET               startup_stm32f10x_md.o
    0x080000ec   0x080000ec   0x00000000   Code   RO         3578  * .ARM.Collect$$$$00000000  mc_w.l(entry.o)
    0x080000ec   0x080000ec   0x00000004   Code   RO         3939    .ARM.Collect$$$$00000001  mc_w.l(entry2.o)
    0x080000f0   0x080000f0   0x00000004   Code   RO         3942    .ARM.Collect$$$$00000004  mc_w.l(entry5.o)
    0x080000f4   0x080000f4   0x00000000   Code   RO         3944    .ARM.Collect$$$$00000008  mc_w.l(entry7b.o)
    0x080000f4   0x080000f4   0x00000000   Code   RO         3946    .ARM.Collect$$$$0000000A  mc_w.l(entry8b.o)
    0x080000f4   0x080000f4   0x00000008   Code   RO         3947    .ARM.Collect$$$$0000000B  mc_w.l(entry9a.o)
    0x080000fc   0x080000fc   0x00000004   Code   RO         3954    .ARM.Collect$$$$0000000E  mc_w.l(entry12b.o)
    0x08000100   0x08000100   0x00000000   Code   RO         3949    .ARM.Collect$$$$0000000F  mc_w.l(entry10a.o)
    0x08000100   0x08000100   0x00000000   Code   RO         3951    .ARM.Collect$$$$00000011  mc_w.l(entry11a.o)
    0x08000100   0x08000100   0x00000004   Code   RO         3940    .ARM.Collect$$$$00002712  mc_w.l(entry2.o)
    0x08000104   0x08000104   0x0000001c   Code   RO         3177    .text               startup_stm32f10x_md.o
    0x08000120   0x08000120   0x00000020   Code   RO         3581    .text               mc_w.l(llushr.o)
    0x08000140   0x08000140   0x00000024   Code   RO         3585    .text               mc_w.l(memseta.o)
    0x08000164   0x08000164   0x000000b0   Code   RO         3878    .text               mf_w.l(fadd.o)
    0x08000214   0x08000214   0x00000064   Code   RO         3880    .text               mf_w.l(fmul.o)
    0x08000278   0x08000278   0x0000007c   Code   RO         3882    .text               mf_w.l(fdiv.o)
    0x080002f4   0x080002f4   0x00000018   Code   RO         3884    .text               mf_w.l(fscalb.o)
    0x0800030c   0x0800030c   0x0000014e   Code   RO         3886    .text               mf_w.l(dadd.o)
    0x0800045a   0x0800045a   0x000000e4   Code   RO         3888    .text               mf_w.l(dmul.o)
    0x0800053e   0x0800053e   0x000000de   Code   RO         3890    .text               mf_w.l(ddiv.o)
    0x0800061c   0x0800061c   0x00000012   Code   RO         3892    .text               mf_w.l(fflti.o)
    0x0800062e   0x0800062e   0x0000000a   Code   RO         3894    .text               mf_w.l(ffltui.o)
    0x08000638   0x08000638   0x00000022   Code   RO         3896    .text               mf_w.l(dflti.o)
    0x0800065a   0x0800065a   0x0000001a   Code   RO         3898    .text               mf_w.l(dfltui.o)
    0x08000674   0x08000674   0x00000028   Code   RO         3900    .text               mf_w.l(ffixui.o)
    0x0800069c   0x0800069c   0x0000003e   Code   RO         3902    .text               mf_w.l(dfixi.o)
    0x080006da   0x080006da   0x00000032   Code   RO         3904    .text               mf_w.l(dfixui.o)
    0x0800070c   0x0800070c   0x00000026   Code   RO         3906    .text               mf_w.l(f2d.o)
    0x08000732   0x08000732   0x00000002   PAD
    0x08000734   0x08000734   0x00000030   Code   RO         3908    .text               mf_w.l(cdrcmple.o)
    0x08000764   0x08000764   0x00000038   Code   RO         3910    .text               mf_w.l(d2f.o)
    0x0800079c   0x0800079c   0x00000014   Code   RO         3912    .text               mf_w.l(cfrcmple.o)
    0x080007b0   0x080007b0   0x0000002c   Code   RO         3955    .text               mc_w.l(uidiv.o)
    0x080007dc   0x080007dc   0x00000062   Code   RO         3957    .text               mc_w.l(uldiv.o)
    0x0800083e   0x0800083e   0x0000001e   Code   RO         3959    .text               mc_w.l(llshl.o)
    0x0800085c   0x0800085c   0x00000024   Code   RO         3961    .text               mc_w.l(llsshr.o)
    0x08000880   0x08000880   0x0000009c   Code   RO         3972    .text               mc_w.l(strtod.o)
    0x0800091c   0x0800091c   0x00000000   Code   RO         3974    .text               mc_w.l(iusefp.o)
    0x0800091c   0x0800091c   0x0000006e   Code   RO         3975    .text               mf_w.l(fepilogue.o)
    0x0800098a   0x0800098a   0x000000ba   Code   RO         3977    .text               mf_w.l(depilogue.o)
    0x08000a44   0x08000a44   0x00000086   Code   RO         3979    .text               mf_w.l(drem.o)
    0x08000aca   0x08000aca   0x00000030   Code   RO         3981    .text               mf_w.l(dfixul.o)
    0x08000afa   0x08000afa   0x00000002   PAD
    0x08000afc   0x08000afc   0x00000030   Code   RO         3983    .text               mf_w.l(cdcmple.o)
    0x08000b2c   0x08000b2c   0x00000024   Code   RO         3989    .text               mc_w.l(init.o)
    0x08000b50   0x08000b50   0x0000000a   Code   RO         3991    .text               mc_w.l(isspace_c.o)
    0x08000b5a   0x08000b5a   0x00000002   PAD
    0x08000b5c   0x08000b5c   0x00000360   Code   RO         3993    .text               mc_w.l(scanf_fp.o)
    0x08000ebc   0x08000ebc   0x00000040   Code   RO         3997    .text               mc_w.l(_sgetc.o)
    0x08000efc   0x08000efc   0x0000002e   Code   RO         3999    .text               mf_w.l(dscalb.o)
    0x08000f2a   0x08000f2a   0x00000002   PAD
    0x08000f2c   0x08000f2c   0x00000028   Code   RO         4001    .text               mc_w.l(ctype_c.o)
    0x08000f54   0x08000f54   0x00000018   Code   RO         4004    .text               mf_w.l(dfltul.o)
    0x08000f6c   0x08000f6c   0x0000000c   Code   RO          428    i.ADC1_2_IRQHandler  stm32f1xx_it.o
    0x08000f78   0x08000f78   0x00000056   Code   RO          588    i.ADC_ConversionStop_Disable  stm32f1xx_hal_adc.o
    0x08000fce   0x08000fce   0x0000004e   Code   RO          589    i.ADC_DMAConvCplt   stm32f1xx_hal_adc.o
    0x0800101c   0x0800101c   0x0000001a   Code   RO          590    i.ADC_DMAError      stm32f1xx_hal_adc.o
    0x08001036   0x08001036   0x0000000a   Code   RO          591    i.ADC_DMAHalfConvCplt  stm32f1xx_hal_adc.o
    0x08001040   0x08001040   0x0000007c   Code   RO          592    i.ADC_Enable        stm32f1xx_hal_adc.o
    0x080010bc   0x080010bc   0x00000002   Code   RO          429    i.BusFault_Handler  stm32f1xx_it.o
    0x080010be   0x080010be   0x00000002   PAD
    0x080010c0   0x080010c0   0x0000000c   Code   RO          430    i.DMA1_Channel1_IRQHandler  stm32f1xx_it.o
    0x080010cc   0x080010cc   0x0000002a   Code   RO         1244    i.DMA_SetConfig     stm32f1xx_hal_dma.o
    0x080010f6   0x080010f6   0x00000002   Code   RO          431    i.DebugMon_Handler  stm32f1xx_it.o
    0x080010f8   0x080010f8   0x00000004   Code   RO            4    i.Error_Handler     main.o
    0x080010fc   0x080010fc   0x00000034   Code   RO         3222    i.GetBldcHall       hall.o
    0x08001130   0x08001130   0x00000002   Code   RO          770    i.HAL_ADCEx_InjectedConvCpltCallback  stm32f1xx_hal_adc_ex.o
    0x08001132   0x08001132   0x00000002   PAD
    0x08001134   0x08001134   0x000000fc   Code   RO          594    i.HAL_ADC_ConfigChannel  stm32f1xx_hal_adc.o
    0x08001230   0x08001230   0x00000028   Code   RO            5    i.HAL_ADC_ConvCpltCallback  main.o
    0x08001258   0x08001258   0x00000002   Code   RO          596    i.HAL_ADC_ConvHalfCpltCallback  stm32f1xx_hal_adc.o
    0x0800125a   0x0800125a   0x00000002   Code   RO          598    i.HAL_ADC_ErrorCallback  stm32f1xx_hal_adc.o
    0x0800125c   0x0800125c   0x000000dc   Code   RO          602    i.HAL_ADC_IRQHandler  stm32f1xx_hal_adc.o
    0x08001338   0x08001338   0x0000011c   Code   RO          603    i.HAL_ADC_Init      stm32f1xx_hal_adc.o
    0x08001454   0x08001454   0x00000002   Code   RO          604    i.HAL_ADC_LevelOutOfWindowCallback  stm32f1xx_hal_adc.o
    0x08001456   0x08001456   0x00000002   PAD
    0x08001458   0x08001458   0x000000c0   Code   RO          250    i.HAL_ADC_MspInit   adc.o
    0x08001518   0x08001518   0x0000010c   Code   RO          610    i.HAL_ADC_Start_DMA  stm32f1xx_hal_adc.o
    0x08001624   0x08001624   0x00000046   Code   RO         1245    i.HAL_DMA_Abort     stm32f1xx_hal_dma.o
    0x0800166a   0x0800166a   0x00000002   PAD
    0x0800166c   0x0800166c   0x00000098   Code   RO         1246    i.HAL_DMA_Abort_IT  stm32f1xx_hal_dma.o
    0x08001704   0x08001704   0x00000154   Code   RO         1250    i.HAL_DMA_IRQHandler  stm32f1xx_hal_dma.o
    0x08001858   0x08001858   0x0000005c   Code   RO         1251    i.HAL_DMA_Init      stm32f1xx_hal_dma.o
    0x080018b4   0x080018b4   0x00000070   Code   RO         1255    i.HAL_DMA_Start_IT  stm32f1xx_hal_dma.o
    0x08001924   0x08001924   0x000001e0   Code   RO         1181    i.HAL_GPIO_Init     stm32f1xx_hal_gpio.o
    0x08001b04   0x08001b04   0x0000000a   Code   RO         1183    i.HAL_GPIO_ReadPin  stm32f1xx_hal_gpio.o
    0x08001b0e   0x08001b0e   0x0000000a   Code   RO         1185    i.HAL_GPIO_WritePin  stm32f1xx_hal_gpio.o
    0x08001b18   0x08001b18   0x0000000c   Code   RO          875    i.HAL_GetTick       stm32f1xx_hal.o
    0x08001b24   0x08001b24   0x00000010   Code   RO          881    i.HAL_IncTick       stm32f1xx_hal.o
    0x08001b34   0x08001b34   0x00000024   Code   RO          882    i.HAL_Init          stm32f1xx_hal.o
    0x08001b58   0x08001b58   0x00000040   Code   RO          883    i.HAL_InitTick      stm32f1xx_hal.o
    0x08001b98   0x08001b98   0x0000003c   Code   RO          528    i.HAL_MspInit       stm32f1xx_hal_msp.o
    0x08001bd4   0x08001bd4   0x0000001a   Code   RO         1341    i.HAL_NVIC_EnableIRQ  stm32f1xx_hal_cortex.o
    0x08001bee   0x08001bee   0x00000002   PAD
    0x08001bf0   0x08001bf0   0x00000040   Code   RO         1347    i.HAL_NVIC_SetPriority  stm32f1xx_hal_cortex.o
    0x08001c30   0x08001c30   0x00000024   Code   RO         1348    i.HAL_NVIC_SetPriorityGrouping  stm32f1xx_hal_cortex.o
    0x08001c54   0x08001c54   0x000000ec   Code   RO         1143    i.HAL_RCCEx_PeriphCLKConfig  stm32f1xx_hal_rcc_ex.o
    0x08001d40   0x08001d40   0x0000012c   Code   RO         1039    i.HAL_RCC_ClockConfig  stm32f1xx_hal_rcc.o
    0x08001e6c   0x08001e6c   0x0000000c   Code   RO         1044    i.HAL_RCC_GetHCLKFreq  stm32f1xx_hal_rcc.o
    0x08001e78   0x08001e78   0x00000020   Code   RO         1046    i.HAL_RCC_GetPCLK1Freq  stm32f1xx_hal_rcc.o
    0x08001e98   0x08001e98   0x00000020   Code   RO         1047    i.HAL_RCC_GetPCLK2Freq  stm32f1xx_hal_rcc.o
    0x08001eb8   0x08001eb8   0x0000004c   Code   RO         1048    i.HAL_RCC_GetSysClockFreq  stm32f1xx_hal_rcc.o
    0x08001f04   0x08001f04   0x00000320   Code   RO         1051    i.HAL_RCC_OscConfig  stm32f1xx_hal_rcc.o
    0x08002224   0x08002224   0x00000028   Code   RO         1352    i.HAL_SYSTICK_Config  stm32f1xx_hal_cortex.o
    0x0800224c   0x0800224c   0x00000002   Code   RO         2547    i.HAL_TIMEx_BreakCallback  stm32f1xx_hal_tim_ex.o
    0x0800224e   0x0800224e   0x00000002   Code   RO         2548    i.HAL_TIMEx_CommutCallback  stm32f1xx_hal_tim_ex.o
    0x08002250   0x08002250   0x00000054   Code   RO         2550    i.HAL_TIMEx_ConfigBreakDeadTime  stm32f1xx_hal_tim_ex.o
    0x080022a4   0x080022a4   0x00000068   Code   RO         2566    i.HAL_TIMEx_MasterConfigSynchronization  stm32f1xx_hal_tim_ex.o
    0x0800230c   0x0800230c   0x0000005a   Code   RO         1843    i.HAL_TIM_Base_Init  stm32f1xx_hal_tim.o
    0x08002366   0x08002366   0x00000002   PAD
    0x08002368   0x08002368   0x000000c8   Code   RO          316    i.HAL_TIM_Base_MspInit  tim.o
    0x08002430   0x08002430   0x00000058   Code   RO         1848    i.HAL_TIM_Base_Start_IT  stm32f1xx_hal_tim.o
    0x08002488   0x08002488   0x000000dc   Code   RO         1852    i.HAL_TIM_ConfigClockSource  stm32f1xx_hal_tim.o
    0x08002564   0x08002564   0x00000010   Code   RO         1854    i.HAL_TIM_ConfigTI1Input  stm32f1xx_hal_tim.o
    0x08002574   0x08002574   0x00000014   Code   RO            6    i.HAL_TIM_IC_CaptureCallback  main.o
    0x08002588   0x08002588   0x00000124   Code   RO         1879    i.HAL_TIM_IC_ConfigChannel  stm32f1xx_hal_tim.o
    0x080026ac   0x080026ac   0x0000005a   Code   RO         1882    i.HAL_TIM_IC_Init   stm32f1xx_hal_tim.o
    0x08002706   0x08002706   0x00000002   Code   RO         1884    i.HAL_TIM_IC_MspInit  stm32f1xx_hal_tim.o
    0x08002708   0x08002708   0x000000e4   Code   RO         1887    i.HAL_TIM_IC_Start_IT  stm32f1xx_hal_tim.o
    0x080027ec   0x080027ec   0x00000166   Code   RO         1891    i.HAL_TIM_IRQHandler  stm32f1xx_hal_tim.o
    0x08002952   0x08002952   0x00000002   PAD
    0x08002954   0x08002954   0x0000004c   Code   RO          317    i.HAL_TIM_MspPostInit  tim.o
    0x080029a0   0x080029a0   0x00000002   Code   RO         1894    i.HAL_TIM_OC_DelayElapsedCallback  stm32f1xx_hal_tim.o
    0x080029a2   0x080029a2   0x000000cc   Code   RO         1915    i.HAL_TIM_PWM_ConfigChannel  stm32f1xx_hal_tim.o
    0x08002a6e   0x08002a6e   0x0000005a   Code   RO         1918    i.HAL_TIM_PWM_Init  stm32f1xx_hal_tim.o
    0x08002ac8   0x08002ac8   0x00000002   Code   RO         1920    i.HAL_TIM_PWM_MspInit  stm32f1xx_hal_tim.o
    0x08002aca   0x08002aca   0x00000002   Code   RO         1921    i.HAL_TIM_PWM_PulseFinishedCallback  stm32f1xx_hal_tim.o
    0x08002acc   0x08002acc   0x0000009c   Code   RO         1923    i.HAL_TIM_PWM_Start  stm32f1xx_hal_tim.o
    0x08002b68   0x08002b68   0x00000002   Code   RO         1929    i.HAL_TIM_PeriodElapsedCallback  stm32f1xx_hal_tim.o
    0x08002b6a   0x08002b6a   0x00000056   Code   RO         1932    i.HAL_TIM_SlaveConfigSynchro  stm32f1xx_hal_tim.o
    0x08002bc0   0x08002bc0   0x00000002   Code   RO         1934    i.HAL_TIM_TriggerCallback  stm32f1xx_hal_tim.o
    0x08002bc2   0x08002bc2   0x00000002   Code   RO         2826    i.HAL_UARTEx_RxEventCallback  stm32f1xx_hal_uart.o
    0x08002bc4   0x08002bc4   0x00000002   Code   RO         2840    i.HAL_UART_ErrorCallback  stm32f1xx_hal_uart.o
    0x08002bc6   0x08002bc6   0x00000002   PAD
    0x08002bc8   0x08002bc8   0x0000026c   Code   RO         2843    i.HAL_UART_IRQHandler  stm32f1xx_hal_uart.o
    0x08002e34   0x08002e34   0x00000064   Code   RO         2844    i.HAL_UART_Init     stm32f1xx_hal_uart.o
    0x08002e98   0x08002e98   0x00000080   Code   RO          370    i.HAL_UART_MspInit  usart.o
    0x08002f18   0x08002f18   0x0000001c   Code   RO         2849    i.HAL_UART_Receive_IT  stm32f1xx_hal_uart.o
    0x08002f34   0x08002f34   0x00000064   Code   RO            7    i.HAL_UART_RxCpltCallback  main.o
    0x08002f98   0x08002f98   0x0000009a   Code   RO         2852    i.HAL_UART_Transmit  stm32f1xx_hal_uart.o
    0x08003032   0x08003032   0x00000002   Code   RO         2855    i.HAL_UART_TxCpltCallback  stm32f1xx_hal_uart.o
    0x08003034   0x08003034   0x00000002   Code   RO          432    i.HardFault_Handler  stm32f1xx_it.o
    0x08003036   0x08003036   0x00000002   PAD
    0x08003038   0x08003038   0x0000002c   Code   RO         3445    i.LPF_init          pid.o
    0x08003064   0x08003064   0x0000008c   Code   RO         3446    i.LPFoperator       pid.o
    0x080030f0   0x080030f0   0x00000064   Code   RO          251    i.MX_ADC1_Init      adc.o
    0x08003154   0x08003154   0x0000002c   Code   RO          291    i.MX_DMA_Init       dma.o
    0x08003180   0x08003180   0x000000ac   Code   RO          221    i.MX_GPIO_Init      gpio.o
    0x0800322c   0x0800322c   0x000000e8   Code   RO          318    i.MX_TIM1_Init      tim.o
    0x08003314   0x08003314   0x000000c4   Code   RO          319    i.MX_TIM2_Init      tim.o
    0x080033d8   0x080033d8   0x00000038   Code   RO          371    i.MX_USART2_UART_Init  usart.o
    0x08003410   0x08003410   0x00000002   Code   RO          433    i.MemManage_Handler  stm32f1xx_it.o
    0x08003412   0x08003412   0x00000002   Code   RO          434    i.NMI_Handler       stm32f1xx_it.o
    0x08003414   0x08003414   0x00000098   Code   RO         3447    i.PID_init          pid.o
    0x080034ac   0x080034ac   0x0000014c   Code   RO         3448    i.PIDoperator       pid.o
    0x080035f8   0x080035f8   0x00000002   Code   RO          435    i.PendSV_Handler    stm32f1xx_it.o
    0x080035fa   0x080035fa   0x00000002   Code   RO          436    i.SVC_Handler       stm32f1xx_it.o
    0x080035fc   0x080035fc   0x00000004   Code   RO          437    i.SysTick_Handler   stm32f1xx_it.o
    0x08003600   0x08003600   0x0000006e   Code   RO            8    i.SystemClock_Config  main.o
    0x0800366e   0x0800366e   0x00000002   PAD
    0x08003670   0x08003670   0x0000000c   Code   RO          438    i.TIM2_IRQHandler   stm32f1xx_it.o
    0x0800367c   0x0800367c   0x0000006c   Code   RO         1936    i.TIM_Base_SetConfig  stm32f1xx_hal_tim.o
    0x080036e8   0x080036e8   0x0000001a   Code   RO         1937    i.TIM_CCxChannelCmd  stm32f1xx_hal_tim.o
    0x08003702   0x08003702   0x00000014   Code   RO         1947    i.TIM_ETR_SetConfig  stm32f1xx_hal_tim.o
    0x08003716   0x08003716   0x00000010   Code   RO         1948    i.TIM_ITRx_SetConfig  stm32f1xx_hal_tim.o
    0x08003726   0x08003726   0x00000002   PAD
    0x08003728   0x08003728   0x00000050   Code   RO         1949    i.TIM_OC1_SetConfig  stm32f1xx_hal_tim.o
    0x08003778   0x08003778   0x00000058   Code   RO         1950    i.TIM_OC2_SetConfig  stm32f1xx_hal_tim.o
    0x080037d0   0x080037d0   0x00000058   Code   RO         1951    i.TIM_OC3_SetConfig  stm32f1xx_hal_tim.o
    0x08003828   0x08003828   0x00000044   Code   RO         1952    i.TIM_OC4_SetConfig  stm32f1xx_hal_tim.o
    0x0800386c   0x0800386c   0x0000008c   Code   RO         1953    i.TIM_SlaveTimer_SetConfig  stm32f1xx_hal_tim.o
    0x080038f8   0x080038f8   0x00000022   Code   RO         1954    i.TIM_TI1_ConfigInputStage  stm32f1xx_hal_tim.o
    0x0800391a   0x0800391a   0x00000002   PAD
    0x0800391c   0x0800391c   0x00000058   Code   RO         1955    i.TIM_TI1_SetConfig  stm32f1xx_hal_tim.o
    0x08003974   0x08003974   0x00000024   Code   RO         1956    i.TIM_TI2_ConfigInputStage  stm32f1xx_hal_tim.o
    0x08003998   0x08003998   0x00000036   Code   RO         1957    i.TIM_TI2_SetConfig  stm32f1xx_hal_tim.o
    0x080039ce   0x080039ce   0x00000010   Code   RO         2857    i.UART_DMAAbortOnError  stm32f1xx_hal_uart.o
    0x080039de   0x080039de   0x0000004e   Code   RO         2867    i.UART_EndRxTransfer  stm32f1xx_hal_uart.o
    0x08003a2c   0x08003a2c   0x000000c2   Code   RO         2869    i.UART_Receive_IT   stm32f1xx_hal_uart.o
    0x08003aee   0x08003aee   0x00000002   PAD
    0x08003af0   0x08003af0   0x000000b8   Code   RO         2870    i.UART_SetConfig    stm32f1xx_hal_uart.o
    0x08003ba8   0x08003ba8   0x00000036   Code   RO         2872    i.UART_Start_Receive_IT  stm32f1xx_hal_uart.o
    0x08003bde   0x08003bde   0x00000078   Code   RO         2873    i.UART_WaitOnFlagUntilTimeout  stm32f1xx_hal_uart.o
    0x08003c56   0x08003c56   0x00000002   PAD
    0x08003c58   0x08003c58   0x0000000c   Code   RO          439    i.USART2_IRQHandler  stm32f1xx_it.o
    0x08003c64   0x08003c64   0x00000002   Code   RO          440    i.UsageFault_Handler  stm32f1xx_it.o
    0x08003c66   0x08003c66   0x00000002   PAD
    0x08003c68   0x08003c68   0x00000020   Code   RO         3822    i.__0printf         mc_w.l(printfa.o)
    0x08003c88   0x08003c88   0x00000028   Code   RO         3985    i.__ARM_fpclassify  m_ws.l(fpclassify.o)
    0x08003cb0   0x08003cb0   0x00000020   Code   RO         1354    i.__NVIC_SetPriority  stm32f1xx_hal_cortex.o
    0x08003cd0   0x08003cd0   0x000000aa   Code   RO         3987    i.__kernel_poly     m_ws.l(poly.o)
    0x08003d7a   0x08003d7a   0x00000006   Code   RO         3925    i.__mathlib_dbl_infnan  m_ws.l(dunder.o)
    0x08003d80   0x08003d80   0x00000004   Code   RO         3926    i.__mathlib_dbl_infnan2  m_ws.l(dunder.o)
    0x08003d84   0x08003d84   0x0000000c   Code   RO         3927    i.__mathlib_dbl_invalid  m_ws.l(dunder.o)
    0x08003d90   0x08003d90   0x00000010   Code   RO         3930    i.__mathlib_dbl_underflow  m_ws.l(dunder.o)
    0x08003da0   0x08003da0   0x0000000c   Code   RO         3966    i.__read_errno      mc_w.l(errno.o)
    0x08003dac   0x08003dac   0x0000000e   Code   RO         4008    i.__scatterload_copy  mc_w.l(handlers.o)
    0x08003dba   0x08003dba   0x00000002   Code   RO         4009    i.__scatterload_null  mc_w.l(handlers.o)
    0x08003dbc   0x08003dbc   0x0000000e   Code   RO         4010    i.__scatterload_zeroinit  mc_w.l(handlers.o)
    0x08003dca   0x08003dca   0x00000002   PAD
    0x08003dcc   0x08003dcc   0x0000000c   Code   RO         3967    i.__set_errno       mc_w.l(errno.o)
    0x08003dd8   0x08003dd8   0x0000005c   Code   RO         3394    i._cos              foc_utils.o
    0x08003e34   0x08003e34   0x00000014   Code   RO         3395    i._electricalAngle  foc_utils.o
    0x08003e48   0x08003e48   0x00000184   Code   RO         3829    i._fp_digits        mc_w.l(printfa.o)
    0x08003fcc   0x08003fcc   0x0000000e   Code   RO         3995    i._is_digit         mc_w.l(scanf_fp.o)
    0x08003fda   0x08003fda   0x00000002   PAD
    0x08003fdc   0x08003fdc   0x00000040   Code   RO         3396    i._normalizeAngle   foc_utils.o
    0x0800401c   0x0800401c   0x000006b4   Code   RO         3830    i._printf_core      mc_w.l(printfa.o)
    0x080046d0   0x080046d0   0x00000024   Code   RO         3831    i._printf_post_padding  mc_w.l(printfa.o)
    0x080046f4   0x080046f4   0x0000002e   Code   RO         3832    i._printf_pre_padding  mc_w.l(printfa.o)
    0x08004722   0x08004722   0x00000002   PAD
    0x08004724   0x08004724   0x00000128   Code   RO         3397    i._sin              foc_utils.o
    0x0800484c   0x0800484c   0x00000010   Code   RO         3398    i._sqrtApprox       foc_utils.o
    0x0800485c   0x0800485c   0x000000e8   Code   RO         3337    i.angleOpenloop     bldcmotor.o
    0x08004944   0x08004944   0x00000220   Code   RO         3915    i.atan              m_ws.l(atan.o)
    0x08004b64   0x08004b64   0x0000019c   Code   RO         3559    i.atan2             m_ws.l(atan2.o)
    0x08004d00   0x08004d00   0x0000002a   Code   RO         3567    i.atof              m_ws.l(atof.o)
    0x08004d2a   0x08004d2a   0x00000002   PAD
    0x08004d2c   0x08004d2c   0x00000060   Code   RO            9    i.commander_run     main.o
    0x08004d8c   0x08004d8c   0x00000094   Code   RO         3571    i.fmod              m_ws.l(fmod.o)
    0x08004e20   0x08004e20   0x00000018   Code   RO          373    i.fputc             usart.o
    0x08004e38   0x08004e38   0x00000044   Code   RO         3223    i.getAngle          hall.o
    0x08004e7c   0x08004e7c   0x000000f4   Code   RO         3497    i.getDCCurrent      currentsample.o
    0x08004f70   0x08004f70   0x000000d8   Code   RO         3498    i.getFOCCurrents    currentsample.o
    0x08005048   0x08005048   0x00000084   Code   RO         3499    i.getPhaseCurrents  currentsample.o
    0x080050cc   0x080050cc   0x00000080   Code   RO         3224    i.getVelocity       hall.o
    0x0800514c   0x0800514c   0x0000011c   Code   RO         3338    i.loopFOC           bldcmotor.o
    0x08005268   0x08005268   0x000001c4   Code   RO           10    i.main              main.o
    0x0800542c   0x0800542c   0x000000c0   Code   RO         3339    i.move              bldcmotor.o
    0x080054ec   0x080054ec   0x00000294   Code   RO         3340    i.setPhaseVoltage   bldcmotor.o
    0x08005780   0x08005780   0x00000018   Code   RO         3298    i.shaftVelocity     focmotor.o
    0x08005798   0x08005798   0x00000090   Code   RO         3225    i.updateState       hall.o
    0x08005828   0x08005828   0x00000098   Code   RO         3341    i.velocityOpenloop  bldcmotor.o
    0x080058c0   0x080058c0   0x00000012   Data   RO         1052    .constdata          stm32f1xx_hal_rcc.o
    0x080058d2   0x080058d2   0x00000010   Data   RO         3186    .constdata          system_stm32f1xx.o
    0x080058e2   0x080058e2   0x00000008   Data   RO         3187    .constdata          system_stm32f1xx.o
    0x080058ea   0x080058ea   0x00000008   Data   RO         3226    .constdata          hall.o
    0x080058f2   0x080058f2   0x00000002   PAD
    0x080058f4   0x080058f4   0x00000320   Data   RO         3399    .constdata          foc_utils.o
    0x08005c14   0x08005c14   0x00000004   PAD
    0x08005c18   0x08005c18   0x00000098   Data   RO         3916    .constdata          m_ws.l(atan.o)
    0x08005cb0   0x08005cb0   0x00000008   Data   RO         3938    .constdata          m_ws.l(qnan.o)
    0x08005cb8   0x08005cb8   0x00000040   Data   RO         4002    .constdata          mc_w.l(ctype_c.o)
    0x08005cf8   0x08005cf8   0x00000020   Data   RO         4006    Region$$Table       anon$$obj.o


    Execution Region RW_IRAM1 (Exec base: 0x20000000, Load base: 0x08005d18, Size: 0x000006c8, Max: 0x00005000, ABSOLUTE)

    Exec Addr    Load Addr    Size         Type   Attr      Idx    E Section Name        Object

    0x20000000   0x08005d18   0x00000014   Data   RW           13    .data               main.o
    0x20000014   0x08005d2c   0x00000004   Data   RW          375    .data               usart.o
    0x20000018   0x08005d30   0x0000000c   Data   RW          889    .data               stm32f1xx_hal.o
    0x20000024   0x08005d3c   0x00000004   Data   RW         3188    .data               system_stm32f1xx.o
    0x20000028   0x08005d40   0x0000001c   Data   RW         3227    .data               hall.o
    0x20000044   0x08005d5c   0x00000004   Data   RW         3299    .data               focmotor.o
    0x20000048   0x08005d60   0x00000004   Data   RW         3300    .data               focmotor.o
    0x2000004c   0x08005d64   0x00000004   Data   RW         3301    .data               focmotor.o
    0x20000050   0x08005d68   0x00000004   Data   RW         3302    .data               focmotor.o
    0x20000054   0x08005d6c   0x00000004   Data   RW         3303    .data               focmotor.o
    0x20000058   0x08005d70   0x00000004   Data   RW         3304    .data               focmotor.o
    0x2000005c   0x08005d74   0x00000008   Data   RW         3305    .data               focmotor.o
    0x20000064   0x08005d7c   0x00000008   Data   RW         3306    .data               focmotor.o
    0x2000006c   0x08005d84   0x00000001   Data   RW         3307    .data               focmotor.o
    0x2000006d   0x08005d85   0x00000001   Data   RW         3308    .data               focmotor.o
    0x2000006e   0x08005d86   0x00000002   PAD
    0x20000070   0x08005d88   0x00000018   Data   RW         3342    .data               bldcmotor.o
    0x20000088   0x08005da0   0x00000004   Data   RW         3343    .data               bldcmotor.o
    0x2000008c   0x08005da4   0x00000004   Data   RW         3968    .data               mc_w.l(errno.o)
    0x20000090        -       0x00000034   Zero   RW           11    .bss                main.o
    0x200000c4        -       0x00000074   Zero   RW          252    .bss                adc.o
    0x20000138        -       0x00000090   Zero   RW          320    .bss                tim.o
    0x200001c8        -       0x00000048   Zero   RW          374    .bss                usart.o
    0x20000210        -       0x000000b4   Zero   RW         3449    .bss                pid.o
    0x200002c4   0x08005da8   0x00000004   PAD
    0x200002c8        -       0x00000400   Zero   RW         3174    STACK               startup_stm32f10x_md.o


==============================================================================

Image component sizes


      Code (inc. data)   RO Data    RW Data    ZI Data      Debug   Object Name

       292         34          0          0        116       1779   adc.o
      1520        232          0         28          0       4435   bldcmotor.o
       592         64          0          0          0       2892   currentsample.o
        44          4          0          0          0        742   dma.o
       488         78        800          0          0       3434   foc_utils.o
        24          6          0         42          0       1579   focmotor.o
       172         14          0          0          0        951   gpio.o
       392         50          8         28          0       4207   hall.o
       822        190          0         20         52     477149   main.o
       668         70          0          0        180       3937   pid.o
        28          4        236          0       1024        792   startup_stm32f10x_md.o
       128         24          0         12          0       5249   stm32f1xx_hal.o
      1354         56          0          0          0       9291   stm32f1xx_hal_adc.o
         2          0          0          0          0       1045   stm32f1xx_hal_adc_ex.o
       198         14          0          0          0      28899   stm32f1xx_hal_cortex.o
       808         36          0          0          0       4938   stm32f1xx_hal_dma.o
       500         34          0          0          0       3487   stm32f1xx_hal_gpio.o
        60          8          0          0          0        858   stm32f1xx_hal_msp.o
      1252         90         18          0          0       5508   stm32f1xx_hal_rcc.o
       236         12          0          0          0       1372   stm32f1xx_hal_rcc_ex.o
      2776         90          0          0          0      22939   stm32f1xx_hal_tim.o
       192         12          0          0          0       3153   stm32f1xx_hal_tim_ex.o
      1554         10          0          0          0      10792   stm32f1xx_hal_uart.o
        68         24          0          0          0       5527   stm32f1xx_it.o
         0          0         24          4          0        674   system_stm32f1xx.o
       704         50          0          0        144       3369   tim.o
       208         26          0          4         72       3486   usart.o

    ----------------------------------------------------------------------
     15112       1232       1124        140       1592     612484   Object Totals
         0          0         32          0          0          0   (incl. Generated)
        30          0          6          2          4          0   (incl. Padding)

    ----------------------------------------------------------------------

      Code (inc. data)   RO Data    RW Data    ZI Data      Debug   Library Member Name

       544         70        152          0          0        124   atan.o
       412         38          0          0          0        144   atan2.o
        42          0          0          0          0         84   atof.o
        38          6          0          0          0        272   dunder.o
       148          4          0          0          0         88   fmod.o
        40          0          0          0          0         68   fpclassify.o
       170          0          0          0          0         96   poly.o
         0          0          8          0          0          0   qnan.o
        64          0          0          0          0         84   _sgetc.o
        40          6         64          0          0         68   ctype_c.o
         0          0          0          0          0          0   entry.o
         0          0          0          0          0          0   entry10a.o
         0          0          0          0          0          0   entry11a.o
         4          0          0          0          0          0   entry12b.o
         8          4          0          0          0          0   entry2.o
         4          0          0          0          0          0   entry5.o
         0          0          0          0          0          0   entry7b.o
         0          0          0          0          0          0   entry8b.o
         8          4          0          0          0          0   entry9a.o
        24         12          0          4          0        136   errno.o
        30          0          0          0          0          0   handlers.o
        36          8          0          0          0         68   init.o
        10          0          0          0          0         68   isspace_c.o
         0          0          0          0          0          0   iusefp.o
        30          0          0          0          0         68   llshl.o
        36          0          0          0          0         68   llsshr.o
        32          0          0          0          0         68   llushr.o
        36          0          0          0          0        108   memseta.o
      2218         90          0          0          0        464   printfa.o
       878         12          0          0          0        216   scanf_fp.o
       156         12          0          0          0        120   strtod.o
        44          0          0          0          0         80   uidiv.o
        98          0          0          0          0         92   uldiv.o
        48          0          0          0          0         68   cdcmple.o
        48          0          0          0          0         68   cdrcmple.o
        20          0          0          0          0         68   cfrcmple.o
        56          0          0          0          0         88   d2f.o
       334          0          0          0          0        148   dadd.o
       222          0          0          0          0        100   ddiv.o
       186          0          0          0          0        176   depilogue.o
        62          0          0          0          0         80   dfixi.o
        50          0          0          0          0         76   dfixui.o
        48          0          0          0          0         68   dfixul.o
        34          0          0          0          0         76   dflti.o
        26          0          0          0          0         76   dfltui.o
        24          0          0          0          0         76   dfltul.o
       228          0          0          0          0         96   dmul.o
       134          0          0          0          0         96   drem.o
        46          0          0          0          0         80   dscalb.o
        38          0          0          0          0         68   f2d.o
       176          0          0          0          0        140   fadd.o
       124          0          0          0          0         88   fdiv.o
       110          0          0          0          0        168   fepilogue.o
        40          0          0          0          0         68   ffixui.o
        18          0          0          0          0         68   fflti.o
        10          0          0          0          0         68   ffltui.o
       100          0          0          0          0         76   fmul.o
        24          0          0          0          0         68   fscalb.o

    ----------------------------------------------------------------------
      7372        266        224          4          0       4836   Library Totals
        16          0          0          0          0          0   (incl. Padding)

    ----------------------------------------------------------------------

      Code (inc. data)   RO Data    RW Data    ZI Data      Debug   Library Name

      1394        118        160          0          0        876   m_ws.l
      3756        148         64          4          0       1708   mc_w.l
      2206          0          0          0          0       2252   mf_w.l

    ----------------------------------------------------------------------
      7372        266        224          4          0       4836   Library Totals

    ----------------------------------------------------------------------

==============================================================================


      Code (inc. data)   RO Data    RW Data    ZI Data      Debug   

     22484       1498       1348        144       1592     607644   Grand Totals
     22484       1498       1348        144       1592     607644   ELF Image Totals
     22484       1498       1348        144          0          0   ROM Totals

==============================================================================

    Total RO  Size (Code + RO Data)                23832 (  23.27kB)
    Total RW  Size (RW Data + ZI Data)              1736 (   1.70kB)
    Total ROM Size (Code + RO Data + RW Data)      23976 (  23.41kB)

==============================================================================

